Component: ARM Compiler 5.06 update 4 (build 422) Tool: armlink [4d35d2]

==============================================================================

Section Cross References

    main.o(i.assert_nrf_callback) refers to app_error.o(i.app_error_handler) for app_error_handler
    main.o(i.ble_evt_dispatch) refers to ble_conn_params.o(i.ble_conn_params_on_ble_evt) for ble_conn_params_on_ble_evt
    main.o(i.ble_evt_dispatch) refers to ble_nus.o(i.ble_nus_on_ble_evt) for ble_nus_on_ble_evt
    main.o(i.ble_evt_dispatch) refers to main.o(i.on_ble_evt) for on_ble_evt
    main.o(i.ble_evt_dispatch) refers to ble_advertising.o(i.ble_advertising_on_ble_evt) for ble_advertising_on_ble_evt
    main.o(i.ble_evt_dispatch) refers to main.o(.bss) for .bss
    main.o(i.ble_stack_init) refers to softdevice_handler.o(i.softdevice_handler_init) for softdevice_handler_init
    main.o(i.ble_stack_init) refers to app_error.o(i.app_error_handler_bare) for app_error_handler_bare
    main.o(i.ble_stack_init) refers to softdevice_handler.o(i.softdevice_enable_get_default_config) for softdevice_enable_get_default_config
    main.o(i.ble_stack_init) refers to softdevice_handler.o(i.softdevice_enable) for softdevice_enable
    main.o(i.ble_stack_init) refers to softdevice_handler.o(i.softdevice_ble_evt_handler_set) for softdevice_ble_evt_handler_set
    main.o(i.ble_stack_init) refers to softdevice_handler.o(i.softdevice_sys_evt_handler_set) for softdevice_sys_evt_handler_set
    main.o(i.ble_stack_init) refers to main.o(.constdata) for .constdata
    main.o(i.ble_stack_init) refers to main.o(.bss) for .bss
    main.o(i.ble_stack_init) refers to main.o(i.ble_evt_dispatch) for ble_evt_dispatch
    main.o(i.ble_stack_init) refers to main.o(i.sys_evt_dispatch) for sys_evt_dispatch
    main.o(i.check_flashing) refers to microbit_leds.o(i.start_LEDarray_advertising) for start_LEDarray_advertising
    main.o(i.check_flashing) refers to microbit_leds.o(i.stop_LEDarray_display) for stop_LEDarray_display
    main.o(i.check_flashing) refers to main.o(.data) for .data
    main.o(i.check_sound) refers to sound_buzzer.o(i.buzzer_bluetooth_connection) for buzzer_bluetooth_connection
    main.o(i.check_sound) refers to sound_buzzer.o(i.buzzer_bluetooth_disconnection) for buzzer_bluetooth_disconnection
    main.o(i.check_sound) refers to main.o(i.update_name_disconnect) for update_name_disconnect
    main.o(i.check_sound) refers to main.o(.data) for .data
    main.o(i.conn_params_error_handler) refers to app_error.o(i.app_error_handler_bare) for app_error_handler_bare
    main.o(i.gap_params_init) refers to main.o(i.set_devicename_array) for set_devicename_array
    main.o(i.gap_params_init) refers to strlen.o(.text) for strlen
    main.o(i.gap_params_init) refers to app_error.o(i.app_error_handler_bare) for app_error_handler_bare
    main.o(i.gap_params_init) refers to main.o(.bss) for .bss
    main.o(i.getInitials_fancyName) refers to main.o(i.rude_word_check) for rude_word_check
    main.o(i.getInitials_fancyName) refers to main.o(.constdata) for .constdata
    main.o(i.getInitials_fancyName) refers to main.o(.data) for .data
    main.o(i.init_temp_p_data) refers to main.o(.bss) for .bss
    main.o(i.main) refers to app_timer.o(i.app_timer_init) for app_timer_init
    main.o(i.main) refers to app_error.o(i.app_error_handler_bare) for app_error_handler_bare
    main.o(i.main) refers to buzzer.o(i.init_timer_buzzer) for init_timer_buzzer
    main.o(i.main) refers to main.o(i.init_temp_p_data) for init_temp_p_data
    main.o(i.main) refers to microbit_leds.o(i.init_micro_LEDs) for init_micro_LEDs
    main.o(i.main) refers to uart_spi.o(i.init_broadcast_timer) for init_broadcast_timer
    main.o(i.main) refers to micro_bit_sensors.o(i.init_microbit_sensors) for init_microbit_sensors
    main.o(i.main) refers to spi_master.o(i.SPI_init) for SPI_init
    main.o(i.main) refers to hm_leds_pwm.o(i.LEDS_PWM_init) for LEDS_PWM_init
    main.o(i.main) refers to uart_spi.o(i.check_update_name) for check_update_name
    main.o(i.main) refers to main.o(i.ble_stack_init) for ble_stack_init
    main.o(i.main) refers to main.o(i.gap_params_init) for gap_params_init
    main.o(i.main) refers to ble_nus.o(i.ble_nus_init) for ble_nus_init
    main.o(i.main) refers to memseta.o(.text) for __aeabi_memclr4
    main.o(i.main) refers to ble_advertising.o(i.ble_advertising_init) for ble_advertising_init
    main.o(i.main) refers to ble_conn_params.o(i.ble_conn_params_init) for ble_conn_params_init
    main.o(i.main) refers to main.o(i.getInitials_fancyName) for getInitials_fancyName
    main.o(i.main) refers to f_save.o(i.start_check_update_calibrate) for start_check_update_calibrate
    main.o(i.main) refers to microbit_leds.o(i.start_LEDarray_advertising) for start_LEDarray_advertising
    main.o(i.main) refers to ble_advertising.o(i.ble_advertising_start) for ble_advertising_start
    main.o(i.main) refers to uart_spi.o(i.uart_spi_bridge) for uart_spi_bridge
[...]
    read_temp_mag                            0x2000202c   Data           1  micro_bit_sensors.o(.data)
    offset_z                                 0x2000202e   Data           2  micro_bit_sensors.o(.data)
    offset_x                                 0x20002030   Data           2  micro_bit_sensors.o(.data)
    offset_y                                 0x20002032   Data           2  micro_bit_sensors.o(.data)
    offset                                   0x20002034   Data           6  micro_bit_sensors.o(.data)
    read_axis_mma                            0x20002040   Data           7  micro_bit_sensors.o(.data)
    read_axis_mag                            0x20002047   Data           7  micro_bit_sensors.o(.data)
    .data                                    0x20002050   Section       43  uart_spi.o(.data)
    samd_firmware_version                    0x20002050   Data           1  uart_spi.o(.data)
    count_MB_HB_check                        0x20002052   Data           1  uart_spi.o(.data)
    temp                                     0x20002053   Data           4  uart_spi.o(.data)
    sensor_data_output_sum                   0x20002058   Data           4  uart_spi.o(.data)
    sensor_command                           0x2000205c   Data           5  uart_spi.o(.data)
    temp                                     0x20002061   Data          13  uart_spi.o(.data)
    temp                                     0x2000206e   Data          13  uart_spi.o(.data)
    .data                                    0x2000207c   Section       24  f_save.o(.data)
    fs_callback_flag                         0x2000207c   Data           1  f_save.o(.data)
    flash_data                               0x20002080   Data           4  f_save.o(.data)
    calibrate_pos                            0x20002084   Data           4  f_save.o(.data)
    offset_values                            0x20002088   Data           6  f_save.o(.data)
    offset                                   0x2000208e   Data           6  f_save.o(.data)
    .data                                    0x20002094   Section        8  spi_master.o(.data)
    .data                                    0x2000209c   Section       48  ble_advertising.o(.data)
    m_initialized                            0x2000209c   Data           1  ble_advertising.o(.data)
    m_advertising_start_pending              0x2000209d   Data           1  ble_advertising.o(.data)
    m_adv_evt                                0x2000209e   Data           1  ble_advertising.o(.data)
    m_adv_mode_current                       0x2000209f   Data           1  ble_advertising.o(.data)
    m_peer_addr_reply_expected               0x200020a0   Data           1  ble_advertising.o(.data)
    m_whitelist_temporarily_disabled         0x200020a1   Data           1  ble_advertising.o(.data)
    m_whitelist_reply_expected               0x200020a2   Data           1  ble_advertising.o(.data)
    m_current_slave_link_conn_handle         0x200020a4   Data           2  ble_advertising.o(.data)
    m_slave_conn_int                         0x200020a6   Data           4  ble_advertising.o(.data)
    m_evt_handler                            0x200020ac   Data           4  ble_advertising.o(.data)
    m_error_handler                          0x200020b0   Data           4  ble_advertising.o(.data)
    m_peer_address                           0x200020b4   Data           7  ble_advertising.o(.data)
    m_whitelist                              0x200020bc   Data          16  ble_advertising.o(.data)
    .data                                    0x200020cc   Section       20  ble_conn_params.o(.data)
    m_change_param                           0x200020cc   Data           1  ble_conn_params.o(.data)
    m_update_count                           0x200020cd   Data           1  ble_conn_params.o(.data)
    m_conn_handle                            0x200020ce   Data           2  ble_conn_params.o(.data)
    m_preferred_conn_params                  0x200020d0   Data           8  ble_conn_params.o(.data)
    m_current_conn_params                    0x200020d8   Data           8  ble_conn_params.o(.data)
    .data                                    0x200020e0   Section        8  nrf_drv_ppi.o(.data)
    m_drv_state                              0x200020e0   Data           1  nrf_drv_ppi.o(.data)
    m_groups_allocated                       0x200020e1   Data           1  nrf_drv_ppi.o(.data)
    m_channels_allocated                     0x200020e4   Data           4  nrf_drv_ppi.o(.data)
    .data                                    0x200020e8   Section       32  app_timer.o(.data)
    m_ticks_elapsed_q_read_ind               0x200020e8   Data           1  app_timer.o(.data)
    m_ticks_elapsed_q_write_ind              0x200020e9   Data           1  app_timer.o(.data)
    m_rtc1_running                           0x200020ea   Data           1  app_timer.o(.data)
    m_rtc1_reset                             0x200020eb   Data           1  app_timer.o(.data)
    mp_timer_id_head                         0x200020ec   Data           4  app_timer.o(.data)
    m_ticks_latest                           0x200020f0   Data           4  app_timer.o(.data)
    m_evt_schedule_func                      0x200020f4   Data           4  app_timer.o(.data)
    m_op_queue                               0x200020f8   Data           8  app_timer.o(.data)
    m_ticks_elapsed                          0x20002100   Data           8  app_timer.o(.data)
    .data                                    0x20002108   Section       12  app_util_platform.o(.data)
    m_in_critical_region                     0x20002108   Data           4  app_util_platform.o(.data)
    .data                                    0x20002114   Section        2  fstorage.o(.data)
    m_flags                                  0x20002114   Data           1  fstorage.o(.data)
    m_retry_count                            0x20002115   Data           1  fstorage.o(.data)
    .data                                    0x20002116   Section        9  app_pwm.o(.data)
    m_pwm_busy                               0x20002116   Data           3  app_pwm.o(.data)
    .data                                    0x20002120   Section       20  softdevice_handler.o(.data)
    m_softdevice_enabled                     0x20002120   Data           1  softdevice_handler.o(.data)
    m_suspended                              0x20002121   Data           1  softdevice_handler.o(.data)
    m_ble_evt_buffer_size                    0x20002122   Data           2  softdevice_handler.o(.data)
    m_evt_schedule_func                      0x20002124   Data           4  softdevice_handler.o(.data)
    mp_ble_evt_buffer                        0x20002128   Data           4  softdevice_handler.o(.data)
    m_ble_evt_handler                        0x2000212c   Data           4  softdevice_handler.o(.data)
    m_sys_evt_handler                        0x20002130   Data           4  softdevice_handler.o(.data)
    .data                                    0x20002134   Section        4  system_nrf51.o(.data)
    __tagsym$$used                           0x20002134   Number         0  system_nrf51.o(.data)
    fs_data                                  0x20002138   Section       16  f_save.o(fs_data)
    __tagsym$$used                           0x20002138   Number         0  f_save.o(fs_data)
    fs_config                                0x20002138   Data          16  f_save.o(fs_data)
    .bss                                     0x20002148   Section      659  main.o(.bss)
    BLE_EVT_BUFFER                           0x20002148   Data          72  main.o(.bss)
    APP_TIMER_BUF                            0x20002190   Data         264  main.o(.bss)
    .bss                                     0x200023db   Section       20  main.o(.bss)
    .bss                                     0x200023ef   Section       20  main.o(.bss)
    .bss                                     0x20002404   Section       36  hm_leds_pwm.o(.bss)
    .bss                                     0x20002428   Section       32  buzzer.o(.bss)
    micro_buzzer_data                        0x20002428   Data          32  buzzer.o(.bss)
    .bss                                     0x20002448   Section       36  buzzer.o(.bss)
    .bss                                     0x2000246c   Section       32  microbit_leds.o(.bss)
    micro_LED_timer_id_data                  0x2000246c   Data          32  microbit_leds.o(.bss)
    .bss                                     0x2000248c   Section       32  microbit_leds.o(.bss)
    micro_LED_flash_data                     0x2000248c   Data          32  microbit_leds.o(.bss)
    .bss                                     0x200024ac   Section      430  microbit_leds.o(.bss)
    array_leds_set                           0x200024ac   Data         100  microbit_leds.o(.bss)
    LED_ROW_1                                0x20002510   Data          40  microbit_leds.o(.bss)
    LED_ROW_2                                0x20002538   Data          40  microbit_leds.o(.bss)
    LED_ROW_3                                0x20002560   Data          40  microbit_leds.o(.bss)
    .bss                                     0x2000265a   Section     1838  micro_bit_sensors.o(.bss)
    prev_input_micro_packet                  0x2000265a   Data          19  micro_bit_sensors.o(.bss)
    prev_input_micro_packet                  0x2000266d   Data          19  micro_bit_sensors.o(.bss)
    calibrate_mag                            0x20002680   Data        1800  micro_bit_sensors.o(.bss)
    .bss                                     0x20002d88   Section       32  uart_spi.o(.bss)
    broadcast_timer_id_data                  0x20002d88   Data          32  uart_spi.o(.bss)
    .bss                                     0x20002da8   Section       40  uart_spi.o(.bss)
    current_command                          0x20002da8   Data          20  uart_spi.o(.bss)
    .bss                                     0x20002dd0   Section       12  f_save.o(.bss)
    offset_32                                0x20002dd0   Data          12  f_save.o(.bss)
    .bss                                     0x20002ddc   Section       36  microbit_io_pwm.o(.bss)
    .bss                                     0x20002e00   Section       20  spi_master.o(.bss)
    m_rx_buf                                 0x20002e00   Data          20  spi_master.o(.bss)
    .bss                                     0x20002e14   Section      363  ble_advertising.o(.bss)
    m_adv_modes_config                       0x20002e14   Data          32  ble_advertising.o(.bss)
    m_advdata                                0x20002e34   Data          60  ble_advertising.o(.bss)
    m_manuf_specific_data                    0x20002e70   Data          12  ble_advertising.o(.bss)
    m_manuf_data_array                       0x20002e7c   Data          31  ble_advertising.o(.bss)
    m_service_data                           0x20002e9c   Data          12  ble_advertising.o(.bss)
    m_service_data_array                     0x20002ea8   Data          31  ble_advertising.o(.bss)
    m_whitelist_addrs                        0x20002ec7   Data          56  ble_advertising.o(.bss)
    m_whitelist_irks                         0x20002eff   Data         128  ble_advertising.o(.bss)
    .bss                                     0x20002f80   Section       32  ble_advertising.o(.bss)
    m_p_whitelist_addrs                      0x20002f80   Data          32  ble_advertising.o(.bss)
    .bss                                     0x20002fa0   Section       32  ble_advertising.o(.bss)
    m_p_whitelist_irks                       0x20002fa0   Data          32  ble_advertising.o(.bss)
    .bss                                     0x20002fc0   Section       32  ble_conn_params.o(.bss)
    m_conn_params_timer_id_data              0x20002fc0   Data          32  ble_conn_params.o(.bss)
    .bss                                     0x20002fe0   Section       28  ble_conn_params.o(.bss)
    m_conn_params_config                     0x20002fe0   Data          28  ble_conn_params.o(.bss)
    .bss                                     0x20002ffc   Section       20  nrf_drv_clock.o(.bss)
    m_clock_cb                               0x20002ffc   Data          20  nrf_drv_clock.o(.bss)
    .bss                                     0x20003010   Section       28  nrf_drv_uart.o(.bss)
    m_cb                                     0x20003010   Data          28  nrf_drv_uart.o(.bss)
    .bss                                     0x2000302c   Section       32  nrf_drv_spi.o(.bss)
    m_cb                                     0x2000302c   Data          32  nrf_drv_spi.o(.bss)
    .bss                                     0x2000304c   Section       36  nrf_drv_timer.o(.bss)
    m_cb                                     0x2000304c   Data          36  nrf_drv_timer.o(.bss)
    .bss                                     0x20003070   Section       40  nrf_drv_twi.o(.bss)
    m_cb                                     0x20003070   Data          40  nrf_drv_twi.o(.bss)
    .bss                                     0x20003098   Section       20  nrf_drv_adc.o(.bss)
    m_cb                                     0x20003098   Data          20  nrf_drv_adc.o(.bss)
    .bss                                     0x200030ac   Section       72  nrf_drv_gpiote_1.o(.bss)
    m_cb                                     0x200030ac   Data          72  nrf_drv_gpiote_1.o(.bss)
    .bss                                     0x200030f4   Section      104  fstorage.o(.bss)
    m_queue                                  0x200030f4   Data         104  fstorage.o(.bss)
    .bss                                     0x2000315c   Section       24  app_pwm.o(.bss)
    m_pwm_target_value                       0x2000315c   Data          12  app_pwm.o(.bss)
    m_instances                              0x20003168   Data          12  app_pwm.o(.bss)
    STACK                                    0x20003178   Section     2048  arm_startup_nrf51.o(STACK)

    Global Symbols

    Symbol Name                              Value     Ov Type        Size  Object(Section)

    BuildAttributes$$THM_ISAv3M$S$PE$A:L22$X:L11$S22$IEEE1$IW$USESV6$~STKCKD$USESV7$~SHL$OSPACE$EBA8$MICROLIB$REQ8$PRES8$EABIv2 0x00000000   Number         0  anon$$obj.o ABSOLUTE
    __ARM_use_no_argv                        0x00000000   Number         0  main.o ABSOLUTE
    __cpp_initialize__aeabi_                  - Undefined Weak Reference
    __cxa_finalize                            - Undefined Weak Reference
    _clock_init                               - Undefined Weak Reference
    _microlib_exit                            - Undefined Weak Reference
    __Vectors_Size                           0x000000c0   Number         0  arm_startup_nrf51.o ABSOLUTE
    __Vectors                                0x0001b000   Data           4  arm_startup_nrf51.o(RESET)
    __Vectors_End                            0x0001b0c0   Data           0  arm_startup_nrf51.o(RESET)
    __main                                   0x0001b0c1   Thumb Code     0  entry.o(.ARM.Collect$$$$00000000)
    _main_stk                                0x0001b0c1   Thumb Code     0  entry2.o(.ARM.Collect$$$$00000001)
    _main_scatterload                        0x0001b0c5   Thumb Code     0  entry5.o(.ARM.Collect$$$$00000004)
    __main_after_scatterload                 0x0001b0c9   Thumb Code     0  entry5.o(.ARM.Collect$$$$00000004)
    _main_clock                              0x0001b0c9   Thumb Code     0  entry7b.o(.ARM.Collect$$$$00000008)
    _main_cpp_init                           0x0001b0c9   Thumb Code     0  entry8b.o(.ARM.Collect$$$$0000000A)
    _main_init                               0x0001b0c9   Thumb Code     0  entry9a.o(.ARM.Collect$$$$0000000B)
    __rt_final_cpp                           0x0001b0d1   Thumb Code     0  entry10a.o(.ARM.Collect$$$$0000000D)
    __rt_final_exit                          0x0001b0d1   Thumb Code     0  entry11a.o(.ARM.Collect$$$$0000000F)
    Reset_Handler                            0x0001b0d5   Thumb Code    26  arm_startup_nrf51.o(.text)
    NMI_Handler                              0x0001b0ef   Thumb Code     2  arm_startup_nrf51.o(.text)
    HardFault_Handler                        0x0001b0f1   Thumb Code     2  arm_startup_nrf51.o(.text)
    SVC_Handler                              0x0001b0f3   Thumb Code     2  arm_startup_nrf51.o(.text)
    PendSV_Handler                           0x0001b0f5   Thumb Code     2  arm_startup_nrf51.o(.text)
    SysTick_Handler                          0x0001b0f7   Thumb Code     2  arm_startup_nrf51.o(.text)
    CCM_AAR_IRQHandler                       0x0001b0f9   Thumb Code     0  arm_startup_nrf51.o(.text)
    ECB_IRQHandler                           0x0001b0f9   Thumb Code     0  arm_startup_nrf51.o(.text)
    LPCOMP_IRQHandler                        0x0001b0f9   Thumb Code     0  arm_startup_nrf51.o(.text)
    QDEC_IRQHandler                          0x0001b0f9   Thumb Code     0  arm_startup_nrf51.o(.text)
    RADIO_IRQHandler                         0x0001b0f9   Thumb Code     0  arm_startup_nrf51.o(.text)
    RNG_IRQHandler                           0x0001b0f9   Thumb Code     0  arm_startup_nrf51.o(.text)
    RTC0_IRQHandler                          0x0001b0f9   Thumb Code     0  arm_startup_nrf51.o(.text)
    SWI1_IRQHandler                          0x0001b0f9   Thumb Code     0  arm_startup_nrf51.o(.text)
    SWI3_IRQHandler                          0x0001b0f9   Thumb Code     0  arm_startup_nrf51.o(.text)
    SWI4_IRQHandler                          0x0001b0f9   Thumb Code     0  arm_startup_nrf51.o(.text)
    SWI5_IRQHandler                          0x0001b0f9   Thumb Code     0  arm_startup_nrf51.o(.text)
    TEMP_IRQHandler                          0x0001b0f9   Thumb Code     0  arm_startup_nrf51.o(.text)
    WDT_IRQHandler                           0x0001b0f9   Thumb Code     0  arm_startup_nrf51.o(.text)
    __aeabi_uidiv                            0x0001b10d   Thumb Code     0  uidiv.o(.text)
    __aeabi_uidivmod                         0x0001b10d   Thumb Code    44  uidiv.o(.text)
    __aeabi_uldivmod                         0x0001b139   Thumb Code    96  uldiv.o(.text)
    __aeabi_memcpy                           0x0001b199   Thumb Code    36  memcpya.o(.text)
    __aeabi_memcpy4                          0x0001b199   Thumb Code     0  memcpya.o(.text)
    __aeabi_memcpy8                          0x0001b199   Thumb Code     0  memcpya.o(.text)
    __aeabi_memset                           0x0001b1bd   Thumb Code    14  memseta.o(.text)
    __aeabi_memset4                          0x0001b1bd   Thumb Code     0  memseta.o(.text)
    __aeabi_memset8                          0x0001b1bd   Thumb Code     0  memseta.o(.text)
    __aeabi_memclr                           0x0001b1cb   Thumb Code     4  memseta.o(.text)
    __aeabi_memclr4                          0x0001b1cb   Thumb Code     0  memseta.o(.text)
    __aeabi_memclr8                          0x0001b1cb   Thumb Code     0  memseta.o(.text)
    _memset$wrapper                          0x0001b1cf   Thumb Code    18  memseta.o(.text)
    strlen                                   0x0001b1e1   Thumb Code    14  strlen.o(.text)
    __aeabi_llsl                             0x0001b1ef   Thumb Code    32  llshl.o(.text)
    _ll_shift_l                              0x0001b1ef   Thumb Code     0  llshl.o(.text)
    __aeabi_llsr                             0x0001b20f   Thumb Code    34  llushr.o(.text)
    _ll_ushift_r                             0x0001b20f   Thumb Code     0  llushr.o(.text)
    __scatterload                            0x0001b231   Thumb Code    28  init.o(.text)
    __scatterload_rt2                        0x0001b231   Thumb Code     0  init.o(.text)
    __decompress                             0x0001b255   Thumb Code     0  __dczerorl2.o(.text)
    __decompress1                            0x0001b255   Thumb Code    86  __dczerorl2.o(.text)
    ADC_IRQHandler                           0x0001b2ad   Thumb Code    78  nrf_drv_adc.o(i.ADC_IRQHandler)
    GPIOTE_IRQHandler                        0x0001b30d   Thumb Code   364  nrf_drv_gpiote_1.o(i.GPIOTE_IRQHandler)
    LEDS_PWM_init                            0x0001b485   Thumb Code   110  hm_leds_pwm.o(i.LEDS_PWM_init)
    LED_HB_control                           0x0001b501   Thumb Code    74  hm_leds_pwm.o(i.LED_HB_control)
    LED_micro_control                        0x0001b555   Thumb Code    70  microbit_leds.o(i.LED_micro_control)
    MAG_set_mode                             0x0001b5a9   Thumb Code    46  micro_bit_sensors.o(i.MAG_set_mode)
    MAG_set_mode_ls                          0x0001b5e5   Thumb Code    46  micro_bit_sensors.o(i.MAG_set_mode_ls)
    MMA_set_mode                             0x0001b621   Thumb Code   148  micro_bit_sensors.o(i.MMA_set_mode)
    MMA_set_mode_ls                          0x0001b6dd   Thumb Code    60  micro_bit_sensors.o(i.MMA_set_mode_ls)
    POWER_CLOCK_IRQHandler                   0x0001b76d   Thumb Code    70  nrf_drv_clock.o(i.POWER_CLOCK_IRQHandler)
    PWM1_1LED                                0x0001b7c1   Thumb Code    90  hm_leds_pwm.o(i.PWM1_1LED)
    PWM1_2LEDS                               0x0001b829   Thumb Code   136  hm_leds_pwm.o(i.PWM1_2LEDS)
    PWM2_1LED                                0x0001b8bd   Thumb Code    82  buzzer.o(i.PWM2_1LED)
    PWM_one_LED                              0x0001b91d   Thumb Code     8  microbit_io_pwm.o(i.PWM_one_LED)
    PWM_three_LED                            0x0001b925   Thumb Code    24  microbit_io_pwm.o(i.PWM_three_LED)
    PWM_two_LED                              0x0001b941   Thumb Code     8  microbit_io_pwm.o(i.PWM_two_LED)
    RTC1_IRQHandler                          0x0001b949   Thumb Code    28  app_timer.o(i.RTC1_IRQHandler)
    SPI0_TWI0_IRQHandler                     0x0001b969   Thumb Code    52  nrf_drv_spi.o(i.SPI0_TWI0_IRQHandler)
    SPI1_TWI1_IRQHandler                     0x0001b9a5   Thumb Code    12  nrf_drv_twi.o(i.SPI1_TWI1_IRQHandler)
    SPI_init                                 0x0001b9b9   Thumb Code    48  spi_master.o(i.SPI_init)
    SWI0_IRQHandler                          0x0001b9f5   Thumb Code     8  app_timer.o(i.SWI0_IRQHandler)
    SWI2_IRQHandler                          0x0001b9fd   Thumb Code    28  softdevice_handler.o(i.SWI2_IRQHandler)
    SystemInit                               0x0001ba1d   Thumb Code   130  system_nrf51.o(i.SystemInit)
    TIMER0_IRQHandler                        0x0001babd   Thumb Code    14  nrf_drv_timer.o(i.TIMER0_IRQHandler)
    TIMER1_IRQHandler                        0x0001bad5   Thumb Code    14  nrf_drv_timer.o(i.TIMER1_IRQHandler)
    TIMER2_IRQHandler                        0x0001baed   Thumb Code    14  nrf_drv_timer.o(i.TIMER2_IRQHandler)
    UART0_IRQHandler                         0x0001bb05   Thumb Code    12  nrf_drv_uart.o(i.UART0_IRQHandler)
    __ARM_common_switch8                     0x0001bb19   Thumb Code    26  microbit_leds.o(i.__ARM_common_switch8)
    __scatterload_copy                       0x0001bb33   Thumb Code    14  handlers.o(i.__scatterload_copy)
    __scatterload_null                       0x0001bb41   Thumb Code     2  handlers.o(i.__scatterload_null)
    __scatterload_zeroinit                   0x0001bb43   Thumb Code    14  handlers.o(i.__scatterload_zeroinit)
    adv_data_encode                          0x0001bbcd   Thumb Code   398  ble_advdata.o(i.adv_data_encode)
    app_error_fault_handler                  0x0001bdc5   Thumb Code    18  app_error_weak.o(i.app_error_fault_handler)
    app_error_handler_bare                   0x0001bde1   Thumb Code    20  app_error.o(i.app_error_handler_bare)
    app_pwm1_reset                           0x0001bdf9   Thumb Code    16  hm_leds_pwm.o(i.app_pwm1_reset)
    app_pwm2_reset                           0x0001be0d   Thumb Code    28  buzzer.o(i.app_pwm2_reset)
    app_pwm_busy_check                       0x0001be2d   Thumb Code    52  app_pwm.o(i.app_pwm_busy_check)
    app_pwm_channel_duty_set                 0x0001be69   Thumb Code    32  app_pwm.o(i.app_pwm_channel_duty_set)
    app_pwm_channel_duty_ticks_set           0x0001be89   Thumb Code   174  app_pwm.o(i.app_pwm_channel_duty_ticks_set)
    app_pwm_disable                          0x0001c021   Thumb Code   132  app_pwm.o(i.app_pwm_disable)
    app_pwm_enable                           0x0001c0a9   Thumb Code   116  app_pwm.o(i.app_pwm_enable)
    app_pwm_init                             0x0001c121   Thumb Code   362  app_pwm.o(i.app_pwm_init)
    app_pwm_uninit                           0x0001c2a1   Thumb Code    42  app_pwm.o(i.app_pwm_uninit)
    app_timer_create                         0x0001c2cd   Thumb Code    40  app_timer.o(i.app_timer_create)
    app_timer_init                           0x0001c2f9   Thumb Code    98  app_timer.o(i.app_timer_init)
    app_timer_start                          0x0001c36d   Thumb Code   128  app_timer.o(i.app_timer_start)
    app_timer_stop                           0x0001c3f5   Thumb Code    36  app_timer.o(i.app_timer_stop)
    app_util_critical_region_enter           0x0001c41d   Thumb Code    48  app_util_platform.o(i.app_util_critical_region_enter)
    app_util_critical_region_exit            0x0001c459   Thumb Code    36  app_util_platform.o(i.app_util_critical_region_exit)
    ble_advdata_set                          0x0001c491   Thumb Code   104  ble_advdata.o(i.ble_advdata_set)
    ble_advertising_init                     0x0001c4f9   Thumb Code   340  ble_advertising.o(i.ble_advertising_init)
    ble_advertising_on_ble_evt               0x0001c655   Thumb Code    82  ble_advertising.o(i.ble_advertising_on_ble_evt)
    ble_advertising_start                    0x0001c6ad   Thumb Code   256  ble_advertising.o(i.ble_advertising_start)
    ble_conn_params_init                     0x0001c7b5   Thumb Code    68  ble_conn_params.o(i.ble_conn_params_init)
    ble_conn_params_on_ble_evt               0x0001c809   Thumb Code   130  ble_conn_params.o(i.ble_conn_params_on_ble_evt)
    ble_nus_init                             0x0001c91d   Thumb Code    98  ble_nus.o(i.ble_nus_init)
    ble_nus_on_ble_evt                       0x0001c985   Thumb Code    92  ble_nus.o(i.ble_nus_on_ble_evt)
    ble_nus_string_send                      0x0001c9e1   Thumb Code    78  ble_nus.o(i.ble_nus_string_send)
    ble_srv_is_notification_enabled          0x0001ca35   Thumb Code    14  ble_srv_common.o(i.ble_srv_is_notification_enabled)
    broadcast_start                          0x0001cab5   Thumb Code    36  uart_spi.o(i.broadcast_start)
    broadcast_stop                           0x0001cae5   Thumb Code    30  uart_spi.o(i.broadcast_stop)
    broadcast_timer_handler                  0x0001cb0d   Thumb Code    38  uart_spi.o(i.broadcast_timer_handler)
    buzzer_HB_control                        0x0001cb45   Thumb Code   188  buzzer.o(i.buzzer_HB_control)
    buzzer_bluetooth_connection              0x0001cc19   Thumb Code    62  sound_buzzer.o(i.buzzer_bluetooth_connection)
    buzzer_bluetooth_disconnection           0x0001cc65   Thumb Code    62  sound_buzzer.o(i.buzzer_bluetooth_disconnection)
    calibrate_compass                        0x0001ccb1   Thumb Code   460  micro_bit_sensors.o(i.calibrate_compass)
    change_dutycycle                         0x0001ce91   Thumb Code    32  microbit_io_pwm.o(i.change_dutycycle)
    check_accel_mag                          0x0001cf25   Thumb Code    16  micro_bit_sensors.o(i.check_accel_mag)
    check_calibrate                          0x0001cf35   Thumb Code    22  f_save.o(i.check_calibrate)
    check_flashing                           0x0001cf71   Thumb Code    34  main.o(i.check_flashing)
    check_read_sensor_data_mag               0x0001cf99   Thumb Code    26  micro_bit_sensors.o(i.check_read_sensor_data_mag)
    check_sound                              0x0001cfb9   Thumb Code    46  main.o(i.check_sound)
    check_update_name                        0x0001cfed   Thumb Code    72  uart_spi.o(i.check_update_name)
    check_update_name_disconnect             0x0001d045   Thumb Code    64  uart_spi.o(i.check_update_name_disconnect)
    check_write_offset                       0x0001d095   Thumb Code    34  micro_bit_sensors.o(i.check_write_offset)
    config_adc                               0x0001d18d   Thumb Code    26  microbit_io_pwm.o(i.config_adc)
    convert_ascii                            0x0001d2a5   Thumb Code    14  main.o(i.convert_ascii)
    convert_axis_mma_ls                      0x0001d2b5   Thumb Code    10  micro_bit_sensors.o(i.convert_axis_mma_ls)
    convert_axis_scale                       0x0001d2c5   Thumb Code    56  micro_bit_sensors.o(i.convert_axis_scale)
    find_version                             0x0001d341   Thumb Code     6  micro_bit_sensors.o(i.find_version)
    fs_erase                                 0x0001d34d   Thumb Code   118  fstorage.o(i.fs_erase)
    fs_init                                  0x0001d3d9   Thumb Code   154  fstorage.o(i.fs_init)
    fs_queued_op_count_get                   0x0001d485   Thumb Code    18  fstorage.o(i.fs_queued_op_count_get)
    fs_store                                 0x0001d49d   Thumb Code   128  fstorage.o(i.fs_store)
    fs_sys_event_handler                     0x0001d521   Thumb Code    94  fstorage.o(i.fs_sys_event_handler)
    fstorage_erase                           0x0001d589   Thumb Code    22  f_save.o(i.fstorage_erase)
    fstorage_read                            0x0001d5a9   Thumb Code    16  f_save.o(i.fstorage_read)
    fstorage_write                           0x0001d5c1   Thumb Code    40  f_save.o(i.fstorage_write)
    getInitials_fancyName                    0x0001d63d   Thumb Code   114  main.o(i.getInitials_fancyName)
    get_LEDbitmap                            0x0001d6c1   Thumb Code     8  microbit_leds.o(i.get_LEDbitmap)
    hummingbit_pwm_init                      0x0001d6cd   Thumb Code    12  hm_leds_pwm.o(i.hummingbit_pwm_init)
    init_LEDs_micro                          0x0001d6d9   Thumb Code    74  microbit_leds.o(i.init_LEDs_micro)
    init_broadcast_timer                     0x0001d729   Thumb Code    28  uart_spi.o(i.init_broadcast_timer)
    init_buttons                             0x0001d74d   Thumb Code    20  micro_bit_sensors.o(i.init_buttons)
    init_led_address                         0x0001d761   Thumb Code    32  microbit_leds.o(i.init_led_address)
    init_micro_LEDs                          0x0001d789   Thumb Code    46  microbit_leds.o(i.init_micro_LEDs)
    init_microbit_sensors                    0x0001d7c5   Thumb Code    54  micro_bit_sensors.o(i.init_microbit_sensors)
    init_mma_mag                             0x0001d801   Thumb Code    12  micro_bit_sensors.o(i.init_mma_mag)
    init_mma_mag_ls                          0x0001d80d   Thumb Code    12  micro_bit_sensors.o(i.init_mma_mag_ls)
    init_temp_p_data                         0x0001d819   Thumb Code    20  main.o(i.init_temp_p_data)
    init_timer_buzzer                        0x0001d831   Thumb Code    36  buzzer.o(i.init_timer_buzzer)
    intern_softdevice_events_execute         0x0001d861   Thumb Code   122  softdevice_handler.o(i.intern_softdevice_events_execute)
    main                                     0x0001dbf1   Thumb Code   266  main.o(i.main)
    microbit_io_pwm_main                     0x0001de39   Thumb Code   544  microbit_io_pwm.o(i.microbit_io_pwm_main)
    microbit_pwm_init                        0x0001e065   Thumb Code    80  microbit_io_pwm.o(i.microbit_pwm_init)
    nrf_adc_configure                        0x0001e161   Thumb Code    60  nrf_adc.o(i.nrf_adc_configure)
    nrf_adc_convert_single                   0x0001e1a1   Thumb Code    32  nrf_adc.o(i.nrf_adc_convert_single)
    nrf_drv_adc_uninit                       0x0001e36d   Thumb Code    28  nrf_drv_adc.o(i.nrf_drv_adc_uninit)
    nrf_drv_clock_init                       0x0001e399   Thumb Code    60  nrf_drv_clock.o(i.nrf_drv_clock_init)
    nrf_drv_clock_on_sd_enable               0x0001e3e1   Thumb Code    46  nrf_drv_clock.o(i.nrf_drv_clock_on_sd_enable)
    nrf_drv_clock_on_soc_event               0x0001e415   Thumb Code    12  nrf_drv_clock.o(i.nrf_drv_clock_on_soc_event)
    nrf_drv_common_irq_enable                0x0001e421   Thumb Code    78  nrf_drv_common.o(i.nrf_drv_common_irq_enable)
    nrf_drv_gpiote_init                      0x0001e481   Thumb Code    84  nrf_drv_gpiote_1.o(i.nrf_drv_gpiote_init)
    nrf_drv_gpiote_is_init                   0x0001e4dd   Thumb Code    12  nrf_drv_gpiote_1.o(i.nrf_drv_gpiote_is_init)
    nrf_drv_gpiote_out_init                  0x0001e4ed   Thumb Code   136  nrf_drv_gpiote_1.o(i.nrf_drv_gpiote_out_init)
    nrf_drv_gpiote_out_task_addr_get         0x0001e585   Thumb Code    16  nrf_drv_gpiote_1.o(i.nrf_drv_gpiote_out_task_addr_get)
    nrf_drv_gpiote_out_task_disable          0x0001e599   Thumb Code    24  nrf_drv_gpiote_1.o(i.nrf_drv_gpiote_out_task_disable)
    nrf_drv_gpiote_out_task_enable           0x0001e5b9   Thumb Code    38  nrf_drv_gpiote_1.o(i.nrf_drv_gpiote_out_task_enable)
    nrf_drv_gpiote_out_task_force            0x0001e5e9   Thumb Code    36  nrf_drv_gpiote_1.o(i.nrf_drv_gpiote_out_task_force)
    nrf_drv_gpiote_out_uninit                0x0001e615   Thumb Code    60  nrf_drv_gpiote_1.o(i.nrf_drv_gpiote_out_uninit)
    nrf_drv_ppi_channel_alloc                0x0001e659   Thumb Code    94  nrf_drv_ppi.o(i.nrf_drv_ppi_channel_alloc)
    nrf_drv_ppi_channel_assign               0x0001e6c1   Thumb Code    60  nrf_drv_ppi.o(i.nrf_drv_ppi_channel_assign)
    nrf_drv_ppi_channel_disable              0x0001e701   Thumb Code    54  nrf_drv_ppi.o(i.nrf_drv_ppi_channel_disable)
    nrf_drv_ppi_channel_enable               0x0001e73d   Thumb Code    54  nrf_drv_ppi.o(i.nrf_drv_ppi_channel_enable)
    nrf_drv_ppi_channel_free                 0x0001e779   Thumb Code    56  nrf_drv_ppi.o(i.nrf_drv_ppi_channel_free)
    nrf_drv_ppi_channels_include_in_group    0x0001e7b9   Thumb Code    80  nrf_drv_ppi.o(i.nrf_drv_ppi_channels_include_in_group)
    nrf_drv_ppi_channels_remove_from_group   0x0001e80d   Thumb Code    80  nrf_drv_ppi.o(i.nrf_drv_ppi_channels_remove_from_group)
    nrf_drv_ppi_group_alloc                  0x0001e861   Thumb Code    94  nrf_drv_ppi.o(i.nrf_drv_ppi_group_alloc)
    nrf_drv_ppi_group_enable                 0x0001e8c5   Thumb Code    46  nrf_drv_ppi.o(i.nrf_drv_ppi_group_enable)
    nrf_drv_ppi_group_free                   0x0001e8f9   Thumb Code    72  nrf_drv_ppi.o(i.nrf_drv_ppi_group_free)
    nrf_drv_ppi_init                         0x0001e949   Thumb Code    20  nrf_drv_ppi.o(i.nrf_drv_ppi_init)
    nrf_drv_spi_init                         0x0001e961   Thumb Code   262  nrf_drv_spi.o(i.nrf_drv_spi_init)
    nrf_drv_spi_transfer                     0x0001ea75   Thumb Code    24  nrf_drv_spi.o(i.nrf_drv_spi_transfer)
    nrf_drv_spi_xfer                         0x0001ea8d   Thumb Code   104  nrf_drv_spi.o(i.nrf_drv_spi_xfer)
    nrf_drv_timer_clear                      0x0001eb17   Thumb Code     8  nrf_drv_timer.o(i.nrf_drv_timer_clear)
    nrf_drv_timer_compare                    0x0001eb1f   Thumb Code    42  nrf_drv_timer.o(i.nrf_drv_timer_compare)
    nrf_drv_timer_compare_int_disable        0x0001eb57   Thumb Code    18  nrf_drv_timer.o(i.nrf_drv_timer_compare_int_disable)
    nrf_drv_timer_compare_int_enable         0x0001eb69   Thumb Code    34  nrf_drv_timer.o(i.nrf_drv_timer_compare_int_enable)
    nrf_drv_timer_disable                    0x0001eb8d   Thumb Code    20  nrf_drv_timer.o(i.nrf_drv_timer_disable)
    nrf_drv_timer_enable                     0x0001eba5   Thumb Code    22  nrf_drv_timer.o(i.nrf_drv_timer_enable)
    nrf_drv_timer_extended_compare           0x0001ebc1   Thumb Code    46  nrf_drv_timer.o(i.nrf_drv_timer_extended_compare)
    nrf_drv_timer_init                       0x0001ebf1   Thumb Code   150  nrf_drv_timer.o(i.nrf_drv_timer_init)
    nrf_drv_timer_uninit                     0x0001ec8d   Thumb Code    80  nrf_drv_timer.o(i.nrf_drv_timer_uninit)
    nrf_drv_twi_disable                      0x0001ece5   Thumb Code    52  nrf_drv_twi.o(i.nrf_drv_twi_disable)
    nrf_drv_twi_enable                       0x0001ed1d   Thumb Code    28  nrf_drv_twi.o(i.nrf_drv_twi_enable)
    nrf_drv_twi_init                         0x0001ed3d   Thumb Code   124  nrf_drv_twi.o(i.nrf_drv_twi_init)
    nrf_drv_twi_rx                           0x0001edc5   Thumb Code    30  nrf_drv_twi.o(i.nrf_drv_twi_rx)
    nrf_drv_twi_tx                           0x0001ede9   Thumb Code    36  nrf_drv_twi.o(i.nrf_drv_twi_tx)
    nrf_drv_twi_uninit                       0x0001ee0d   Thumb Code    86  nrf_drv_twi.o(i.nrf_drv_twi_uninit)
    nrf_drv_twi_xfer                         0x0001ee75   Thumb Code    36  nrf_drv_twi.o(i.nrf_drv_twi_xfer)
    pin_default                              0x0001f1e1   Thumb Code    18  microbit_io_pwm.o(i.pin_default)
    pwm1_change_dutycycle                    0x0001f211   Thumb Code    44  hm_leds_pwm.o(i.pwm1_change_dutycycle)
    pwm1_ready_callback                      0x0001f245   Thumb Code     8  hm_leds_pwm.o(i.pwm1_ready_callback)
    pwm2_change_dutycycle                    0x0001f251   Thumb Code    48  buzzer.o(i.pwm2_change_dutycycle)
    pwm2_ready_callback                      0x0001f289   Thumb Code     8  buzzer.o(i.pwm2_ready_callback)
    pwm_ready_tick                           0x0001f341   Thumb Code    78  app_pwm.o(i.pwm_ready_tick)
    read_buttons                             0x0001f7f1   Thumb Code    78  micro_bit_sensors.o(i.read_buttons)
    read_calib_values                        0x0001f84d   Thumb Code    32  f_save.o(i.read_calib_values)
    read_data_packet                         0x0001f871   Thumb Code    38  micro_bit_sensors.o(i.read_data_packet)
    read_firmware_SAMD                       0x0001f89d   Thumb Code    48  uart_spi.o(i.read_firmware_SAMD)
    read_mag_packet                          0x0001f8d5   Thumb Code    62  micro_bit_sensors.o(i.read_mag_packet)
    read_mag_packet_ls                       0x0001f921   Thumb Code    28  micro_bit_sensors.o(i.read_mag_packet_ls)
    read_mma_packet                          0x0001f945   Thumb Code    84  micro_bit_sensors.o(i.read_mma_packet)
    read_mma_packet_ls                       0x0001f9a5   Thumb Code    46  micro_bit_sensors.o(i.read_mma_packet_ls)
    read_sensor_HB                           0x0001f9dd   Thumb Code    18  spi_master.o(i.read_sensor_HB)
    read_sensor_MB                           0x0001f9f9   Thumb Code    22  spi_master.o(i.read_sensor_MB)
    read_sensors                             0x0001fc35   Thumb Code    72  microbit_io_pwm.o(i.read_sensors)
    read_verify_offset_mag                   0x0001fc89   Thumb Code    82  micro_bit_sensors.o(i.read_verify_offset_mag)
    read_verify_offset_mag_ls                0x0001fce9   Thumb Code    82  micro_bit_sensors.o(i.read_verify_offset_mag_ls)
    reset_PWM                                0x0001fe4d   Thumb Code    18  microbit_io_pwm.o(i.reset_PWM)
    rude_word_check                          0x0001feed   Thumb Code    54  main.o(i.rude_word_check)
    send_I2C_acc                             0x00020089   Thumb Code    38  micro_bit_sensors.o(i.send_I2C_acc)
    send_I2C_acc_ls                          0x000200b9   Thumb Code    44  micro_bit_sensors.o(i.send_I2C_acc_ls)
    send_I2C_mag                             0x000200ed   Thumb Code    38  micro_bit_sensors.o(i.send_I2C_mag)
    send_I2C_mag_ls                          0x0002011d   Thumb Code    38  micro_bit_sensors.o(i.send_I2C_mag_ls)
    set_all_led_micro                        0x000202d1   Thumb Code   316  microbit_leds.o(i.set_all_led_micro)
    set_devicename_array                     0x0002041d   Thumb Code   102  main.o(i.set_devicename_array)
    set_interrupt_pins_mag                   0x0002048d   Thumb Code    12  micro_bit_sensors.o(i.set_interrupt_pins_mag)
    set_interrupt_pins_mag_ls                0x00020499   Thumb Code    12  micro_bit_sensors.o(i.set_interrupt_pins_mag_ls)
    set_interrupt_pins_mma                   0x000204a5   Thumb Code    20  micro_bit_sensors.o(i.set_interrupt_pins_mma)
    set_interrupt_pins_mma_ls                0x000204b9   Thumb Code    12  micro_bit_sensors.o(i.set_interrupt_pins_mma_ls)
    softdevice_ble_evt_handler_set           0x000204c5   Thumb Code    16  softdevice_handler.o(i.softdevice_ble_evt_handler_set)
    softdevice_enable                        0x000204d9   Thumb Code    14  softdevice_handler.o(i.softdevice_enable)
    softdevice_enable_get_default_config     0x000204ed   Thumb Code    40  softdevice_handler.o(i.softdevice_enable_get_default_config)
    softdevice_fault_handler                 0x00020515   Thumb Code     8  softdevice_handler.o(i.softdevice_fault_handler)
    softdevice_handler_init                  0x0002051d   Thumb Code    74  softdevice_handler.o(i.softdevice_handler_init)
    softdevice_handler_is_enabled            0x00020575   Thumb Code     6  softdevice_handler.o(i.softdevice_handler_is_enabled)
    softdevice_sys_evt_handler_set           0x00020581   Thumb Code    16  softdevice_handler.o(i.softdevice_sys_evt_handler_set)
    spi_event_handler                        0x00020595   Thumb Code     8  spi_master.o(i.spi_event_handler)
    start_LEDarray_advertising               0x0002062d   Thumb Code    44  microbit_leds.o(i.start_LEDarray_advertising)
    start_check_update_calibrate             0x00020669   Thumb Code    52  f_save.o(i.start_check_update_calibrate)
    start_flashing_string                    0x000206a1   Thumb Code    14  microbit_leds.o(i.start_flashing_string)
    start_flashing_timer                     0x000206b5   Thumb Code    30  microbit_leds.o(i.start_flashing_timer)
    stop_LEDarray_display                    0x000206e1   Thumb Code    54  microbit_leds.o(i.stop_LEDarray_display)
    stop_flashing_timer                      0x00020729   Thumb Code    18  microbit_leds.o(i.stop_flashing_timer)
    switch_off_leds                          0x00020745   Thumb Code    38  microbit_leds.o(i.switch_off_leds)
    transfer_data                            0x0002096d   Thumb Code    36  spi_master.o(i.transfer_data)
    twi_handler                              0x00020a35   Thumb Code    14  micro_bit_sensors.o(i.twi_handler)
    twi_init                                 0x00020a49   Thumb Code    42  micro_bit_sensors.o(i.twi_init)
    uart_spi_bridge                          0x00020f7d   Thumb Code   738  uart_spi.o(i.uart_spi_bridge)
    update_flash_array                       0x000212a5   Thumb Code    58  microbit_leds.o(i.update_flash_array)
    update_name_disconnect                   0x000212e9   Thumb Code    26  main.o(i.update_name_disconnect)
    verify_data_packet                       0x00021479   Thumb Code    38  micro_bit_sensors.o(i.verify_data_packet)
    write_calib_values                       0x000214bd   Thumb Code    82  f_save.o(i.write_calib_values)
    write_offset                             0x00021519   Thumb Code   108  micro_bit_sensors.o(i.write_offset)
    write_offset_ls                          0x00021599   Thumb Code    72  micro_bit_sensors.o(i.write_offset_ls)
    m_pwm_PWM1_timer                         0x00021dc0   Data           8  hm_leds_pwm.o(.constdata)
    PWM1                                     0x00021dc8   Data           8  hm_leds_pwm.o(.constdata)
    PWM2                                     0x00021e10   Data           8  buzzer.o(.constdata)
    m_pwm_PWM2_timer                         0x00021e40   Data           8  buzzer.o(.constdata)
    Region$$Table$$Base                      0x00022108   Number         0  anon$$obj.o(Region$$Table)
    Region$$Table$$Limit                     0x00022128   Number         0  anon$$obj.o(Region$$Table)
    Image$$RW_IRAM1$$Base                    0x20001fe8   Number         0  anon$$obj.o ABSOLUTE
    tail_pointer                             0x20001fe8   Data           1  main.o(.data)
    head_pointer                             0x20001fe9   Data           1  main.o(.data)
    start_advertising_flashing               0x20001fea   Data           1  main.o(.data)
    stop_advertising_flashing                0x20001feb   Data           1  main.o(.data)
    sound_effect                             0x20001fec   Data           1  main.o(.data)
    prev_state                               0x20001fed   Data           1  main.o(.data)
    INITIAL_NAME                             0x20001fee   Data           2  main.o(.data)
    transmit_length                          0x20001ff2   Data           2  main.o(.data)
    LED_value                                0x20001ff8   Data           4  main.o(.data)
    initials_name                            0x20001ffc   Data           4  main.o(.data)
    broadcast_flag                           0x20002000   Data           1  main.o(.data)
    spi_xfer_done                            0x20002001   Data           1  main.o(.data)
    app_selected                             0x20002002   Data           1  main.o(.data)
    LED_array_enable                         0x20002003   Data           1  main.o(.data)
    flash_mb                                 0x20002004   Data           1  main.o(.data)
    buzzer_progress                          0x20002005   Data           1  main.o(.data)
    length_flash                             0x2000200b   Data           1  microbit_leds.o(.data)
    read_offset_mag                          0x2000203a   Data           6  micro_bit_sensors.o(.data)
    sensor_data_ready                        0x20002051   Data           1  uart_spi.o(.data)
    spi                                      0x20002094   Data           8  spi_master.o(.data)
    nrf_nvic_state                           0x2000210c   Data           8  app_util_platform.o(.data)
    m_pwm_ready_counter                      0x20002119   Data           6  app_pwm.o(.data)
    SystemCoreClock                          0x20002134   Data           4  system_nrf51.o(.data)
    fs_data$$Base                            0x20002138   Number         0  f_save.o(fs_data)
    fs_data$$Limit                           0x20002148   Number         0  f_save.o(fs_data)
    m_nus                                    0x20002298   Data          28  main.o(.bss)
    DEVICE_NAME                              0x200022b4   Data          20  main.o(.bss)
    temp_p_data                              0x200022c8   Data          20  main.o(.bss)
    buffer_data                              0x200022dc   Data         255  main.o(.bss)
    sensor_outputs                           0x200023db   Data          20  main.o(.bss)
    input_micro_packet                       0x200023ef   Data          20  main.o(.bss)
    m_pwm_PWM1_cb                            0x20002404   Data          36  hm_leds_pwm.o(.bss)
    m_pwm_PWM2_cb                            0x20002448   Data          36  buzzer.o(.bss)
    current_flash_bitmap                     0x20002588   Data         160  microbit_leds.o(.bss)
    LED_ARRAY                                0x20002628   Data          50  microbit_leds.o(.bss)
    flash_data                               0x20002dbc   Data          20  uart_spi.o(.bss)
    MB_pin                                   0x20002ddc   Data          36  microbit_io_pwm.o(.bss)
    __initial_sp                             0x20003978   Data           0  arm_startup_nrf51.o(STACK)



==============================================================================

Memory Map of the image

  Image Entry point : 0x0001b0c1

  Load Region LR_IROM1 (Base: 0x0001b000, Size: 0x00007288, Max: 0x00025000, ABSOLUTE, COMPRESSED[0x0000716c])

    Execution Region ER_IROM1 (Base: 0x0001b000, Size: 0x00007128, Max: 0x00025000, ABSOLUTE)

    Base Addr    Size         Type   Attr      Idx    E Section Name        Object

    0x0001b000   0x000000c0   Data   RO         4392    RESET               arm_startup_nrf51.o
    0x0001b0c0   0x00000000   Code   RO         4434  * .ARM.Collect$$$$00000000  mc_p.l(entry.o)
    0x0001b0c0   0x00000004   Code   RO         4451    .ARM.Collect$$$$00000001  mc_p.l(entry2.o)
    0x0001b0c4   0x00000004   Code   RO         4454    .ARM.Collect$$$$00000004  mc_p.l(entry5.o)
    0x0001b0c8   0x00000000   Code   RO         4456    .ARM.Collect$$$$00000008  mc_p.l(entry7b.o)
    0x0001b0c8   0x00000000   Code   RO         4458    .ARM.Collect$$$$0000000A  mc_p.l(entry8b.o)
    0x0001b0c8   0x00000008   Code   RO         4459    .ARM.Collect$$$$0000000B  mc_p.l(entry9a.o)
    0x0001b0d0   0x00000000   Code   RO         4461    .ARM.Collect$$$$0000000D  mc_p.l(entry10a.o)
    0x0001b0d0   0x00000000   Code   RO         4463    .ARM.Collect$$$$0000000F  mc_p.l(entry11a.o)
    0x0001b0d0   0x00000004   Code   RO         4452    .ARM.Collect$$$$00002712  mc_p.l(entry2.o)
    0x0001b0d4   0x00000038   Code   RO         4393    .text               arm_startup_nrf51.o
    0x0001b10c   0x0000002c   Code   RO         4437    .text               mc_p.l(uidiv.o)
    0x0001b138   0x00000060   Code   RO         4439    .text               mc_p.l(uldiv.o)
    0x0001b198   0x00000024   Code   RO         4441    .text               mc_p.l(memcpya.o)
    0x0001b1bc   0x00000024   Code   RO         4443    .text               mc_p.l(memseta.o)
    0x0001b1e0   0x0000000e   Code   RO         4445    .text               mc_p.l(strlen.o)
    0x0001b1ee   0x00000020   Code   RO         4465    .text               mc_p.l(llshl.o)
    0x0001b20e   0x00000022   Code   RO         4467    .text               mc_p.l(llushr.o)
    0x0001b230   0x00000024   Code   RO         4469    .text               mc_p.l(init.o)
    0x0001b254   0x00000056   Code   RO         4479    .text               mc_p.l(__dczerorl2.o)
    0x0001b2aa   0x00000002   PAD
    0x0001b2ac   0x00000060   Code   RO         2965    i.ADC_IRQHandler    nrf_drv_adc.o
    0x0001b30c   0x00000178   Code   RO         3086    i.GPIOTE_IRQHandler  nrf_drv_gpiote_1.o
    0x0001b484   0x0000007c   Code   RO          402    i.LEDS_PWM_init     hm_leds_pwm.o
    0x0001b500   0x00000054   Code   RO          403    i.LED_HB_control    hm_leds_pwm.o
    0x0001b554   0x00000054   Code   RO          577    i.LED_micro_control  microbit_leds.o
    0x0001b5a8   0x0000003c   Code   RO          723    i.MAG_set_mode      micro_bit_sensors.o
    0x0001b5e4   0x0000003c   Code   RO          724    i.MAG_set_mode_ls   micro_bit_sensors.o
    0x0001b620   0x000000bc   Code   RO          725    i.MMA_set_mode      micro_bit_sensors.o
    0x0001b6dc   0x0000004c   Code   RO          726    i.MMA_set_mode_ls   micro_bit_sensors.o
    0x0001b728   0x00000044   Code   RO         3481    i.NVIC_SetPriority  app_timer.o
    0x0001b76c   0x00000054   Code   RO         1972    i.POWER_CLOCK_IRQHandler  nrf_drv_clock.o
    0x0001b7c0   0x00000068   Code   RO          404    i.PWM1_1LED         hm_leds_pwm.o
    0x0001b828   0x00000094   Code   RO          405    i.PWM1_2LEDS        hm_leds_pwm.o
    0x0001b8bc   0x00000060   Code   RO          494    i.PWM2_1LED         buzzer.o
    0x0001b91c   0x00000008   Code   RO         1219    i.PWM_one_LED       microbit_io_pwm.o
    0x0001b924   0x0000001c   Code   RO         1220    i.PWM_three_LED     microbit_io_pwm.o
    0x0001b940   0x00000008   Code   RO         1221    i.PWM_two_LED       microbit_io_pwm.o
    0x0001b948   0x00000020   Code   RO         3482    i.RTC1_IRQHandler   app_timer.o
    0x0001b968   0x0000003c   Code   RO         2351    i.SPI0_TWI0_IRQHandler  nrf_drv_spi.o
    0x0001b9a4   0x00000014   Code   RO         2815    i.SPI1_TWI1_IRQHandler  nrf_drv_twi.o
    0x0001b9b8   0x0000003c   Code   RO         1590    i.SPI_init          spi_master.o
    0x0001b9f4   0x00000008   Code   RO         3483    i.SWI0_IRQHandler   app_timer.o
    0x0001b9fc   0x00000020   Code   RO         4262    i.SWI2_IRQHandler   softdevice_handler.o
    0x0001ba1c   0x000000a0   Code   RO         4400    i.SystemInit        system_nrf51.o
    0x0001babc   0x00000018   Code   RO         2542    i.TIMER0_IRQHandler  nrf_drv_timer.o
    0x0001bad4   0x00000018   Code   RO         2543    i.TIMER1_IRQHandler  nrf_drv_timer.o
    0x0001baec   0x00000018   Code   RO         2544    i.TIMER2_IRQHandler  nrf_drv_timer.o
    0x0001bb04   0x00000014   Code   RO         2174    i.UART0_IRQHandler  nrf_drv_uart.o
    0x0001bb18   0x0000001a   Code   RO          698    i.__ARM_common_switch8  microbit_leds.o
    0x0001bb32   0x0000000e   Code   RO         4473    i.__scatterload_copy  mc_p.l(handlers.o)
    0x0001bb40   0x00000002   Code   RO         4474    i.__scatterload_null  mc_p.l(handlers.o)
    0x0001bb42   0x0000000e   Code   RO         4475    i.__scatterload_zeroinit  mc_p.l(handlers.o)
    0x0001bb50   0x0000001c   Code   RO         4263    i.__sd_nvic_app_accessible_irq  softdevice_handler.o
    0x0001bb6c   0x00000060   Code   RO         2966    i.adc_sample_process  nrf_drv_adc.o
    0x0001bbcc   0x0000018e   Code   RO         1656    i.adv_data_encode   ble_advdata.o
    0x0001bd5a   0x00000002   PAD
    0x0001bd5c   0x00000068   Code   RO         1729    i.adv_mode_next_avail_get  ble_advertising.o
    0x0001bdc4   0x0000001c   Code   RO         3389    i.app_error_fault_handler  app_error_weak.o
    0x0001bde0   0x00000018   Code   RO         3354    i.app_error_handler_bare  app_error.o
    0x0001bdf8   0x00000014   Code   RO          406    i.app_pwm1_reset    hm_leds_pwm.o
    0x0001be0c   0x00000020   Code   RO          495    i.app_pwm2_reset    buzzer.o
    0x0001be2c   0x0000003c   Code   RO         3910    i.app_pwm_busy_check  app_pwm.o
    0x0001be68   0x00000020   Code   RO         3913    i.app_pwm_channel_duty_set  app_pwm.o
    0x0001be88   0x000000b4   Code   RO         3915    i.app_pwm_channel_duty_ticks_set  app_pwm.o
    0x0001bf3c   0x000000e4   Code   RO         3916    i.app_pwm_channel_init  app_pwm.o
    0x0001c020   0x00000088   Code   RO         3918    i.app_pwm_disable   app_pwm.o
    0x0001c0a8   0x00000078   Code   RO         3919    i.app_pwm_enable    app_pwm.o
    0x0001c120   0x00000180   Code   RO         3920    i.app_pwm_init      app_pwm.o
    0x0001c2a0   0x0000002a   Code   RO         3921    i.app_pwm_uninit    app_pwm.o
    0x0001c2ca   0x00000002   PAD
    0x0001c2cc   0x0000002c   Code   RO         3486    i.app_timer_create  app_timer.o
    0x0001c2f8   0x00000074   Code   RO         3487    i.app_timer_init    app_timer.o
    0x0001c36c   0x00000088   Code   RO         3488    i.app_timer_start   app_timer.o
    0x0001c3f4   0x00000028   Code   RO         3489    i.app_timer_stop    app_timer.o
    0x0001c41c   0x0000003c   Code   RO         3682    i.app_util_critical_region_enter  app_util_platform.o
    0x0001c458   0x0000002c   Code   RO         3683    i.app_util_critical_region_exit  app_util_platform.o
    0x0001c484   0x0000000c   Code   RO         2665    i.are_app_channels  nrf_drv_ppi.o
    0x0001c490   0x00000068   Code   RO         1657    i.ble_advdata_set   ble_advdata.o
    0x0001c4f8   0x0000015c   Code   RO         1730    i.ble_advertising_init  ble_advertising.o
    0x0001c654   0x00000058   Code   RO         1731    i.ble_advertising_on_ble_evt  ble_advertising.o
    0x0001c6ac   0x00000108   Code   RO         1735    i.ble_advertising_start  ble_advertising.o
    0x0001c7b4   0x00000054   Code   RO         1817    i.ble_conn_params_init  ble_conn_params.o
    0x0001c808   0x00000090   Code   RO         1818    i.ble_conn_params_on_ble_evt  ble_conn_params.o
    0x0001c898   0x0000005e   Code   RO         1658    i.ble_device_addr_encode  ble_advdata.o
    0x0001c8f6   0x00000002   PAD
    0x0001c8f8   0x00000024   Code   RO            4    i.ble_evt_dispatch  main.o
    0x0001c91c   0x00000068   Code   RO         1929    i.ble_nus_init      ble_nus.o
    0x0001c984   0x0000005c   Code   RO         1930    i.ble_nus_on_ble_evt  ble_nus.o
    0x0001c9e0   0x00000054   Code   RO         1931    i.ble_nus_string_send  ble_nus.o
    0x0001ca34   0x0000000e   Code   RO         1876    i.ble_srv_is_notification_enabled  ble_srv_common.o
    0x0001ca42   0x00000002   PAD
    0x0001ca44   0x00000070   Code   RO            5    i.ble_stack_init    main.o
    0x0001cab4   0x00000030   Code   RO         1017    i.broadcast_start   uart_spi.o
    0x0001cae4   0x00000028   Code   RO         1018    i.broadcast_stop    uart_spi.o
    0x0001cb0c   0x00000038   Code   RO         1019    i.broadcast_timer_handler  uart_spi.o
    0x0001cb44   0x000000d4   Code   RO          496    i.buzzer_HB_control  buzzer.o
    0x0001cc18   0x0000004c   Code   RO         1112    i.buzzer_bluetooth_connection  sound_buzzer.o
    0x0001cc64   0x0000004c   Code   RO         1113    i.buzzer_bluetooth_disconnection  sound_buzzer.o
    0x0001ccb0   0x000001e0   Code   RO          727    i.calibrate_compass  micro_bit_sensors.o
    0x0001ce90   0x00000020   Code   RO         1222    i.change_dutycycle  microbit_io_pwm.o
    0x0001ceb0   0x0000001c   Code   RO         3087    i.channel_free      nrf_drv_gpiote_1.o
    0x0001cecc   0x00000048   Code   RO         3088    i.channel_port_alloc  nrf_drv_gpiote_1.o
    0x0001cf14   0x00000010   Code   RO         3089    i.channel_port_get  nrf_drv_gpiote_1.o
    0x0001cf24   0x00000010   Code   RO          728    i.check_accel_mag   micro_bit_sensors.o
    0x0001cf34   0x0000001c   Code   RO         1143    i.check_calibrate   f_save.o
    0x0001cf50   0x00000020   Code   RO         3729    i.check_config      fstorage.o
    0x0001cf70   0x00000028   Code   RO            6    i.check_flashing    main.o
    0x0001cf98   0x00000020   Code   RO          729    i.check_read_sensor_data_mag  micro_bit_sensors.o
    0x0001cfb8   0x00000034   Code   RO            7    i.check_sound       main.o
    0x0001cfec   0x00000058   Code   RO         1020    i.check_update_name  uart_spi.o
    0x0001d044   0x00000050   Code   RO         1021    i.check_update_name_disconnect  uart_spi.o
    0x0001d094   0x00000028   Code   RO          730    i.check_write_offset  micro_bit_sensors.o
    0x0001d0bc   0x00000028   Code   RO         1973    i.clock_clk_started_notify  nrf_drv_clock.o
    0x0001d0e4   0x000000a8   Code   RO         3491    i.compare_reg_update  app_timer.o
    0x0001d18c   0x00000020   Code   RO         1223    i.config_adc        microbit_io_pwm.o
    0x0001d1ac   0x00000088   Code   RO         1659    i.conn_int_encode   ble_advdata.o
    0x0001d234   0x00000008   Code   RO            8    i.conn_params_error_handler  main.o
    0x0001d23c   0x00000068   Code   RO         1820    i.conn_params_negotiation  ble_conn_params.o
    0x0001d2a4   0x0000000e   Code   RO            9    i.convert_ascii     main.o
    0x0001d2b2   0x00000002   PAD
    0x0001d2b4   0x00000010   Code   RO          731    i.convert_axis_mma_ls  micro_bit_sensors.o
    0x0001d2c4   0x0000003c   Code   RO          732    i.convert_axis_scale  micro_bit_sensors.o
    0x0001d300   0x00000040   Code   RO         3492    i.elapsed_ticks_acquire  app_timer.o
    0x0001d340   0x0000000c   Code   RO          733    i.find_version      micro_bit_sensors.o
    0x0001d34c   0x0000007c   Code   RO         3730    i.fs_erase          fstorage.o
    0x0001d3c8   0x00000010   Code   RO         1144    i.fs_evt_handler    f_save.o
    0x0001d3d8   0x000000ac   Code   RO         3732    i.fs_init           fstorage.o
    0x0001d484   0x00000018   Code   RO         3735    i.fs_queued_op_count_get  fstorage.o
    0x0001d49c   0x00000084   Code   RO         3736    i.fs_store          fstorage.o
    0x0001d520   0x00000068   Code   RO         3737    i.fs_sys_event_handler  fstorage.o
    0x0001d588   0x00000020   Code   RO         1145    i.fstorage_erase    f_save.o
    0x0001d5a8   0x00000018   Code   RO         1146    i.fstorage_read     f_save.o
    0x0001d5c0   0x00000030   Code   RO         1147    i.fstorage_write    f_save.o
    0x0001d5f0   0x0000004c   Code   RO           10    i.gap_params_init   main.o
    0x0001d63c   0x00000084   Code   RO           11    i.getInitials_fancyName  main.o
    0x0001d6c0   0x0000000c   Code   RO          579    i.get_LEDbitmap     microbit_leds.o
    0x0001d6cc   0x0000000c   Code   RO          407    i.hummingbit_pwm_init  hm_leds_pwm.o
    0x0001d6d8   0x00000050   Code   RO          580    i.init_LEDs_micro   microbit_leds.o
    0x0001d728   0x00000024   Code   RO         1022    i.init_broadcast_timer  uart_spi.o
    0x0001d74c   0x00000014   Code   RO          734    i.init_buttons      micro_bit_sensors.o
    0x0001d760   0x00000028   Code   RO          581    i.init_led_address  microbit_leds.o
    0x0001d788   0x0000003c   Code   RO          582    i.init_micro_LEDs   microbit_leds.o
    0x0001d7c4   0x0000003c   Code   RO          735    i.init_microbit_sensors  micro_bit_sensors.o
    0x0001d800   0x0000000c   Code   RO          736    i.init_mma_mag      micro_bit_sensors.o
    0x0001d80c   0x0000000c   Code   RO          737    i.init_mma_mag_ls   micro_bit_sensors.o
    0x0001d818   0x00000018   Code   RO           12    i.init_temp_p_data  main.o
    0x0001d830   0x00000030   Code   RO          497    i.init_timer_buzzer  buzzer.o
    0x0001d860   0x00000080   Code   RO         4264    i.intern_softdevice_events_execute  softdevice_handler.o
    0x0001d8e0   0x00000040   Code   RO         2545    i.irq_handler       nrf_drv_timer.o
    0x0001d920   0x000000ac   Code   RO         2816    i.irq_handler_twi   nrf_drv_twi.o
    0x0001d9cc   0x00000018   Code   RO         2666    i.is_allocated_channel  nrf_drv_ppi.o
    0x0001d9e4   0x00000018   Code   RO         2667    i.is_allocated_group  nrf_drv_ppi.o
    0x0001d9fc   0x0000000e   Code   RO         2668    i.is_app_channel    nrf_drv_ppi.o
    0x0001da0a   0x0000000c   Code   RO         2669    i.is_app_group      nrf_drv_ppi.o
    0x0001da16   0x00000002   PAD
    0x0001da18   0x0000001c   Code   RO         1821    i.is_conn_params_ok  ble_conn_params.o
    0x0001da34   0x00000048   Code   RO         4401    i.is_manual_peripheral_setup_needed  system_nrf51.o
    0x0001da7c   0x0000000c   Code   RO         2670    i.is_programmable_app_channel  nrf_drv_ppi.o
    0x0001da88   0x000000ac   Code   RO         3493    i.list_deletions_handler  app_timer.o
    0x0001db34   0x000000bc   Code   RO         3494    i.list_insertions_handler  app_timer.o
    0x0001dbf0   0x0000012c   Code   RO           13    i.main              main.o
    0x0001dd1c   0x00000068   Code   RO         1660    i.manuf_specific_data_encode  ble_advdata.o
    0x0001dd84   0x00000044   Code   RO          583    i.micro_LED_flash_handler  microbit_leds.o
    0x0001ddc8   0x0000003c   Code   RO          584    i.micro_LED_timer_handler  microbit_leds.o
    0x0001de04   0x00000034   Code   RO          498    i.micro_buzzer_timer_handler  buzzer.o
    0x0001de38   0x0000022c   Code   RO         1224    i.microbit_io_pwm_main  microbit_io_pwm.o
    0x0001e064   0x0000005c   Code   RO         1225    i.microbit_pwm_init  microbit_io_pwm.o
    0x0001e0c0   0x0000009e   Code   RO         1661    i.name_encode       ble_advdata.o
    0x0001e15e   0x00000002   PAD
    0x0001e160   0x00000040   Code   RO         3052    i.nrf_adc_configure  nrf_adc.o
    0x0001e1a0   0x0000002c   Code   RO         3053    i.nrf_adc_convert_single  nrf_adc.o
    0x0001e1cc   0x00000020   Code   RO         3054    i.nrf_adc_input_select  nrf_adc.o
    0x0001e1ec   0x00000010   Code   RO         3090    i.nrf_bitmask_bit_is_set  nrf_drv_gpiote_1.o
    0x0001e1fc   0x00000010   Code   RO         1977    i.nrf_clock_event_check  nrf_drv_clock.o
    0x0001e20c   0x00000034   Code   RO          738    i.nrf_delay_ms      micro_bit_sensors.o
    0x0001e240   0x00000034   Code   RO         1023    i.nrf_delay_ms      uart_spi.o
    0x0001e274   0x00000034   Code   RO         1114    i.nrf_delay_ms      sound_buzzer.o
    0x0001e2a8   0x00000034   Code   RO         1149    i.nrf_delay_ms      f_save.o
    0x0001e2dc   0x00000030   Code   RO         2352    i.nrf_delay_us      nrf_drv_spi.o
    0x0001e30c   0x00000030   Code   RO         2817    i.nrf_delay_us      nrf_drv_twi.o
    0x0001e33c   0x00000030   Code   RO         3495    i.nrf_delay_us      app_timer.o
    0x0001e36c   0x0000002c   Code   RO         2975    i.nrf_drv_adc_uninit  nrf_drv_adc.o
    0x0001e398   0x00000048   Code   RO         1984    i.nrf_drv_clock_init  nrf_drv_clock.o
    0x0001e3e0   0x00000034   Code   RO         1991    i.nrf_drv_clock_on_sd_enable  nrf_drv_clock.o
    0x0001e414   0x0000000c   Code   RO         1992    i.nrf_drv_clock_on_soc_event  nrf_drv_clock.o
    0x0001e420   0x00000060   Code   RO         2143    i.nrf_drv_common_irq_enable  nrf_drv_common.o
    0x0001e480   0x0000005c   Code   RO         3097    i.nrf_drv_gpiote_init  nrf_drv_gpiote_1.o
    0x0001e4dc   0x00000010   Code   RO         3098    i.nrf_drv_gpiote_is_init  nrf_drv_gpiote_1.o
    0x0001e4ec   0x00000098   Code   RO         3100    i.nrf_drv_gpiote_out_init  nrf_drv_gpiote_1.o
    0x0001e584   0x00000014   Code   RO         3102    i.nrf_drv_gpiote_out_task_addr_get  nrf_drv_gpiote_1.o
    0x0001e598   0x00000020   Code   RO         3103    i.nrf_drv_gpiote_out_task_disable  nrf_drv_gpiote_1.o
    0x0001e5b8   0x00000030   Code   RO         3104    i.nrf_drv_gpiote_out_task_enable  nrf_drv_gpiote_1.o
    0x0001e5e8   0x0000002c   Code   RO         3105    i.nrf_drv_gpiote_out_task_force  nrf_drv_gpiote_1.o
    0x0001e614   0x00000044   Code   RO         3108    i.nrf_drv_gpiote_out_uninit  nrf_drv_gpiote_1.o
    0x0001e658   0x00000068   Code   RO         2671    i.nrf_drv_ppi_channel_alloc  nrf_drv_ppi.o
    0x0001e6c0   0x00000040   Code   RO         2672    i.nrf_drv_ppi_channel_assign  nrf_drv_ppi.o
    0x0001e700   0x0000003c   Code   RO         2673    i.nrf_drv_ppi_channel_disable  nrf_drv_ppi.o
    0x0001e73c   0x0000003c   Code   RO         2674    i.nrf_drv_ppi_channel_enable  nrf_drv_ppi.o
    0x0001e778   0x00000040   Code   RO         2676    i.nrf_drv_ppi_channel_free  nrf_drv_ppi.o
    0x0001e7b8   0x00000054   Code   RO         2677    i.nrf_drv_ppi_channels_include_in_group  nrf_drv_ppi.o
    0x0001e80c   0x00000054   Code   RO         2678    i.nrf_drv_ppi_channels_remove_from_group  nrf_drv_ppi.o
    0x0001e860   0x00000064   Code   RO         2679    i.nrf_drv_ppi_group_alloc  nrf_drv_ppi.o
    0x0001e8c4   0x00000034   Code   RO         2681    i.nrf_drv_ppi_group_enable  nrf_drv_ppi.o
    0x0001e8f8   0x00000050   Code   RO         2682    i.nrf_drv_ppi_group_free  nrf_drv_ppi.o
    0x0001e948   0x00000018   Code   RO         2683    i.nrf_drv_ppi_init  nrf_drv_ppi.o
    0x0001e960   0x00000114   Code   RO         2353    i.nrf_drv_spi_init  nrf_drv_spi.o
    0x0001ea74   0x00000018   Code   RO         2354    i.nrf_drv_spi_transfer  nrf_drv_spi.o
    0x0001ea8c   0x00000070   Code   RO         2356    i.nrf_drv_spi_xfer  nrf_drv_spi.o
    0x0001eafc   0x0000000e   Code   RO         3922    i.nrf_drv_timer_capture_get  app_pwm.o
    0x0001eb0a   0x0000000c   Code   RO         3923    i.nrf_drv_timer_capture_task_address_get  app_pwm.o
    0x0001eb16   0x00000008   Code   RO         2547    i.nrf_drv_timer_clear  nrf_drv_timer.o
    0x0001eb1e   0x0000002a   Code   RO         2548    i.nrf_drv_timer_compare  nrf_drv_timer.o
    0x0001eb48   0x0000000e   Code   RO         3924    i.nrf_drv_timer_compare_event_address_get  app_pwm.o
    0x0001eb56   0x00000012   Code   RO         2549    i.nrf_drv_timer_compare_int_disable  nrf_drv_timer.o
    0x0001eb68   0x00000022   Code   RO         2550    i.nrf_drv_timer_compare_int_enable  nrf_drv_timer.o
    0x0001eb8a   0x00000002   PAD
    0x0001eb8c   0x00000018   Code   RO         2551    i.nrf_drv_timer_disable  nrf_drv_timer.o
    0x0001eba4   0x0000001c   Code   RO         2552    i.nrf_drv_timer_enable  nrf_drv_timer.o
    0x0001ebc0   0x0000002e   Code   RO         2553    i.nrf_drv_timer_extended_compare  nrf_drv_timer.o
    0x0001ebee   0x00000002   PAD
    0x0001ebf0   0x0000009c   Code   RO         2555    i.nrf_drv_timer_init  nrf_drv_timer.o
    0x0001ec8c   0x00000058   Code   RO         2558    i.nrf_drv_timer_uninit  nrf_drv_timer.o
    0x0001ece4   0x00000038   Code   RO         2819    i.nrf_drv_twi_disable  nrf_drv_twi.o
    0x0001ed1c   0x00000020   Code   RO         2820    i.nrf_drv_twi_enable  nrf_drv_twi.o
    0x0001ed3c   0x00000088   Code   RO         2821    i.nrf_drv_twi_init  nrf_drv_twi.o
    0x0001edc4   0x00000024   Code   RO         2822    i.nrf_drv_twi_rx    nrf_drv_twi.o
    0x0001ede8   0x00000024   Code   RO         2825    i.nrf_drv_twi_tx    nrf_drv_twi.o
    0x0001ee0c   0x00000068   Code   RO         2826    i.nrf_drv_twi_uninit  nrf_drv_twi.o
    0x0001ee74   0x00000028   Code   RO         2827    i.nrf_drv_twi_xfer  nrf_drv_twi.o
    0x0001ee9c   0x00000028   Code   RO          585    i.nrf_gpio_cfg      microbit_leds.o
    0x0001eec4   0x00000028   Code   RO         2357    i.nrf_gpio_cfg      nrf_drv_spi.o
    0x0001eeec   0x00000028   Code   RO         3110    i.nrf_gpio_cfg      nrf_drv_gpiote_1.o
    0x0001ef14   0x00000012   Code   RO         3111    i.nrf_gpio_cfg_default  nrf_drv_gpiote_1.o
    0x0001ef26   0x00000014   Code   RO          739    i.nrf_gpio_cfg_input  micro_bit_sensors.o
    0x0001ef3a   0x00000014   Code   RO          499    i.nrf_gpio_cfg_output  buzzer.o
    0x0001ef4e   0x00000014   Code   RO         2358    i.nrf_gpio_cfg_output  nrf_drv_spi.o
    0x0001ef62   0x00000022   Code   RO         3112    i.nrf_gpio_cfg_sense_set  nrf_drv_gpiote_1.o
    0x0001ef84   0x00000010   Code   RO          586    i.nrf_gpio_pin_clear  microbit_leds.o
    0x0001ef94   0x00000010   Code   RO          587    i.nrf_gpio_pin_set  microbit_leds.o
    0x0001efa4   0x00000010   Code   RO         2359    i.nrf_gpio_pin_set  nrf_drv_spi.o
    0x0001efb4   0x00000010   Code   RO         2828    i.nrf_gpio_pin_set  nrf_drv_twi.o
    0x0001efc4   0x00000028   Code   RO         3113    i.nrf_gpio_ports_read  nrf_drv_gpiote_1.o
    0x0001efec   0x00000010   Code   RO         3114    i.nrf_gpiote_event_clear  nrf_drv_gpiote_1.o
    0x0001effc   0x00000014   Code   RO         3115    i.nrf_gpiote_event_is_set  nrf_drv_gpiote_1.o
    0x0001f010   0x0000000a   Code   RO         2829    i.nrf_twi_event_check  nrf_drv_twi.o
    0x0001f01a   0x0000000a   Code   RO         2192    i.nrf_uart_event_check  nrf_drv_uart.o
    0x0001f024   0x00000010   Code   RO         2193    i.nrf_uart_int_enable_check  nrf_drv_uart.o
    0x0001f034   0x00000040   Code   RO           14    i.nus_data_handler  main.o
    0x0001f074   0x00000002   Code   RO           15    i.on_adv_evt        main.o
    0x0001f076   0x00000002   PAD
    0x0001f078   0x000000c8   Code   RO           16    i.on_ble_evt        main.o
    0x0001f140   0x00000014   Code   RO           17    i.on_conn_params_evt  main.o
    0x0001f154   0x00000054   Code   RO         3738    i.on_operation_success  fstorage.o
    0x0001f1a8   0x00000038   Code   RO         3925    i.pan73_workaround  app_pwm.o
    0x0001f1e0   0x00000018   Code   RO         1226    i.pin_default       microbit_io_pwm.o
    0x0001f1f8   0x00000018   Code   RO         3117    i.pin_in_use_by_te  nrf_drv_gpiote_1.o
    0x0001f210   0x00000034   Code   RO          408    i.pwm1_change_dutycycle  hm_leds_pwm.o
    0x0001f244   0x0000000c   Code   RO          409    i.pwm1_ready_callback  hm_leds_pwm.o
    0x0001f250   0x00000038   Code   RO          500    i.pwm2_change_dutycycle  buzzer.o
    0x0001f288   0x0000000c   Code   RO          501    i.pwm2_ready_callback  buzzer.o
    0x0001f294   0x00000018   Code   RO         3926    i.pwm_channel_ppi_disable  app_pwm.o
    0x0001f2ac   0x00000080   Code   RO         3927    i.pwm_dealloc       app_pwm.o
    0x0001f32c   0x00000014   Code   RO         3928    i.pwm_ppi_disable   app_pwm.o
    0x0001f340   0x00000058   Code   RO         3929    i.pwm_ready_tick    app_pwm.o
    0x0001f398   0x00000074   Code   RO         3930    i.pwm_transition_0or100_to_0or100  app_pwm.o
    0x0001f40c   0x00000114   Code   RO         3931    i.pwm_transition_0or100_to_n  app_pwm.o
    0x0001f520   0x0000010c   Code   RO         3932    i.pwm_transition_n_to_0or100  app_pwm.o
    0x0001f62c   0x000000d8   Code   RO         3933    i.pwm_transition_n_to_m  app_pwm.o
    0x0001f704   0x0000002c   Code   RO         3739    i.queue_advance     fstorage.o
    0x0001f730   0x00000038   Code   RO         3740    i.queue_get_next_free  fstorage.o
    0x0001f768   0x0000006c   Code   RO         3741    i.queue_process     fstorage.o
    0x0001f7d4   0x0000001c   Code   RO         3742    i.queue_start       fstorage.o
    0x0001f7f0   0x0000005c   Code   RO          740    i.read_buttons      micro_bit_sensors.o
    0x0001f84c   0x00000024   Code   RO         1150    i.read_calib_values  f_save.o
    0x0001f870   0x0000002c   Code   RO          741    i.read_data_packet  micro_bit_sensors.o
    0x0001f89c   0x00000038   Code   RO         1024    i.read_firmware_SAMD  uart_spi.o
    0x0001f8d4   0x0000004c   Code   RO          742    i.read_mag_packet   micro_bit_sensors.o
    0x0001f920   0x00000024   Code   RO          743    i.read_mag_packet_ls  micro_bit_sensors.o
    0x0001f944   0x00000060   Code   RO          744    i.read_mma_packet   micro_bit_sensors.o
    0x0001f9a4   0x00000038   Code   RO          745    i.read_mma_packet_ls  micro_bit_sensors.o
    0x0001f9dc   0x0000001c   Code   RO         1591    i.read_sensor_HB    spi_master.o
    0x0001f9f8   0x00000020   Code   RO         1592    i.read_sensor_MB    spi_master.o
    0x0001fa18   0x00000094   Code   RO          746    i.read_sensor_data_mag  micro_bit_sensors.o
    0x0001faac   0x00000058   Code   RO          747    i.read_sensor_data_mag_ls  micro_bit_sensors.o
    0x0001fb04   0x00000094   Code   RO          748    i.read_sensor_data_mma  micro_bit_sensors.o
    0x0001fb98   0x0000009c   Code   RO          749    i.read_sensor_data_mma_ls  micro_bit_sensors.o
    0x0001fc34   0x00000054   Code   RO         1227    i.read_sensors      microbit_io_pwm.o
    0x0001fc88   0x00000060   Code   RO          750    i.read_verify_offset_mag  micro_bit_sensors.o
    0x0001fce8   0x00000060   Code   RO          751    i.read_verify_offset_mag_ls  micro_bit_sensors.o
    0x0001fd48   0x00000104   Code   RO          752    i.read_who_am_i     micro_bit_sensors.o
    0x0001fe4c   0x00000018   Code   RO         1228    i.reset_PWM         microbit_io_pwm.o
    0x0001fe64   0x00000044   Code   RO          753    i.reset_i2c         micro_bit_sensors.o
    0x0001fea8   0x00000044   Code   RO         3496    i.rtc1_stop         app_timer.o
    0x0001feec   0x00000040   Code   RO           18    i.rude_word_check   main.o
    0x0001ff2c   0x00000026   Code   RO         2194    i.rx_byte           nrf_drv_uart.o
    0x0001ff52   0x0000009e   Code   RO         1932    i.rx_char_add       ble_nus.o
    0x0001fff0   0x00000014   Code   RO         2195    i.rx_done_event     nrf_drv_uart.o
    0x00020004   0x00000084   Code   RO         4266    i.sd_nvic_EnableIRQ  softdevice_handler.o
    0x00020088   0x00000030   Code   RO          754    i.send_I2C_acc      micro_bit_sensors.o
    0x000200b8   0x00000034   Code   RO          755    i.send_I2C_acc_ls   micro_bit_sensors.o
    0x000200ec   0x00000030   Code   RO          756    i.send_I2C_mag      micro_bit_sensors.o
    0x0002011c   0x00000030   Code   RO          757    i.send_I2C_mag_ls   micro_bit_sensors.o
    0x0002014c   0x00000048   Code   RO         3743    i.send_event        fstorage.o
    0x00020194   0x0000008e   Code   RO         1662    i.service_data_encode  ble_advdata.o
    0x00020222   0x00000002   PAD
    0x00020224   0x00000058   Code   RO         1737    i.set_adv_mode_fast  ble_advertising.o
    0x0002027c   0x00000054   Code   RO         1738    i.set_adv_mode_slow  ble_advertising.o
    0x000202d0   0x0000014c   Code   RO          588    i.set_all_led_micro  microbit_leds.o
    0x0002041c   0x00000070   Code   RO           19    i.set_devicename_array  main.o
    0x0002048c   0x0000000c   Code   RO          758    i.set_interrupt_pins_mag  micro_bit_sensors.o
    0x00020498   0x0000000c   Code   RO          759    i.set_interrupt_pins_mag_ls  micro_bit_sensors.o
    0x000204a4   0x00000014   Code   RO          760    i.set_interrupt_pins_mma  micro_bit_sensors.o
    0x000204b8   0x0000000c   Code   RO          761    i.set_interrupt_pins_mma_ls  micro_bit_sensors.o
    0x000204c4   0x00000014   Code   RO         4267    i.softdevice_ble_evt_handler_set  softdevice_handler.o
    0x000204d8   0x00000014   Code   RO         4268    i.softdevice_enable  softdevice_handler.o
    0x000204ec   0x00000028   Code   RO         4269    i.softdevice_enable_get_default_config  softdevice_handler.o
    0x00020514   0x00000008   Code   RO         4270    i.softdevice_fault_handler  softdevice_handler.o
    0x0002051c   0x00000058   Code   RO         4271    i.softdevice_handler_init  softdevice_handler.o
    0x00020574   0x0000000c   Code   RO         4272    i.softdevice_handler_is_enabled  softdevice_handler.o
    0x00020580   0x00000014   Code   RO         4277    i.softdevice_sys_evt_handler_set  softdevice_handler.o
    0x00020594   0x0000000c   Code   RO         1593    i.spi_event_handler  spi_master.o
    0x000205a0   0x0000008a   Code   RO         2360    i.spi_xfer          nrf_drv_spi.o
    0x0002062a   0x00000002   PAD
    0x0002062c   0x0000003c   Code   RO          589    i.start_LEDarray_advertising  microbit_leds.o
    0x00020668   0x00000038   Code   RO         1151    i.start_check_update_calibrate  f_save.o
    0x000206a0   0x00000014   Code   RO          590    i.start_flashing_string  microbit_leds.o
    0x000206b4   0x0000002c   Code   RO          591    i.start_flashing_timer  microbit_leds.o
    0x000206e0   0x00000048   Code   RO          592    i.stop_LEDarray_display  microbit_leds.o
    0x00020728   0x0000001c   Code   RO          593    i.stop_flashing_timer  microbit_leds.o
    0x00020744   0x0000002c   Code   RO          594    i.switch_off_leds   microbit_leds.o
    0x00020770   0x00000008   Code   RO           20    i.sys_evt_dispatch  main.o
    0x00020778   0x00000084   Code   RO         3497    i.timer_list_handler  app_timer.o
    0x000207fc   0x00000010   Code   RO         3498    i.timer_list_handler_sched  app_timer.o
    0x0002080c   0x00000040   Code   RO         3499    i.timer_list_insert  app_timer.o
    0x0002084c   0x00000048   Code   RO         3500    i.timer_stop_op_schedule  app_timer.o
    0x00020894   0x00000080   Code   RO         3501    i.timer_timeouts_check  app_timer.o
    0x00020914   0x00000058   Code   RO         2361    i.transfer_byte     nrf_drv_spi.o
    0x0002096c   0x00000030   Code   RO         1594    i.transfer_data     spi_master.o
    0x0002099c   0x00000098   Code   RO         2830    i.twi_clear_bus     nrf_drv_twi.o
    0x00020a34   0x00000014   Code   RO          762    i.twi_handler       micro_bit_sensors.o
    0x00020a48   0x00000034   Code   RO          763    i.twi_init          micro_bit_sensors.o
    0x00020a7c   0x00000020   Code   RO         2831    i.twi_process_error  nrf_drv_twi.o
    0x00020a9c   0x000000a0   Code   RO         2832    i.twi_rx_start_transfer  nrf_drv_twi.o
    0x00020b3c   0x0000002e   Code   RO         2833    i.twi_send_byte     nrf_drv_twi.o
    0x00020b6a   0x00000108   Code   RO         2834    i.twi_transfer      nrf_drv_twi.o
    0x00020c72   0x00000002   PAD
    0x00020c74   0x0000009c   Code   RO         2835    i.twi_tx_start_transfer  nrf_drv_twi.o
    0x00020d10   0x0000008c   Code   RO         2836    i.twi_xfer          nrf_drv_twi.o
    0x00020d9c   0x0000001e   Code   RO         2197    i.tx_byte           nrf_drv_uart.o
    0x00020dba   0x00000080   Code   RO         1933    i.tx_char_add       ble_nus.o
    0x00020e3a   0x00000018   Code   RO         2198    i.tx_done_event     nrf_drv_uart.o
    0x00020e52   0x00000128   Code   RO         2199    i.uart_irq_handler  nrf_drv_uart.o
    0x00020f7a   0x00000002   PAD
    0x00020f7c   0x0000031c   Code   RO         1025    i.uart_spi_bridge   uart_spi.o
    0x00021298   0x0000000a   Code   RO         1663    i.uint16_encode     ble_advdata.o
    0x000212a2   0x00000002   PAD
    0x000212a4   0x00000044   Code   RO          595    i.update_flash_array  microbit_leds.o
    0x000212e8   0x00000020   Code   RO           21    i.update_name_disconnect  main.o
    0x00021308   0x00000064   Code   RO         1822    i.update_timeout_handler  ble_conn_params.o
    0x0002136c   0x0000002c   Code   RO         3502    i.user_op_alloc     app_timer.o
    0x00021398   0x00000030   Code   RO         1664    i.uuid_list_encode  ble_advdata.o
    0x000213c8   0x000000ae   Code   RO         1665    i.uuid_list_sized_encode  ble_advdata.o
    0x00021476   0x00000002   PAD
    0x00021478   0x0000002c   Code   RO          764    i.verify_data_packet  micro_bit_sensors.o
    0x000214a4   0x00000018   Code   RO         1739    i.whitelist_has_entries  ble_advertising.o
    0x000214bc   0x0000005c   Code   RO         1152    i.write_calib_values  f_save.o
    0x00021518   0x00000080   Code   RO          765    i.write_offset      micro_bit_sensors.o
    0x00021598   0x00000058   Code   RO          766    i.write_offset_ls   micro_bit_sensors.o
    0x000215f0   0x000007cf   Data   RO           26    .constdata          main.o
    0x00021dbf   0x00000001   PAD
    0x00021dc0   0x00000008   Data   RO          411    .constdata          hm_leds_pwm.o
    0x00021dc8   0x00000044   Data   RO          412    .constdata          hm_leds_pwm.o
    0x00021e0c   0x00000034   Data   RO          504    .constdata          buzzer.o
    0x00021e40   0x00000008   Data   RO          505    .constdata          buzzer.o
    0x00021e48   0x00000244   Data   RO          599    .constdata          microbit_leds.o
    0x0002208c   0x00000028   Data   RO          768    .constdata          micro_bit_sensors.o
    0x000220b4   0x00000004   Data   RO         1028    .constdata          uart_spi.o
    0x000220b8   0x00000010   Data   RO         1230    .constdata          microbit_io_pwm.o
    0x000220c8   0x00000010   Data   RO         1596    .constdata          spi_master.o
    0x000220d8   0x00000004   Data   RO         1825    .constdata          ble_conn_params.o
    0x000220dc   0x00000010   Data   RO         1934    .constdata          ble_nus.o
    0x000220ec   0x0000000c   Data   RO         2841    .constdata          nrf_drv_twi.o
    0x000220f8   0x00000004   Data   RO         3119    .constdata          nrf_drv_gpiote_1.o
    0x000220fc   0x0000000c   Data   RO         3935    .constdata          app_pwm.o
    0x00022108   0x00000020   Data   RO         4471    Region$$Table       anon$$obj.o


    Execution Region RW_IRAM1 (Base: 0x20001fe8, Size: 0x00001990, Max: 0x00006018, ABSOLUTE, COMPRESSED[0x00000044])

    Base Addr    Size         Type   Attr      Idx    E Section Name        Object

    0x20001fe8   0x00000018   Data   RW           28    .data               main.o
    0x20002000   0x00000001   Data   RW           29    .data               main.o
    0x20002001   0x00000001   Data   RW           31    .data               main.o
    0x20002002   0x00000001   Data   RW           35    .data               main.o
    0x20002003   0x00000001   Data   RW           36    .data               main.o
    0x20002004   0x00000001   Data   RW           37    .data               main.o
    0x20002005   0x00000001   Data   RW           38    .data               main.o
    0x20002006   0x00000001   Data   RW          413    .data               hm_leds_pwm.o
    0x20002007   0x00000001   Data   RW          506    .data               buzzer.o
    0x20002008   0x00000020   Data   RW          600    .data               microbit_leds.o
    0x20002028   0x00000026   Data   RW          769    .data               micro_bit_sensors.o
    0x2000204e   0x00000002   PAD
    0x20002050   0x0000002b   Data   RW         1029    .data               uart_spi.o
    0x2000207b   0x00000001   PAD
    0x2000207c   0x00000018   Data   RW         1154    .data               f_save.o
    0x20002094   0x00000008   Data   RW         1597    .data               spi_master.o
    0x2000209c   0x00000030   Data   RW         1743    .data               ble_advertising.o
    0x200020cc   0x00000014   Data   RW         1826    .data               ble_conn_params.o
    0x200020e0   0x00000008   Data   RW         2699    .data               nrf_drv_ppi.o
    0x200020e8   0x00000020   Data   RW         3503    .data               app_timer.o
    0x20002108   0x0000000c   Data   RW         3686    .data               app_util_platform.o
    0x20002114   0x00000002   Data   RW         3745    .data               fstorage.o
    0x20002116   0x00000009   Data   RW         3936    .data               app_pwm.o
    0x2000211f   0x00000001   PAD
    0x20002120   0x00000014   Data   RW         4278    .data               softdevice_handler.o
    0x20002134   0x00000004   Data   RW         4402    .data               system_nrf51.o
    0x20002138   0x00000010   Data   RW         1155    fs_data             f_save.o
    0x20002148   0x00000293   Zero   RW           22    .bss                main.o
    0x200023db   0x00000014   Zero   RW           23    .bss                main.o
    0x200023ef   0x00000014   Zero   RW           25    .bss                main.o
    0x20002403   0x00000001   PAD
    0x20002404   0x00000024   Zero   RW          410    .bss                hm_leds_pwm.o
    0x20002428   0x00000020   Zero   RW          502    .bss                buzzer.o
    0x20002448   0x00000024   Zero   RW          503    .bss                buzzer.o
    0x2000246c   0x00000020   Zero   RW          596    .bss                microbit_leds.o
    0x2000248c   0x00000020   Zero   RW          597    .bss                microbit_leds.o
    0x200024ac   0x000001ae   Zero   RW          598    .bss                microbit_leds.o
    0x2000265a   0x0000072e   Zero   RW          767    .bss                micro_bit_sensors.o
    0x20002d88   0x00000020   Zero   RW         1026    .bss                uart_spi.o
    0x20002da8   0x00000028   Zero   RW         1027    .bss                uart_spi.o
    0x20002dd0   0x0000000c   Zero   RW         1153    .bss                f_save.o
    0x20002ddc   0x00000024   Zero   RW         1229    .bss                microbit_io_pwm.o
    0x20002e00   0x00000014   Zero   RW         1595    .bss                spi_master.o
    0x20002e14   0x0000016b   Zero   RW         1740    .bss                ble_advertising.o
    0x20002f7f   0x00000001   PAD
    0x20002f80   0x00000020   Zero   RW         1741    .bss                ble_advertising.o
    0x20002fa0   0x00000020   Zero   RW         1742    .bss                ble_advertising.o
    0x20002fc0   0x00000020   Zero   RW         1823    .bss                ble_conn_params.o
    0x20002fe0   0x0000001c   Zero   RW         1824    .bss                ble_conn_params.o
    0x20002ffc   0x00000014   Zero   RW         1994    .bss                nrf_drv_clock.o
    0x20003010   0x0000001c   Zero   RW         2200    .bss                nrf_drv_uart.o
    0x2000302c   0x00000020   Zero   RW         2362    .bss                nrf_drv_spi.o
    0x2000304c   0x00000024   Zero   RW         2559    .bss                nrf_drv_timer.o
    0x20003070   0x00000028   Zero   RW         2837    .bss                nrf_drv_twi.o
    0x20003098   0x00000014   Zero   RW         2976    .bss                nrf_drv_adc.o
    0x200030ac   0x00000048   Zero   RW         3118    .bss                nrf_drv_gpiote_1.o
    0x200030f4   0x00000068   Zero   RW         3744    .bss                fstorage.o
    0x2000315c   0x00000018   Zero   RW         3934    .bss                app_pwm.o
    0x20003174   0x00000004   PAD
    0x20003178   0x00000800   Zero   RW         4390    STACK               arm_startup_nrf51.o


==============================================================================

Image component sizes


      Code (inc. data)   RO Data    RW Data    ZI Data      Debug   Object Name

        24          4          0          0          0       2217   app_error.o
        28         10          0          0          0        702   app_error_weak.o
      2414        142         12          9         24      38772   app_pwm.o
      1608        158          0         32          0      42623   app_timer.o
       104         20          0         12          0       6410   app_util_platform.o
        56         18        192          0       2048        712   arm_startup_nrf51.o
      1368          6          0          0          0      30708   ble_advdata.o
      1000         62          0         48        427       9268   ble_advertising.o
       460         60          4         20         60       5564   ble_conn_params.o
       566         12         16          0          0       5586   ble_nus.o
        14          0          0          0          0       1414   ble_srv_common.o
       528         78         60          1         68      12387   buzzer.o
       384         64          0         40         12       6360   f_save.o
       980         82          0          2        104      12671   fstorage.o
       556         66         76          1         36       8393   hm_leds_pwm.o
      1296        140       1999         30        699     122379   main.o
      3260        408         40         38       1838      40578   micro_bit_sensors.o
       888         58         16          0         36      13765   microbit_io_pwm.o
      1170        178        580         32        494      16321   microbit_leds.o
       140         20          0          0          0       5169   nrf_adc.o
       236         50          0          0         20       6842   nrf_drv_adc.o
       276         38          0          0         20      11948   nrf_drv_clock.o
        96         18          0          0          0       9032   nrf_drv_common.o
      1172        116          4          0         72      28111   nrf_drv_gpiote_1.o
       874         74          0          8          0      20649   nrf_drv_ppi.o
       822         46          0          0         32      17272   nrf_drv_spi.o
       580         54          0          0         36      19871   nrf_drv_timer.o
      1656        100         12          0         40      31559   nrf_drv_twi.o
       454          8          0          0         28      22517   nrf_drv_uart.o
       528         70          0         20          0      22152   softdevice_handler.o
       204         38          0          0          0       1683   sound_buzzer.o
       180         48         16          8         20       7473   spi_master.o
       232         36          0          4          0       2367   system_nrf51.o
      1252        156          4         43         72      17393   uart_spi.o

    ----------------------------------------------------------------------
     25438       2438       3064        352       6192     600868   Object Totals
         0          0         32          0          0          0   (incl. Generated)
        32          0          1          4          6          0   (incl. Padding)

    ----------------------------------------------------------------------

      Code (inc. data)   RO Data    RW Data    ZI Data      Debug   Library Member Name

        86          0          0          0          0          0   __dczerorl2.o
         0          0          0          0          0          0   entry.o
         0          0          0          0          0          0   entry10a.o
         0          0          0          0          0          0   entry11a.o
         8          4          0          0          0          0   entry2.o
         4          0          0          0          0          0   entry5.o
         0          0          0          0          0          0   entry7b.o
         0          0          0          0          0          0   entry8b.o
         8          4          0          0          0          0   entry9a.o
        30          0          0          0          0          0   handlers.o
        36          8          0          0          0         68   init.o
        32          0          0          0          0         68   llshl.o
        34          0          0          0          0         68   llushr.o
        36          0          0          0          0         60   memcpya.o
        36          0          0          0          0        100   memseta.o
        14          0          0          0          0         60   strlen.o
        44          0          0          0          0         72   uidiv.o
        96          0          0          0          0         84   uldiv.o

    ----------------------------------------------------------------------
       466         16          0          0          0        580   Library Totals
         2          0          0          0          0          0   (incl. Padding)

    ----------------------------------------------------------------------

      Code (inc. data)   RO Data    RW Data    ZI Data      Debug   Library Name

       464         16          0          0          0        580   mc_p.l

    ----------------------------------------------------------------------
       466         16          0          0          0        580   Library Totals

    ----------------------------------------------------------------------

==============================================================================


      Code (inc. data)   RO Data    RW Data    ZI Data      Debug   

     25904       2454       3064        352       6192     587152   Grand Totals
     25904       2454       3064         68       6192     587152   ELF Image Totals (compressed)
     25904       2454       3064         68          0          0   ROM Totals

==============================================================================

    Total RO  Size (Code + RO Data)                28968 (  28.29kB)
    Total RW  Size (RW Data + ZI Data)              6544 (   6.39kB)
    Total ROM Size (Code + RO Data + RW Data)      29036 (  28.36kB)

==============================================================================

