<html>
<body>
<pre>
<h1>µVision Build Log</h1>
<h2>Tool Versions:</h2>
IDE-Version: µVision V5.23.0.0
Copyright (C) 2017 ARM Ltd and ARM Germany GmbH. All rights reserved.
License Information: Raghunathreddy Jangam, Bird brain, LIC=----
 
Tool Versions:
Toolchain:       MDK-Lite  Version: 5.23
Toolchain Path:  C:\Keil_v5\ARM\ARMCC\Bin
C Compiler:      Armcc.exe V5.06 update 4 (build 422)
Assembler:       Armasm.exe V5.06 update 4 (build 422)
Linker/Locator:  ArmLink.exe V5.06 update 4 (build 422)
Library Manager: ArmAr.exe V5.06 update 4 (build 422)
Hex Converter:   FromElf.exe V5.06 update 4 (build 422)
CPU DLL:         
Dialog DLL:      
Target DLL:      Segger\JL2CM3.dll V2.99.23.0
Dialog DLL:      TARMCM1.DLL V1.12.0.0
 
<h2>Project:</h2>
C:\NRF_SDK\New_accel\Hummingbird_Bit_Microbit_Application\examples\ble_peripheral\ble_app_uart\pca10028\s130\arm5_no_packs\ble_app_uart_pca10028_s130.uvprojx
Project File Date:  09/26/2018

<h2>Output:</h2>
*** Using Compiler 'V5.06 update 4 (build 422)', folder: 'C:\Keil_v5\ARM\ARMCC\Bin'
Build target 'nrf51422_xxac'
compiling UART_SPI.c...
UART_SPI.h(26): warning:  #1295-D: Deprecated declaration uart_spi_bridge - give arg types
  void uart_spi_bridge();
UART_SPI.h(27): warning:  #1295-D: Deprecated declaration check_update_name - give arg types
  void check_update_name();
UART_SPI.h(28): warning:  #1295-D: Deprecated declaration check_update_name_disconnect - give arg types
  void check_update_name_disconnect();
UART_SPI.h(29): warning:  #1295-D: Deprecated declaration init_broadcast_timer - give arg types
  void init_broadcast_timer();
UART_SPI.h(30): warning:  #1295-D: Deprecated declaration broadcast_stop - give arg types
  void  broadcast_stop();
UART_SPI.h(31): warning:  #1295-D: Deprecated declaration broadcast_timer_start - give arg types
  void broadcast_timer_start();
SPI_master.h(17): warning:  #1295-D: Deprecated declaration read_sensor_HB - give arg types
  void read_sensor_HB();
SPI_master.h(18): warning:  #1295-D: Deprecated declaration read_sensor_MB - give arg types
  void read_sensor_MB();
SPI_master.h(19): warning:  #1295-D: Deprecated declaration SPI_init - give arg types
  void SPI_init();
HM_LEDS.h(12): warning:  #1295-D: Deprecated declaration LEDS_PWM_init - give arg types
  void LEDS_PWM_init();
HM_LEDS.h(14): warning:  #1295-D: Deprecated declaration hummingbit_pwm_init - give arg types
  void hummingbit_pwm_init();
HM_LEDS.h(19): warning:  #1295-D: Deprecated declaration app_pwm1_reset - give arg types
  void app_pwm1_reset();
microbit_LEDS.h(11): warning:  #1295-D: Deprecated declaration stop_flashing_timer - give arg types
  void stop_flashing_timer();
microbit_LEDS.h(12): warning:  #1295-D: Deprecated declaration start_LEDarray_advertising - give arg types
  void start_LEDarray_advertising();
microbit_LEDS.h(13): warning:  #1295-D: Deprecated declaration stop_LEDarray_display - give arg types
  void stop_LEDarray_display();
microbit_LEDS.h(14): warning:  #1295-D: Deprecated declaration init_micro_LEDs - give arg types
  void init_micro_LEDs();
microbit_LEDS.h(18): warning:  #1295-D: Deprecated declaration start_flashing_string - give arg types
  void start_flashing_string();
micro_bit_sensors.h(128): warning:  #1295-D: Deprecated declaration read_data_packet - give arg types
  void read_data_packet();
micro_bit_sensors.h(130): warning:  #1295-D: Deprecated declaration calibrate_compass - give arg types
  void calibrate_compass();
micro_bit_sensors.h(133): warning:  #1-D: last line of file ends without a newline
  uint8_t find_version();
micro_bit_sensors.h(133): warning:  #1295-D: Deprecated declaration find_version - give arg types
  uint8_t find_version();
buzzer.h(9): warning:  #1295-D: Deprecated declaration init_timer_buzzer - give arg types
  void init_timer_buzzer();
buzzer.h(12): warning:  #1295-D: Deprecated declaration app_pwm2_reset - give arg types
  void app_pwm2_reset();
buzzer.h(14): warning:  #1-D: last line of file ends without a newline
  void  PWM2_1LED(uint8_t pwm_value);
microbit_LEDS.h(11): warning:  #1295-D: Deprecated declaration stop_flashing_timer - give arg types
  void stop_flashing_timer();
microbit_LEDS.h(12): warning:  #1295-D: Deprecated declaration start_LEDarray_advertising - give arg types
  void start_LEDarray_advertising();
microbit_LEDS.h(13): warning:  #1295-D: Deprecated declaration stop_LEDarray_display - give arg types
  void stop_LEDarray_display();
microbit_LEDS.h(14): warning:  #1295-D: Deprecated declaration init_micro_LEDs - give arg types
  void init_micro_LEDs();
microbit_LEDS.h(18): warning:  #1295-D: Deprecated declaration start_flashing_string - give arg types
  void start_flashing_string();
microbit_io_pwm.h(1): warning:  #1295-D: Deprecated declaration reset_PWM - give arg types
  void reset_PWM();
microbit_io_pwm.h(2): warning:  #1295-D: Deprecated declaration read_sensors - give arg types
  void read_sensors();
microbit_io_pwm.h(4): warning:  #1295-D: Deprecated declaration microbit_pwm_init - give arg types
  void microbit_pwm_init();
microbit_io_pwm.h(5): warning:  #1-D: last line of file ends without a newline
  extern uint8_t    sensor_outputs[20];
UART_SPI.c(110): warning:  #550-D: variable "err_code"  was set but never used
  	uint32_t err_code;
UART_SPI.c(152): warning:  #177-D: variable "i"  was declared but never referenced
  	uint32_t i =0;
UART_SPI.c(222): warning:  #167-D: argument of type "void (*)()" is incompatible with parameter of type "app_timer_timeout_handler_t"
  	 err_code = app_timer_create(&broadcast_timer_id,APP_TIMER_MODE_REPEATED,broadcast_timer_handler);
UART_SPI.c(272): warning:  #9-D: nested comment is not allowed
  	/*
UART_SPI.c(315): warning:  #177-D: variable "temp_receive"  was declared but never referenced
  	static uint8_t* temp_receive;
UART_SPI.c(73): warning:  #177-D: function "send_fake_firmware_number"  was declared but never referenced
  static void send_fake_firmware_number()
UART_SPI.c: 39 warnings, 0 errors
linking...
Program Size: Code=25904 RO-data=3064 RW-data=352 ZI-data=6192  
FromELF: creating hex file...
".\_build\nrf51422_xxac.axf" - 0 Error(s), 39 Warning(s).

<h2>Software Packages used:</h2>

Package Vendor: ARM
                http://www.keil.com/pack/ARM.CMSIS.4.5.0.pack
                ARM::CMSIS:CORE:4.3.0
                CMSIS (Cortex Microcontroller Software Interface Standard)
   * Component: CORE Version: 4.3.0

Package Vendor: NordicSemiconductor
                http://developer.nordicsemi.com/nRF5_SDK/pieces/nRF_DeviceFamilyPack/NordicSemiconductor.nRF_DeviceFamilyPack.8.11.1.pack
                NordicSemiconductor::Device:Startup:8.11.1
                Nordic Semiconductor nRF ARM devices Device Family Pack.
   * Component: Startup Version: 8.11.1

<h2>Collection of Component include folders:</h2>
  .\RTE\_nrf51422_xxac
  C:\Keil_v5\ARM\PACK\ARM\CMSIS\4.5.0\CMSIS\Include
  C:\Keil_v5\ARM\PACK\NordicSemiconductor\nRF_DeviceFamilyPack\8.11.1\Device\Include
  C:\Keil_v5\ARM\PACK\NordicSemiconductor\nRF_DeviceFamilyPack\8.14.1\Device\Include

<h2>Collection of Component Files used:</h2>

   * Component: ARM::CMSIS:CORE:4.3.0

   * Component: NordicSemiconductor::Device:Startup:8.11.1
      Source file:   Device\Source\arm\arm_startup_nrf51.s
      Source file:   Device\Source\system_nrf51.c
      Include file:  Device\Include\system_nrf51.h
Build Time Elapsed:  00:00:05
</pre>
</body>
</html>
