Component: ARM Compiler 5.06 update 4 (build 422) Tool: armlink [4d35d2]

==============================================================================

Section Cross References

    main.o(i.assert_nrf_callback) refers to app_error.o(i.app_error_handler) for app_error_handler
    main.o(i.ble_evt_dispatch) refers to ble_conn_params.o(i.ble_conn_params_on_ble_evt) for ble_conn_params_on_ble_evt
    main.o(i.ble_evt_dispatch) refers to ble_nus.o(i.ble_nus_on_ble_evt) for ble_nus_on_ble_evt
    main.o(i.ble_evt_dispatch) refers to main.o(i.on_ble_evt) for on_ble_evt
    main.o(i.ble_evt_dispatch) refers to ble_advertising.o(i.ble_advertising_on_ble_evt) for ble_advertising_on_ble_evt
    main.o(i.ble_evt_dispatch) refers to main.o(.bss) for .bss
    main.o(i.ble_stack_init) refers to softdevice_handler.o(i.softdevice_handler_init) for softdevice_handler_init
    main.o(i.ble_stack_init) refers to app_error.o(i.app_error_handler_bare) for app_error_handler_bare
    main.o(i.ble_stack_init) refers to softdevice_handler.o(i.softdevice_enable_get_default_config) for softdevice_enable_get_default_config
    main.o(i.ble_stack_init) refers to softdevice_handler.o(i.softdevice_enable) for softdevice_enable
    main.o(i.ble_stack_init) refers to softdevice_handler.o(i.softdevice_ble_evt_handler_set) for softdevice_ble_evt_handler_set
    main.o(i.ble_stack_init) refers to softdevice_handler.o(i.softdevice_sys_evt_handler_set) for softdevice_sys_evt_handler_set
    main.o(i.ble_stack_init) refers to main.o(.constdata) for .constdata
    main.o(i.ble_stack_init) refers to main.o(.bss) for .bss
    main.o(i.ble_stack_init) refers to main.o(i.ble_evt_dispatch) for ble_evt_dispatch
    main.o(i.ble_stack_init) refers to main.o(i.sys_evt_dispatch) for sys_evt_dispatch
    main.o(i.check_flashing) refers to microbit_leds.o(i.start_LEDarray_advertising) for start_LEDarray_advertising
    main.o(i.check_flashing) refers to microbit_leds.o(i.stop_LEDarray_display) for stop_LEDarray_display
    main.o(i.check_flashing) refers to main.o(.data) for .data
    main.o(i.check_sound) refers to sound_buzzer.o(i.buzzer_bluetooth_connection) for buzzer_bluetooth_connection
    main.o(i.check_sound) refers to sound_buzzer.o(i.buzzer_bluetooth_disconnection) for buzzer_bluetooth_disconnection
    main.o(i.check_sound) refers to main.o(i.update_name_disconnect) for update_name_disconnect
    main.o(i.check_sound) refers to main.o(.data) for .data
    main.o(i.conn_params_error_handler) refers to app_error.o(i.app_error_handler_bare) for app_error_handler_bare
    main.o(i.gap_params_init) refers to main.o(i.set_devicename_array) for set_devicename_array
    main.o(i.gap_params_init) refers to strlen.o(.text) for strlen
    main.o(i.gap_params_init) refers to app_error.o(i.app_error_handler_bare) for app_error_handler_bare
    main.o(i.gap_params_init) refers to main.o(.bss) for .bss
    main.o(i.getInitials_fancyName) refers to main.o(i.rude_word_check) for rude_word_check
    main.o(i.getInitials_fancyName) refers to main.o(.constdata) for .constdata
    main.o(i.getInitials_fancyName) refers to main.o(.data) for .data
    main.o(i.init_temp_p_data) refers to main.o(.bss) for .bss
    main.o(i.main) refers to app_timer.o(i.app_timer_init) for app_timer_init
    main.o(i.main) refers to app_error.o(i.app_error_handler_bare) for app_error_handler_bare
    main.o(i.main) refers to buzzer.o(i.init_buzzer) for init_buzzer
    main.o(i.main) refers to hm_leds_pwm.o(i.LEDS_PWM_init) for LEDS_PWM_init
    main.o(i.main) refers to main.o(i.init_temp_p_data) for init_temp_p_data
    main.o(i.main) refers to microbit_leds.o(i.init_micro_LEDs) for init_micro_LEDs
    main.o(i.main) refers to uart_spi.o(i.init_broadcast_timer) for init_broadcast_timer
    main.o(i.main) refers to micro_bit_sensors.o(i.init_microbit_sensors) for init_microbit_sensors
    main.o(i.main) refers to spi_master.o(i.SPI_init) for SPI_init
    main.o(i.main) refers to uart_spi.o(i.check_update_name) for check_update_name
    main.o(i.main) refers to main.o(i.ble_stack_init) for ble_stack_init
    main.o(i.main) refers to main.o(i.gap_params_init) for gap_params_init
    main.o(i.main) refers to ble_nus.o(i.ble_nus_init) for ble_nus_init
    main.o(i.main) refers to memseta.o(.text) for __aeabi_memclr4
    main.o(i.main) refers to ble_advertising.o(i.ble_advertising_init) for ble_advertising_init
    main.o(i.main) refers to ble_conn_params.o(i.ble_conn_params_init) for ble_conn_params_init
    main.o(i.main) refers to main.o(i.getInitials_fancyName) for getInitials_fancyName
    main.o(i.main) refers to f_save.o(i.start_check_update_calibrate) for start_check_update_calibrate
    main.o(i.main) refers to microbit_leds.o(i.start_LEDarray_advertising) for start_LEDarray_advertising
    main.o(i.main) refers to ble_advertising.o(i.ble_advertising_start) for ble_advertising_start
    main.o(i.main) refers to uart_spi.o(i.uart_spi_bridge) for uart_spi_bridge
[...]
    i.twi_handler                            0x0001fd1c   Section        0  micro_bit_sensors.o(i.twi_handler)
    i.twi_init                               0x0001fd30   Section        0  micro_bit_sensors.o(i.twi_init)
    i.twi_process_error                      0x0001fd64   Section        0  nrf_drv_twi.o(i.twi_process_error)
    twi_process_error                        0x0001fd65   Thumb Code    28  nrf_drv_twi.o(i.twi_process_error)
    i.twi_rx_start_transfer                  0x0001fd84   Section        0  nrf_drv_twi.o(i.twi_rx_start_transfer)
    twi_rx_start_transfer                    0x0001fd85   Thumb Code   154  nrf_drv_twi.o(i.twi_rx_start_transfer)
    i.twi_send_byte                          0x0001fe24   Section        0  nrf_drv_twi.o(i.twi_send_byte)
    twi_send_byte                            0x0001fe25   Thumb Code    46  nrf_drv_twi.o(i.twi_send_byte)
    i.twi_transfer                           0x0001fe52   Section        0  nrf_drv_twi.o(i.twi_transfer)
    twi_transfer                             0x0001fe53   Thumb Code   264  nrf_drv_twi.o(i.twi_transfer)
    i.twi_tx_start_transfer                  0x0001ff5c   Section        0  nrf_drv_twi.o(i.twi_tx_start_transfer)
    twi_tx_start_transfer                    0x0001ff5d   Thumb Code   152  nrf_drv_twi.o(i.twi_tx_start_transfer)
    i.twi_xfer                               0x0001fff8   Section        0  nrf_drv_twi.o(i.twi_xfer)
    twi_xfer                                 0x0001fff9   Thumb Code   140  nrf_drv_twi.o(i.twi_xfer)
    i.tx_byte                                0x00020084   Section        0  nrf_drv_uart.o(i.tx_byte)
    tx_byte                                  0x00020085   Thumb Code    30  nrf_drv_uart.o(i.tx_byte)
    i.tx_char_add                            0x000200a2   Section        0  ble_nus.o(i.tx_char_add)
    tx_char_add                              0x000200a3   Thumb Code   128  ble_nus.o(i.tx_char_add)
    i.tx_done_event                          0x00020122   Section        0  nrf_drv_uart.o(i.tx_done_event)
    tx_done_event                            0x00020123   Thumb Code    24  nrf_drv_uart.o(i.tx_done_event)
    i.uart_irq_handler                       0x0002013a   Section        0  nrf_drv_uart.o(i.uart_irq_handler)
    uart_irq_handler                         0x0002013b   Thumb Code   296  nrf_drv_uart.o(i.uart_irq_handler)
    i.uart_spi_bridge                        0x00020264   Section        0  uart_spi.o(i.uart_spi_bridge)
    i.uint16_encode                          0x000204f0   Section        0  ble_advdata.o(i.uint16_encode)
    uint16_encode                            0x000204f1   Thumb Code    10  ble_advdata.o(i.uint16_encode)
    i.update_flash_array                     0x000204fc   Section        0  microbit_leds.o(i.update_flash_array)
    i.update_name_disconnect                 0x00020540   Section        0  main.o(i.update_name_disconnect)
    i.update_timeout_handler                 0x00020560   Section        0  ble_conn_params.o(i.update_timeout_handler)
    update_timeout_handler                   0x00020561   Thumb Code    86  ble_conn_params.o(i.update_timeout_handler)
    i.user_op_alloc                          0x000205c4   Section        0  app_timer.o(i.user_op_alloc)
    user_op_alloc                            0x000205c5   Thumb Code    40  app_timer.o(i.user_op_alloc)
    i.uuid_list_encode                       0x000205f0   Section        0  ble_advdata.o(i.uuid_list_encode)
    uuid_list_encode                         0x000205f1   Thumb Code    48  ble_advdata.o(i.uuid_list_encode)
    i.uuid_list_sized_encode                 0x00020620   Section        0  ble_advdata.o(i.uuid_list_sized_encode)
    uuid_list_sized_encode                   0x00020621   Thumb Code   174  ble_advdata.o(i.uuid_list_sized_encode)
    i.verify_data_packet                     0x000206ce   Section        0  micro_bit_sensors.o(i.verify_data_packet)
    i.whitelist_has_entries                  0x000206e0   Section        0  ble_advertising.o(i.whitelist_has_entries)
    whitelist_has_entries                    0x000206e1   Thumb Code    18  ble_advertising.o(i.whitelist_has_entries)
    i.write_calib_values                     0x000206f8   Section        0  f_save.o(i.write_calib_values)
    i.write_offset                           0x00020754   Section        0  micro_bit_sensors.o(i.write_offset)
    .constdata                               0x000207d4   Section     1999  main.o(.constdata)
    name_first                               0x000207d8   Data         512  main.o(.constdata)
    name_second                              0x000209d8   Data         512  main.o(.constdata)
    name_third                               0x00020bd8   Data         512  main.o(.constdata)
    first_letter                             0x00020dd8   Data         153  main.o(.constdata)
    second_letter                            0x00020e71   Data         153  main.o(.constdata)
    third_letter                             0x00020f0a   Data         153  main.o(.constdata)
    .constdata                               0x00020fa4   Section        4  uart_spi.o(.constdata)
    broadcast_timer_id                       0x00020fa4   Data           4  uart_spi.o(.constdata)
    .constdata                               0x00020fa8   Section        8  hm_leds_pwm.o(.constdata)
    .constdata                               0x00020fb0   Section       28  hm_leds_pwm.o(.constdata)
    .constdata                               0x00020fcc   Section       32  buzzer.o(.constdata)
    micro_buzzer                             0x00020fcc   Data           4  buzzer.o(.constdata)
    .constdata                               0x00020fec   Section        8  buzzer.o(.constdata)
    .constdata                               0x00020ff4   Section      580  microbit_leds.o(.constdata)
    micro_LED_timer_id                       0x00020ff4   Data           4  microbit_leds.o(.constdata)
    micro_LED_flash                          0x00020ff8   Data           4  microbit_leds.o(.constdata)
    microbit_leds                            0x00020ffc   Data          12  microbit_leds.o(.constdata)
    rows_leds                                0x00021008   Data          25  microbit_leds.o(.constdata)
    columns_leds                             0x00021021   Data          25  microbit_leds.o(.constdata)
    All_LEDbitmap                            0x0002103c   Data         508  microbit_leds.o(.constdata)
    .constdata                               0x00021238   Section       24  micro_bit_sensors.o(.constdata)
    m_twi                                    0x00021238   Data           8  micro_bit_sensors.o(.constdata)
    .constdata                               0x00021250   Section       16  spi_master.o(.constdata)
    .constdata                               0x00021260   Section        4  ble_conn_params.o(.constdata)
    m_conn_params_timer_id                   0x00021260   Data           4  ble_conn_params.o(.constdata)
    .constdata                               0x00021264   Section       16  ble_nus.o(.constdata)
    .constdata                               0x00021274   Section       12  nrf_drv_twi.o(.constdata)
    .constdata                               0x00021280   Section        4  nrf_drv_gpiote_1.o(.constdata)
    .constdata                               0x00021284   Section       12  app_pwm.o(.constdata)
    .data                                    0x20001fe8   Section       24  main.o(.data)
    m_conn_handle                            0x20001ff0   Data           2  main.o(.data)
    m_adv_uuids                              0x20001ff4   Data           4  main.o(.data)
    .data                                    0x20002000   Section        1  main.o(.data)
    .data                                    0x20002001   Section        1  main.o(.data)
    .data                                    0x20002002   Section        1  main.o(.data)
    .data                                    0x20002003   Section        1  main.o(.data)
    .data                                    0x20002004   Section        1  main.o(.data)
    .data                                    0x20002008   Section       43  uart_spi.o(.data)
    samd_firmware_version                    0x20002008   Data           1  uart_spi.o(.data)
    count_MB_HB_check                        0x2000200b   Data           1  uart_spi.o(.data)
    temp                                     0x2000200c   Data           4  uart_spi.o(.data)
    sensor_data_output_sum                   0x20002010   Data           4  uart_spi.o(.data)
    sensor_command                           0x20002014   Data           5  uart_spi.o(.data)
    temp                                     0x20002019   Data          13  uart_spi.o(.data)
    temp                                     0x20002026   Data          13  uart_spi.o(.data)
    .data                                    0x20002033   Section        1  hm_leds_pwm.o(.data)
    pwm_updated_led1                         0x20002033   Data           1  hm_leds_pwm.o(.data)
    .data                                    0x20002034   Section        2  buzzer.o(.data)
    buzzer_progress                          0x20002034   Data           1  buzzer.o(.data)
    pwm_updated_buzzer                       0x20002035   Data           1  buzzer.o(.data)
    .data                                    0x20002038   Section       32  microbit_leds.o(.data)
    micro_led_enable                         0x20002038   Data           1  microbit_leds.o(.data)
    temp_value_bitmap                        0x20002039   Data           1  microbit_leds.o(.data)
    advertising_string                       0x2000203a   Data           1  microbit_leds.o(.data)
    current_row                              0x2000203c   Data           1  microbit_leds.o(.data)
    update_led_value                         0x2000203d   Data           1  microbit_leds.o(.data)
    micro_led_value                          0x20002040   Data           4  microbit_leds.o(.data)
    led_row_1_count                          0x20002044   Data           4  microbit_leds.o(.data)
    led_row_2_count                          0x20002048   Data           4  microbit_leds.o(.data)
    led_row_3_count                          0x2000204c   Data           4  microbit_leds.o(.data)
    temp_micro_led_value                     0x20002050   Data           4  microbit_leds.o(.data)
    prev_temp_micro_led_value                0x20002054   Data           4  microbit_leds.o(.data)
    .data                                    0x20002058   Section       36  micro_bit_sensors.o(.data)
    m_xfer_done                              0x20002058   Data           1  micro_bit_sensors.o(.data)
    calibrate_feedback                       0x20002059   Data           1  micro_bit_sensors.o(.data)
    read_shake_mma                           0x2000205a   Data           1  micro_bit_sensors.o(.data)
    read_temp_mag                            0x2000205b   Data           1  micro_bit_sensors.o(.data)
    offset_z                                 0x2000205c   Data           2  micro_bit_sensors.o(.data)
    offset_x                                 0x2000205e   Data           2  micro_bit_sensors.o(.data)
    offset_y                                 0x20002060   Data           2  micro_bit_sensors.o(.data)
    offset                                   0x20002062   Data           6  micro_bit_sensors.o(.data)
    read_axis_mma                            0x2000206e   Data           7  micro_bit_sensors.o(.data)
    read_axis_mag                            0x20002075   Data           7  micro_bit_sensors.o(.data)
    .data                                    0x2000207c   Section       24  f_save.o(.data)
    fs_callback_flag                         0x2000207c   Data           1  f_save.o(.data)
    flash_data                               0x20002080   Data           4  f_save.o(.data)
    calibrate_pos                            0x20002084   Data           4  f_save.o(.data)
    offset_values                            0x20002088   Data           6  f_save.o(.data)
    offset                                   0x2000208e   Data           6  f_save.o(.data)
    .data                                    0x20002094   Section        8  spi_master.o(.data)
    .data                                    0x2000209c   Section       48  ble_advertising.o(.data)
    m_initialized                            0x2000209c   Data           1  ble_advertising.o(.data)
    m_advertising_start_pending              0x2000209d   Data           1  ble_advertising.o(.data)
    m_adv_evt                                0x2000209e   Data           1  ble_advertising.o(.data)
    m_adv_mode_current                       0x2000209f   Data           1  ble_advertising.o(.data)
    m_peer_addr_reply_expected               0x200020a0   Data           1  ble_advertising.o(.data)
    m_whitelist_temporarily_disabled         0x200020a1   Data           1  ble_advertising.o(.data)
    m_whitelist_reply_expected               0x200020a2   Data           1  ble_advertising.o(.data)
    m_current_slave_link_conn_handle         0x200020a4   Data           2  ble_advertising.o(.data)
    m_slave_conn_int                         0x200020a6   Data           4  ble_advertising.o(.data)
    m_evt_handler                            0x200020ac   Data           4  ble_advertising.o(.data)
    m_error_handler                          0x200020b0   Data           4  ble_advertising.o(.data)
    m_peer_address                           0x200020b4   Data           7  ble_advertising.o(.data)
    m_whitelist                              0x200020bc   Data          16  ble_advertising.o(.data)
    .data                                    0x200020cc   Section       20  ble_conn_params.o(.data)
    m_change_param                           0x200020cc   Data           1  ble_conn_params.o(.data)
    m_update_count                           0x200020cd   Data           1  ble_conn_params.o(.data)
    m_conn_handle                            0x200020ce   Data           2  ble_conn_params.o(.data)
    m_preferred_conn_params                  0x200020d0   Data           8  ble_conn_params.o(.data)
    m_current_conn_params                    0x200020d8   Data           8  ble_conn_params.o(.data)
    .data                                    0x200020e0   Section        8  nrf_drv_ppi.o(.data)
    m_drv_state                              0x200020e0   Data           1  nrf_drv_ppi.o(.data)
    m_groups_allocated                       0x200020e1   Data           1  nrf_drv_ppi.o(.data)
    m_channels_allocated                     0x200020e4   Data           4  nrf_drv_ppi.o(.data)
    .data                                    0x200020e8   Section       32  app_timer.o(.data)
    m_ticks_elapsed_q_read_ind               0x200020e8   Data           1  app_timer.o(.data)
    m_ticks_elapsed_q_write_ind              0x200020e9   Data           1  app_timer.o(.data)
    m_rtc1_running                           0x200020ea   Data           1  app_timer.o(.data)
    m_rtc1_reset                             0x200020eb   Data           1  app_timer.o(.data)
    mp_timer_id_head                         0x200020ec   Data           4  app_timer.o(.data)
    m_ticks_latest                           0x200020f0   Data           4  app_timer.o(.data)
    m_evt_schedule_func                      0x200020f4   Data           4  app_timer.o(.data)
    m_op_queue                               0x200020f8   Data           8  app_timer.o(.data)
    m_ticks_elapsed                          0x20002100   Data           8  app_timer.o(.data)
    .data                                    0x20002108   Section       12  app_util_platform.o(.data)
    m_in_critical_region                     0x20002108   Data           4  app_util_platform.o(.data)
    .data                                    0x20002114   Section        2  fstorage.o(.data)
    m_flags                                  0x20002114   Data           1  fstorage.o(.data)
    m_retry_count                            0x20002115   Data           1  fstorage.o(.data)
    .data                                    0x20002116   Section        9  app_pwm.o(.data)
    m_pwm_busy                               0x20002116   Data           3  app_pwm.o(.data)
    .data                                    0x20002120   Section       20  softdevice_handler.o(.data)
    m_softdevice_enabled                     0x20002120   Data           1  softdevice_handler.o(.data)
    m_suspended                              0x20002121   Data           1  softdevice_handler.o(.data)
    m_ble_evt_buffer_size                    0x20002122   Data           2  softdevice_handler.o(.data)
    m_evt_schedule_func                      0x20002124   Data           4  softdevice_handler.o(.data)
    mp_ble_evt_buffer                        0x20002128   Data           4  softdevice_handler.o(.data)
    m_ble_evt_handler                        0x2000212c   Data           4  softdevice_handler.o(.data)
    m_sys_evt_handler                        0x20002130   Data           4  softdevice_handler.o(.data)
    .data                                    0x20002134   Section        4  system_nrf51.o(.data)
    __tagsym$$used                           0x20002134   Number         0  system_nrf51.o(.data)
    fs_data                                  0x20002138   Section       16  f_save.o(fs_data)
    __tagsym$$used                           0x20002138   Number         0  f_save.o(fs_data)
    fs_config                                0x20002138   Data          16  f_save.o(fs_data)
    .bss                                     0x20002148   Section      659  main.o(.bss)
    BLE_EVT_BUFFER                           0x20002148   Data          72  main.o(.bss)
    APP_TIMER_BUF                            0x20002190   Data         264  main.o(.bss)
    .bss                                     0x200023db   Section       20  main.o(.bss)
    .bss                                     0x200023ef   Section       20  main.o(.bss)
    .bss                                     0x20002404   Section       32  uart_spi.o(.bss)
    broadcast_timer_id_data                  0x20002404   Data          32  uart_spi.o(.bss)
    .bss                                     0x20002424   Section       40  uart_spi.o(.bss)
    current_command                          0x20002424   Data          20  uart_spi.o(.bss)
    .bss                                     0x2000244c   Section       36  hm_leds_pwm.o(.bss)
    .bss                                     0x20002470   Section       32  buzzer.o(.bss)
    micro_buzzer_data                        0x20002470   Data          32  buzzer.o(.bss)
    .bss                                     0x20002490   Section       36  buzzer.o(.bss)
    .bss                                     0x200024b4   Section       32  microbit_leds.o(.bss)
    micro_LED_timer_id_data                  0x200024b4   Data          32  microbit_leds.o(.bss)
    .bss                                     0x200024d4   Section       32  microbit_leds.o(.bss)
    micro_LED_flash_data                     0x200024d4   Data          32  microbit_leds.o(.bss)
    .bss                                     0x200024f4   Section      430  microbit_leds.o(.bss)
    array_leds_set                           0x200024f4   Data         100  microbit_leds.o(.bss)
    LED_ROW_1                                0x20002558   Data          40  microbit_leds.o(.bss)
    LED_ROW_2                                0x20002580   Data          40  microbit_leds.o(.bss)
    LED_ROW_3                                0x200025a8   Data          40  microbit_leds.o(.bss)
    .bss                                     0x200026a2   Section     1838  micro_bit_sensors.o(.bss)
    prev_input_micro_packet                  0x200026a2   Data          19  micro_bit_sensors.o(.bss)
    prev_input_micro_packet                  0x200026b5   Data          19  micro_bit_sensors.o(.bss)
    calibrate_mag                            0x200026c8   Data        1800  micro_bit_sensors.o(.bss)
    .bss                                     0x20002dd0   Section       12  f_save.o(.bss)
    offset_32                                0x20002dd0   Data          12  f_save.o(.bss)
    .bss                                     0x20002ddc   Section       20  spi_master.o(.bss)
    m_rx_buf                                 0x20002ddc   Data          20  spi_master.o(.bss)
    .bss                                     0x20002df0   Section      363  ble_advertising.o(.bss)
    m_adv_modes_config                       0x20002df0   Data          32  ble_advertising.o(.bss)
    m_advdata                                0x20002e10   Data          60  ble_advertising.o(.bss)
    m_manuf_specific_data                    0x20002e4c   Data          12  ble_advertising.o(.bss)
    m_manuf_data_array                       0x20002e58   Data          31  ble_advertising.o(.bss)
    m_service_data                           0x20002e78   Data          12  ble_advertising.o(.bss)
    m_service_data_array                     0x20002e84   Data          31  ble_advertising.o(.bss)
    m_whitelist_addrs                        0x20002ea3   Data          56  ble_advertising.o(.bss)
    m_whitelist_irks                         0x20002edb   Data         128  ble_advertising.o(.bss)
    .bss                                     0x20002f5c   Section       32  ble_advertising.o(.bss)
    m_p_whitelist_addrs                      0x20002f5c   Data          32  ble_advertising.o(.bss)
    .bss                                     0x20002f7c   Section       32  ble_advertising.o(.bss)
    m_p_whitelist_irks                       0x20002f7c   Data          32  ble_advertising.o(.bss)
    .bss                                     0x20002f9c   Section       32  ble_conn_params.o(.bss)
    m_conn_params_timer_id_data              0x20002f9c   Data          32  ble_conn_params.o(.bss)
    .bss                                     0x20002fbc   Section       28  ble_conn_params.o(.bss)
    m_conn_params_config                     0x20002fbc   Data          28  ble_conn_params.o(.bss)
    .bss                                     0x20002fd8   Section       20  nrf_drv_clock.o(.bss)
    m_clock_cb                               0x20002fd8   Data          20  nrf_drv_clock.o(.bss)
    .bss                                     0x20002fec   Section       28  nrf_drv_uart.o(.bss)
    m_cb                                     0x20002fec   Data          28  nrf_drv_uart.o(.bss)
    .bss                                     0x20003008   Section       32  nrf_drv_spi.o(.bss)
    m_cb                                     0x20003008   Data          32  nrf_drv_spi.o(.bss)
    .bss                                     0x20003028   Section       36  nrf_drv_timer.o(.bss)
    m_cb                                     0x20003028   Data          36  nrf_drv_timer.o(.bss)
    .bss                                     0x2000304c   Section       40  nrf_drv_twi.o(.bss)
    m_cb                                     0x2000304c   Data          40  nrf_drv_twi.o(.bss)
    .bss                                     0x20003074   Section       72  nrf_drv_gpiote_1.o(.bss)
    m_cb                                     0x20003074   Data          72  nrf_drv_gpiote_1.o(.bss)
    .bss                                     0x200030bc   Section      104  fstorage.o(.bss)
    m_queue                                  0x200030bc   Data         104  fstorage.o(.bss)
    .bss                                     0x20003124   Section       24  app_pwm.o(.bss)
    m_pwm_target_value                       0x20003124   Data          12  app_pwm.o(.bss)
    m_instances                              0x20003130   Data          12  app_pwm.o(.bss)
    STACK                                    0x20003140   Section     2048  arm_startup_nrf51.o(STACK)

    Global Symbols

    Symbol Name                              Value     Ov Type        Size  Object(Section)

    BuildAttributes$$THM_ISAv3M$S$PE$A:L22$X:L11$S22$IEEE1$IW$USESV6$~STKCKD$USESV7$~SHL$OSPACE$EBA8$MICROLIB$REQ8$PRES8$EABIv2 0x00000000   Number         0  anon$$obj.o ABSOLUTE
    __ARM_use_no_argv                        0x00000000   Number         0  main.o ABSOLUTE
    __cpp_initialize__aeabi_                  - Undefined Weak Reference
    __cxa_finalize                            - Undefined Weak Reference
    _clock_init                               - Undefined Weak Reference
    _microlib_exit                            - Undefined Weak Reference
    __Vectors_Size                           0x000000c0   Number         0  arm_startup_nrf51.o ABSOLUTE
    __Vectors                                0x0001b000   Data           4  arm_startup_nrf51.o(RESET)
    __Vectors_End                            0x0001b0c0   Data           0  arm_startup_nrf51.o(RESET)
    __main                                   0x0001b0c1   Thumb Code     0  entry.o(.ARM.Collect$$$$00000000)
    _main_stk                                0x0001b0c1   Thumb Code     0  entry2.o(.ARM.Collect$$$$00000001)
    _main_scatterload                        0x0001b0c5   Thumb Code     0  entry5.o(.ARM.Collect$$$$00000004)
    __main_after_scatterload                 0x0001b0c9   Thumb Code     0  entry5.o(.ARM.Collect$$$$00000004)
    _main_clock                              0x0001b0c9   Thumb Code     0  entry7b.o(.ARM.Collect$$$$00000008)
    _main_cpp_init                           0x0001b0c9   Thumb Code     0  entry8b.o(.ARM.Collect$$$$0000000A)
    _main_init                               0x0001b0c9   Thumb Code     0  entry9a.o(.ARM.Collect$$$$0000000B)
    __rt_final_cpp                           0x0001b0d1   Thumb Code     0  entry10a.o(.ARM.Collect$$$$0000000D)
    __rt_final_exit                          0x0001b0d1   Thumb Code     0  entry11a.o(.ARM.Collect$$$$0000000F)
    Reset_Handler                            0x0001b0d5   Thumb Code    26  arm_startup_nrf51.o(.text)
    NMI_Handler                              0x0001b0ef   Thumb Code     2  arm_startup_nrf51.o(.text)
    HardFault_Handler                        0x0001b0f1   Thumb Code     2  arm_startup_nrf51.o(.text)
    SVC_Handler                              0x0001b0f3   Thumb Code     2  arm_startup_nrf51.o(.text)
    PendSV_Handler                           0x0001b0f5   Thumb Code     2  arm_startup_nrf51.o(.text)
    SysTick_Handler                          0x0001b0f7   Thumb Code     2  arm_startup_nrf51.o(.text)
    ADC_IRQHandler                           0x0001b0f9   Thumb Code     0  arm_startup_nrf51.o(.text)
    CCM_AAR_IRQHandler                       0x0001b0f9   Thumb Code     0  arm_startup_nrf51.o(.text)
    ECB_IRQHandler                           0x0001b0f9   Thumb Code     0  arm_startup_nrf51.o(.text)
    LPCOMP_IRQHandler                        0x0001b0f9   Thumb Code     0  arm_startup_nrf51.o(.text)
    QDEC_IRQHandler                          0x0001b0f9   Thumb Code     0  arm_startup_nrf51.o(.text)
    RADIO_IRQHandler                         0x0001b0f9   Thumb Code     0  arm_startup_nrf51.o(.text)
    RNG_IRQHandler                           0x0001b0f9   Thumb Code     0  arm_startup_nrf51.o(.text)
    RTC0_IRQHandler                          0x0001b0f9   Thumb Code     0  arm_startup_nrf51.o(.text)
    SWI1_IRQHandler                          0x0001b0f9   Thumb Code     0  arm_startup_nrf51.o(.text)
    SWI3_IRQHandler                          0x0001b0f9   Thumb Code     0  arm_startup_nrf51.o(.text)
    SWI4_IRQHandler                          0x0001b0f9   Thumb Code     0  arm_startup_nrf51.o(.text)
    SWI5_IRQHandler                          0x0001b0f9   Thumb Code     0  arm_startup_nrf51.o(.text)
    TEMP_IRQHandler                          0x0001b0f9   Thumb Code     0  arm_startup_nrf51.o(.text)
    WDT_IRQHandler                           0x0001b0f9   Thumb Code     0  arm_startup_nrf51.o(.text)
    __aeabi_uidiv                            0x0001b10d   Thumb Code     0  uidiv.o(.text)
    __aeabi_uidivmod                         0x0001b10d   Thumb Code    44  uidiv.o(.text)
    __aeabi_uldivmod                         0x0001b139   Thumb Code    96  uldiv.o(.text)
    __aeabi_memcpy                           0x0001b199   Thumb Code    36  memcpya.o(.text)
    __aeabi_memcpy4                          0x0001b199   Thumb Code     0  memcpya.o(.text)
    __aeabi_memcpy8                          0x0001b199   Thumb Code     0  memcpya.o(.text)
    __aeabi_memset                           0x0001b1bd   Thumb Code    14  memseta.o(.text)
    __aeabi_memset4                          0x0001b1bd   Thumb Code     0  memseta.o(.text)
    __aeabi_memset8                          0x0001b1bd   Thumb Code     0  memseta.o(.text)
    __aeabi_memclr                           0x0001b1cb   Thumb Code     4  memseta.o(.text)
    __aeabi_memclr4                          0x0001b1cb   Thumb Code     0  memseta.o(.text)
    __aeabi_memclr8                          0x0001b1cb   Thumb Code     0  memseta.o(.text)
    _memset$wrapper                          0x0001b1cf   Thumb Code    18  memseta.o(.text)
    strlen                                   0x0001b1e1   Thumb Code    14  strlen.o(.text)
    __aeabi_llsl                             0x0001b1ef   Thumb Code    32  llshl.o(.text)
    _ll_shift_l                              0x0001b1ef   Thumb Code     0  llshl.o(.text)
    __aeabi_llsr                             0x0001b20f   Thumb Code    34  llushr.o(.text)
    _ll_ushift_r                             0x0001b20f   Thumb Code     0  llushr.o(.text)
    __scatterload                            0x0001b231   Thumb Code    28  init.o(.text)
    __scatterload_rt2                        0x0001b231   Thumb Code     0  init.o(.text)
    __decompress                             0x0001b255   Thumb Code     0  __dczerorl2.o(.text)
    __decompress1                            0x0001b255   Thumb Code    86  __dczerorl2.o(.text)
    GPIOTE_IRQHandler                        0x0001b2ad   Thumb Code   364  nrf_drv_gpiote_1.o(i.GPIOTE_IRQHandler)
    LEDS_PWM_init                            0x0001b425   Thumb Code   106  hm_leds_pwm.o(i.LEDS_PWM_init)
    LED_HB_control                           0x0001b49d   Thumb Code    70  hm_leds_pwm.o(i.LED_HB_control)
    LED_micro_control                        0x0001b4ed   Thumb Code    70  microbit_leds.o(i.LED_micro_control)
    MAG_set_mode                             0x0001b541   Thumb Code    46  micro_bit_sensors.o(i.MAG_set_mode)
    MMA_set_mode                             0x0001b57d   Thumb Code   148  micro_bit_sensors.o(i.MMA_set_mode)
    POWER_CLOCK_IRQHandler                   0x0001b67d   Thumb Code    70  nrf_drv_clock.o(i.POWER_CLOCK_IRQHandler)
    RTC1_IRQHandler                          0x0001b6d1   Thumb Code    28  app_timer.o(i.RTC1_IRQHandler)
    SPI0_TWI0_IRQHandler                     0x0001b6f1   Thumb Code    52  nrf_drv_spi.o(i.SPI0_TWI0_IRQHandler)
    SPI1_TWI1_IRQHandler                     0x0001b72d   Thumb Code    12  nrf_drv_twi.o(i.SPI1_TWI1_IRQHandler)
    SPI_init                                 0x0001b741   Thumb Code    48  spi_master.o(i.SPI_init)
    SWI0_IRQHandler                          0x0001b77d   Thumb Code     8  app_timer.o(i.SWI0_IRQHandler)
    SWI2_IRQHandler                          0x0001b785   Thumb Code    28  softdevice_handler.o(i.SWI2_IRQHandler)
    SystemInit                               0x0001b7a5   Thumb Code   130  system_nrf51.o(i.SystemInit)
    TIMER0_IRQHandler                        0x0001b845   Thumb Code    14  nrf_drv_timer.o(i.TIMER0_IRQHandler)
    TIMER1_IRQHandler                        0x0001b85d   Thumb Code    14  nrf_drv_timer.o(i.TIMER1_IRQHandler)
    TIMER2_IRQHandler                        0x0001b875   Thumb Code    14  nrf_drv_timer.o(i.TIMER2_IRQHandler)
    UART0_IRQHandler                         0x0001b88d   Thumb Code    12  nrf_drv_uart.o(i.UART0_IRQHandler)
    __ARM_common_switch8                     0x0001b8a1   Thumb Code    26  microbit_leds.o(i.__ARM_common_switch8)
    __scatterload_copy                       0x0001b8bb   Thumb Code    14  handlers.o(i.__scatterload_copy)
    __scatterload_null                       0x0001b8c9   Thumb Code     2  handlers.o(i.__scatterload_null)
    __scatterload_zeroinit                   0x0001b8cb   Thumb Code    14  handlers.o(i.__scatterload_zeroinit)
    adv_data_encode                          0x0001b8f5   Thumb Code   398  ble_advdata.o(i.adv_data_encode)
    app_error_fault_handler                  0x0001baed   Thumb Code    18  app_error_weak.o(i.app_error_fault_handler)
    app_error_handler_bare                   0x0001bb09   Thumb Code    20  app_error.o(i.app_error_handler_bare)
    app_pwm_busy_check                       0x0001bb21   Thumb Code    52  app_pwm.o(i.app_pwm_busy_check)
    app_pwm_channel_duty_set                 0x0001bb5d   Thumb Code    32  app_pwm.o(i.app_pwm_channel_duty_set)
    app_pwm_channel_duty_ticks_set           0x0001bb7d   Thumb Code   172  app_pwm.o(i.app_pwm_channel_duty_ticks_set)
    app_pwm_disable                          0x0001bd11   Thumb Code   132  app_pwm.o(i.app_pwm_disable)
    app_pwm_enable                           0x0001bd99   Thumb Code   116  app_pwm.o(i.app_pwm_enable)
    app_pwm_init                             0x0001be11   Thumb Code   362  app_pwm.o(i.app_pwm_init)
    app_pwm_uninit                           0x0001bf91   Thumb Code    42  app_pwm.o(i.app_pwm_uninit)
    app_timer_create                         0x0001bfbd   Thumb Code    40  app_timer.o(i.app_timer_create)
    app_timer_init                           0x0001bfe9   Thumb Code    98  app_timer.o(i.app_timer_init)
    app_timer_start                          0x0001c05d   Thumb Code   128  app_timer.o(i.app_timer_start)
    app_timer_stop                           0x0001c0e5   Thumb Code    36  app_timer.o(i.app_timer_stop)
    app_util_critical_region_enter           0x0001c10d   Thumb Code    48  app_util_platform.o(i.app_util_critical_region_enter)
    app_util_critical_region_exit            0x0001c149   Thumb Code    36  app_util_platform.o(i.app_util_critical_region_exit)
    ble_advdata_set                          0x0001c181   Thumb Code   104  ble_advdata.o(i.ble_advdata_set)
    ble_advertising_init                     0x0001c1e9   Thumb Code   340  ble_advertising.o(i.ble_advertising_init)
    ble_advertising_on_ble_evt               0x0001c345   Thumb Code    82  ble_advertising.o(i.ble_advertising_on_ble_evt)
    ble_advertising_start                    0x0001c39d   Thumb Code   256  ble_advertising.o(i.ble_advertising_start)
    ble_conn_params_init                     0x0001c4a5   Thumb Code    68  ble_conn_params.o(i.ble_conn_params_init)
    ble_conn_params_on_ble_evt               0x0001c4f9   Thumb Code   130  ble_conn_params.o(i.ble_conn_params_on_ble_evt)
    ble_nus_init                             0x0001c60d   Thumb Code    98  ble_nus.o(i.ble_nus_init)
    ble_nus_on_ble_evt                       0x0001c675   Thumb Code    92  ble_nus.o(i.ble_nus_on_ble_evt)
    ble_nus_string_send                      0x0001c6d1   Thumb Code    78  ble_nus.o(i.ble_nus_string_send)
    ble_srv_is_notification_enabled          0x0001c725   Thumb Code    14  ble_srv_common.o(i.ble_srv_is_notification_enabled)
    broadcast_start                          0x0001c7a5   Thumb Code    36  uart_spi.o(i.broadcast_start)
    broadcast_stop                           0x0001c7d5   Thumb Code    30  uart_spi.o(i.broadcast_stop)
    broadcast_timer_handler                  0x0001c7fd   Thumb Code    38  uart_spi.o(i.broadcast_timer_handler)
    buzzer_HB_control                        0x0001c835   Thumb Code   178  buzzer.o(i.buzzer_HB_control)
    buzzer_bluetooth_connection              0x0001c8fd   Thumb Code    62  sound_buzzer.o(i.buzzer_bluetooth_connection)
    buzzer_bluetooth_disconnection           0x0001c949   Thumb Code    62  sound_buzzer.o(i.buzzer_bluetooth_disconnection)
    calibrate_compass                        0x0001c995   Thumb Code   426  micro_bit_sensors.o(i.calibrate_compass)
    check_calibrate                          0x0001cbc9   Thumb Code    22  f_save.o(i.check_calibrate)
    check_flashing                           0x0001cc05   Thumb Code    34  main.o(i.check_flashing)
    check_sound                              0x0001cc2d   Thumb Code    40  main.o(i.check_sound)
    check_update_name                        0x0001cc59   Thumb Code    64  uart_spi.o(i.check_update_name)
    check_update_name_disconnect             0x0001cca5   Thumb Code    56  uart_spi.o(i.check_update_name_disconnect)
    convert_ascii                            0x0001ceb1   Thumb Code    14  main.o(i.convert_ascii)
    fs_erase                                 0x0001cf01   Thumb Code   118  fstorage.o(i.fs_erase)
    fs_init                                  0x0001cf8d   Thumb Code   154  fstorage.o(i.fs_init)
    fs_queued_op_count_get                   0x0001d039   Thumb Code    18  fstorage.o(i.fs_queued_op_count_get)
    fs_store                                 0x0001d051   Thumb Code   128  fstorage.o(i.fs_store)
    fs_sys_event_handler                     0x0001d0d5   Thumb Code    94  fstorage.o(i.fs_sys_event_handler)
    fstorage_erase                           0x0001d13d   Thumb Code    22  f_save.o(i.fstorage_erase)
    fstorage_read                            0x0001d15d   Thumb Code    16  f_save.o(i.fstorage_read)
    fstorage_write                           0x0001d175   Thumb Code    40  f_save.o(i.fstorage_write)
    getInitials_fancyName                    0x0001d1f1   Thumb Code   114  main.o(i.getInitials_fancyName)
    get_LEDbitmap                            0x0001d275   Thumb Code     8  microbit_leds.o(i.get_LEDbitmap)
    init_LEDs_micro                          0x0001d281   Thumb Code    74  microbit_leds.o(i.init_LEDs_micro)
    init_broadcast_timer                     0x0001d2d1   Thumb Code    28  uart_spi.o(i.init_broadcast_timer)
    init_buttons                             0x0001d2f5   Thumb Code    20  micro_bit_sensors.o(i.init_buttons)
    init_buzzer                              0x0001d309   Thumb Code    36  buzzer.o(i.init_buzzer)
    init_led_address                         0x0001d339   Thumb Code    32  microbit_leds.o(i.init_led_address)
    init_micro_LEDs                          0x0001d361   Thumb Code    46  microbit_leds.o(i.init_micro_LEDs)
    init_microbit_sensors                    0x0001d39d   Thumb Code    20  micro_bit_sensors.o(i.init_microbit_sensors)
    init_mma_mag                             0x0001d3b1   Thumb Code    16  micro_bit_sensors.o(i.init_mma_mag)
    init_temp_p_data                         0x0001d3c1   Thumb Code    20  main.o(i.init_temp_p_data)
    intern_softdevice_events_execute         0x0001d3d9   Thumb Code   122  softdevice_handler.o(i.intern_softdevice_events_execute)
    main                                     0x0001d769   Thumb Code   266  main.o(i.main)
    nrf_drv_clock_init                       0x0001dbd1   Thumb Code    60  nrf_drv_clock.o(i.nrf_drv_clock_init)
    nrf_drv_clock_on_sd_enable               0x0001dc19   Thumb Code    46  nrf_drv_clock.o(i.nrf_drv_clock_on_sd_enable)
    nrf_drv_clock_on_soc_event               0x0001dc4d   Thumb Code    12  nrf_drv_clock.o(i.nrf_drv_clock_on_soc_event)
    nrf_drv_common_irq_enable                0x0001dc59   Thumb Code    78  nrf_drv_common.o(i.nrf_drv_common_irq_enable)
    nrf_drv_gpiote_init                      0x0001dcb9   Thumb Code    84  nrf_drv_gpiote_1.o(i.nrf_drv_gpiote_init)
    nrf_drv_gpiote_is_init                   0x0001dd15   Thumb Code    12  nrf_drv_gpiote_1.o(i.nrf_drv_gpiote_is_init)
    nrf_drv_gpiote_out_init                  0x0001dd25   Thumb Code   136  nrf_drv_gpiote_1.o(i.nrf_drv_gpiote_out_init)
    nrf_drv_gpiote_out_task_addr_get         0x0001ddbd   Thumb Code    16  nrf_drv_gpiote_1.o(i.nrf_drv_gpiote_out_task_addr_get)
    nrf_drv_gpiote_out_task_disable          0x0001ddd1   Thumb Code    24  nrf_drv_gpiote_1.o(i.nrf_drv_gpiote_out_task_disable)
    nrf_drv_gpiote_out_task_enable           0x0001ddf1   Thumb Code    38  nrf_drv_gpiote_1.o(i.nrf_drv_gpiote_out_task_enable)
    nrf_drv_gpiote_out_task_force            0x0001de21   Thumb Code    36  nrf_drv_gpiote_1.o(i.nrf_drv_gpiote_out_task_force)
    nrf_drv_gpiote_out_uninit                0x0001de4d   Thumb Code    60  nrf_drv_gpiote_1.o(i.nrf_drv_gpiote_out_uninit)
    nrf_drv_ppi_channel_alloc                0x0001de91   Thumb Code    94  nrf_drv_ppi.o(i.nrf_drv_ppi_channel_alloc)
    nrf_drv_ppi_channel_assign               0x0001def9   Thumb Code    60  nrf_drv_ppi.o(i.nrf_drv_ppi_channel_assign)
    nrf_drv_ppi_channel_disable              0x0001df39   Thumb Code    54  nrf_drv_ppi.o(i.nrf_drv_ppi_channel_disable)
    nrf_drv_ppi_channel_enable               0x0001df75   Thumb Code    54  nrf_drv_ppi.o(i.nrf_drv_ppi_channel_enable)
    nrf_drv_ppi_channel_free                 0x0001dfb1   Thumb Code    56  nrf_drv_ppi.o(i.nrf_drv_ppi_channel_free)
    nrf_drv_ppi_channels_include_in_group    0x0001dff1   Thumb Code    80  nrf_drv_ppi.o(i.nrf_drv_ppi_channels_include_in_group)
    nrf_drv_ppi_channels_remove_from_group   0x0001e045   Thumb Code    80  nrf_drv_ppi.o(i.nrf_drv_ppi_channels_remove_from_group)
    nrf_drv_ppi_group_alloc                  0x0001e099   Thumb Code    94  nrf_drv_ppi.o(i.nrf_drv_ppi_group_alloc)
    nrf_drv_ppi_group_enable                 0x0001e0fd   Thumb Code    46  nrf_drv_ppi.o(i.nrf_drv_ppi_group_enable)
    nrf_drv_ppi_group_free                   0x0001e131   Thumb Code    72  nrf_drv_ppi.o(i.nrf_drv_ppi_group_free)
    nrf_drv_ppi_init                         0x0001e181   Thumb Code    20  nrf_drv_ppi.o(i.nrf_drv_ppi_init)
    nrf_drv_spi_init                         0x0001e199   Thumb Code   262  nrf_drv_spi.o(i.nrf_drv_spi_init)
    nrf_drv_spi_transfer                     0x0001e2ad   Thumb Code    24  nrf_drv_spi.o(i.nrf_drv_spi_transfer)
    nrf_drv_spi_xfer                         0x0001e2c5   Thumb Code   104  nrf_drv_spi.o(i.nrf_drv_spi_xfer)
    nrf_drv_timer_clear                      0x0001e34f   Thumb Code     8  nrf_drv_timer.o(i.nrf_drv_timer_clear)
    nrf_drv_timer_compare                    0x0001e357   Thumb Code    42  nrf_drv_timer.o(i.nrf_drv_timer_compare)
    nrf_drv_timer_compare_int_disable        0x0001e38f   Thumb Code    18  nrf_drv_timer.o(i.nrf_drv_timer_compare_int_disable)
    nrf_drv_timer_compare_int_enable         0x0001e3a1   Thumb Code    34  nrf_drv_timer.o(i.nrf_drv_timer_compare_int_enable)
    nrf_drv_timer_disable                    0x0001e3c5   Thumb Code    20  nrf_drv_timer.o(i.nrf_drv_timer_disable)
    nrf_drv_timer_enable                     0x0001e3dd   Thumb Code    22  nrf_drv_timer.o(i.nrf_drv_timer_enable)
    nrf_drv_timer_extended_compare           0x0001e3f9   Thumb Code    46  nrf_drv_timer.o(i.nrf_drv_timer_extended_compare)
    nrf_drv_timer_init                       0x0001e429   Thumb Code   150  nrf_drv_timer.o(i.nrf_drv_timer_init)
    nrf_drv_timer_uninit                     0x0001e4c5   Thumb Code    80  nrf_drv_timer.o(i.nrf_drv_timer_uninit)
    nrf_drv_twi_enable                       0x0001e51d   Thumb Code    28  nrf_drv_twi.o(i.nrf_drv_twi_enable)
    nrf_drv_twi_init                         0x0001e53d   Thumb Code   124  nrf_drv_twi.o(i.nrf_drv_twi_init)
    nrf_drv_twi_rx                           0x0001e5c5   Thumb Code    30  nrf_drv_twi.o(i.nrf_drv_twi_rx)
    nrf_drv_twi_tx                           0x0001e5e9   Thumb Code    36  nrf_drv_twi.o(i.nrf_drv_twi_tx)
    nrf_drv_twi_xfer                         0x0001e60d   Thumb Code    36  nrf_drv_twi.o(i.nrf_drv_twi_xfer)
    pwm_ready_callback_buzzer                0x0001ea3d   Thumb Code     8  buzzer.o(i.pwm_ready_callback_buzzer)
    pwm_ready_callback_led1                  0x0001ea49   Thumb Code     8  hm_leds_pwm.o(i.pwm_ready_callback_led1)
    pwm_ready_tick                           0x0001ea55   Thumb Code    78  app_pwm.o(i.pwm_ready_tick)
    read_buttons                             0x0001ef05   Thumb Code    38  micro_bit_sensors.o(i.read_buttons)
    read_calib_values                        0x0001ef39   Thumb Code    32  f_save.o(i.read_calib_values)
    read_data                                0x0001ef5d   Thumb Code    36  spi_master.o(i.read_data)
    read_data_packet                         0x0001ef8d   Thumb Code    16  micro_bit_sensors.o(i.read_data_packet)
    read_firmware_SAMD                       0x0001ef9d   Thumb Code    48  uart_spi.o(i.read_firmware_SAMD)
    read_mag_packet                          0x0001efd5   Thumb Code    62  micro_bit_sensors.o(i.read_mag_packet)
    read_mma_packet                          0x0001f021   Thumb Code    84  micro_bit_sensors.o(i.read_mma_packet)
    read_verify_offset_mag                   0x0001f1a9   Thumb Code    82  micro_bit_sensors.o(i.read_verify_offset_mag)
    rude_word_check                          0x0001f24d   Thumb Code    54  main.o(i.rude_word_check)
    send_I2C_acc                             0x0001f3e9   Thumb Code    38  micro_bit_sensors.o(i.send_I2C_acc)
    send_I2C_mag                             0x0001f419   Thumb Code    38  micro_bit_sensors.o(i.send_I2C_mag)
    set_all_led_micro                        0x0001f5cd   Thumb Code   316  microbit_leds.o(i.set_all_led_micro)
    set_devicename_array                     0x0001f719   Thumb Code   102  main.o(i.set_devicename_array)
    set_interrupt_pins_mag                   0x0001f789   Thumb Code    12  micro_bit_sensors.o(i.set_interrupt_pins_mag)
    set_interrupt_pins_mma                   0x0001f795   Thumb Code    20  micro_bit_sensors.o(i.set_interrupt_pins_mma)
    softdevice_ble_evt_handler_set           0x0001f7a9   Thumb Code    16  softdevice_handler.o(i.softdevice_ble_evt_handler_set)
    softdevice_enable                        0x0001f7bd   Thumb Code    14  softdevice_handler.o(i.softdevice_enable)
    softdevice_enable_get_default_config     0x0001f7d1   Thumb Code    40  softdevice_handler.o(i.softdevice_enable_get_default_config)
    softdevice_fault_handler                 0x0001f7f9   Thumb Code     8  softdevice_handler.o(i.softdevice_fault_handler)
    softdevice_handler_init                  0x0001f801   Thumb Code    74  softdevice_handler.o(i.softdevice_handler_init)
    softdevice_handler_is_enabled            0x0001f859   Thumb Code     6  softdevice_handler.o(i.softdevice_handler_is_enabled)
    softdevice_sys_evt_handler_set           0x0001f865   Thumb Code    16  softdevice_handler.o(i.softdevice_sys_evt_handler_set)
    spi_event_handler                        0x0001f879   Thumb Code     8  spi_master.o(i.spi_event_handler)
    start_LEDarray_advertising               0x0001f911   Thumb Code    44  microbit_leds.o(i.start_LEDarray_advertising)
    start_check_update_calibrate             0x0001f94d   Thumb Code    56  f_save.o(i.start_check_update_calibrate)
    start_flashing_string                    0x0001f989   Thumb Code    14  microbit_leds.o(i.start_flashing_string)
    start_flashing_timer                     0x0001f99d   Thumb Code    30  microbit_leds.o(i.start_flashing_timer)
    stop_LEDarray_display                    0x0001f9c9   Thumb Code    54  microbit_leds.o(i.stop_LEDarray_display)
    stop_flashing_timer                      0x0001fa11   Thumb Code    18  microbit_leds.o(i.stop_flashing_timer)
    switch_off_leds                          0x0001fa2d   Thumb Code    38  microbit_leds.o(i.switch_off_leds)
    transfer_data                            0x0001fc55   Thumb Code    36  spi_master.o(i.transfer_data)
    twi_handler                              0x0001fd1d   Thumb Code    14  micro_bit_sensors.o(i.twi_handler)
    twi_init                                 0x0001fd31   Thumb Code    42  micro_bit_sensors.o(i.twi_init)
    uart_spi_bridge                          0x00020265   Thumb Code   600  uart_spi.o(i.uart_spi_bridge)
    update_flash_array                       0x000204fd   Thumb Code    58  microbit_leds.o(i.update_flash_array)
    update_name_disconnect                   0x00020541   Thumb Code    26  main.o(i.update_name_disconnect)
    verify_data_packet                       0x000206cf   Thumb Code    16  micro_bit_sensors.o(i.verify_data_packet)
    write_calib_values                       0x000206f9   Thumb Code    82  f_save.o(i.write_calib_values)
    write_offset                             0x00020755   Thumb Code   108  micro_bit_sensors.o(i.write_offset)
    m_pwm_PWM1_timer                         0x00020fa8   Data           8  hm_leds_pwm.o(.constdata)
    PWM1                                     0x00020fb0   Data           8  hm_leds_pwm.o(.constdata)
    PWM2                                     0x00020fd0   Data           8  buzzer.o(.constdata)
    m_pwm_PWM2_timer                         0x00020fec   Data           8  buzzer.o(.constdata)
    Region$$Table$$Base                      0x00021290   Number         0  anon$$obj.o(Region$$Table)
    Region$$Table$$Limit                     0x000212b0   Number         0  anon$$obj.o(Region$$Table)
    Image$$RW_IRAM1$$Base                    0x20001fe8   Number         0  anon$$obj.o ABSOLUTE
    tail_pointer                             0x20001fe8   Data           1  main.o(.data)
    head_pointer                             0x20001fe9   Data           1  main.o(.data)
    start_advertising_flashing               0x20001fea   Data           1  main.o(.data)
    stop_advertising_flashing                0x20001feb   Data           1  main.o(.data)
    sound_effect                             0x20001fec   Data           1  main.o(.data)
    INITIAL_NAME                             0x20001fed   Data           2  main.o(.data)
    transmit_length                          0x20001ff2   Data           2  main.o(.data)
    LED_value                                0x20001ff8   Data           4  main.o(.data)
    initials_name                            0x20001ffc   Data           4  main.o(.data)
    broadcast_flag                           0x20002000   Data           1  main.o(.data)
    spi_xfer_done                            0x20002001   Data           1  main.o(.data)
    app_selected                             0x20002002   Data           1  main.o(.data)
    LED_array_enable                         0x20002003   Data           1  main.o(.data)
    flash_mb                                 0x20002004   Data           1  main.o(.data)
    sensor_data_ready                        0x20002009   Data           1  uart_spi.o(.data)
    prev_state                               0x2000200a   Data           1  uart_spi.o(.data)
    length_flash                             0x2000203b   Data           1  microbit_leds.o(.data)
    read_offset_mag                          0x20002068   Data           6  micro_bit_sensors.o(.data)
    spi                                      0x20002094   Data           8  spi_master.o(.data)
    nrf_nvic_state                           0x2000210c   Data           8  app_util_platform.o(.data)
    m_pwm_ready_counter                      0x20002119   Data           6  app_pwm.o(.data)
    SystemCoreClock                          0x20002134   Data           4  system_nrf51.o(.data)
    fs_data$$Base                            0x20002138   Number         0  f_save.o(fs_data)
    fs_data$$Limit                           0x20002148   Number         0  f_save.o(fs_data)
    m_nus                                    0x20002298   Data          28  main.o(.bss)
    DEVICE_NAME                              0x200022b4   Data          20  main.o(.bss)
    temp_p_data                              0x200022c8   Data          20  main.o(.bss)
    buffer_data                              0x200022dc   Data         255  main.o(.bss)
    sensor_outputs                           0x200023db   Data          20  main.o(.bss)
    input_micro_packet                       0x200023ef   Data          20  main.o(.bss)
    flash_data                               0x20002438   Data          20  uart_spi.o(.bss)
    m_pwm_PWM1_cb                            0x2000244c   Data          36  hm_leds_pwm.o(.bss)
    m_pwm_PWM2_cb                            0x20002490   Data          36  buzzer.o(.bss)
    current_flash_bitmap                     0x200025d0   Data         160  microbit_leds.o(.bss)
    LED_ARRAY                                0x20002670   Data          50  microbit_leds.o(.bss)
    __initial_sp                             0x20003940   Data           0  arm_startup_nrf51.o(STACK)



==============================================================================

Memory Map of the image

  Image Entry point : 0x0001b0c1

  Load Region LR_IROM1 (Base: 0x0001b000, Size: 0x00006410, Max: 0x00025000, ABSOLUTE, COMPRESSED[0x000062f4])

    Execution Region ER_IROM1 (Base: 0x0001b000, Size: 0x000062b0, Max: 0x00025000, ABSOLUTE)

    Base Addr    Size         Type   Attr      Idx    E Section Name        Object

    0x0001b000   0x000000c0   Data   RO         4211    RESET               arm_startup_nrf51.o
    0x0001b0c0   0x00000000   Code   RO         4253  * .ARM.Collect$$$$00000000  mc_p.l(entry.o)
    0x0001b0c0   0x00000004   Code   RO         4270    .ARM.Collect$$$$00000001  mc_p.l(entry2.o)
    0x0001b0c4   0x00000004   Code   RO         4273    .ARM.Collect$$$$00000004  mc_p.l(entry5.o)
    0x0001b0c8   0x00000000   Code   RO         4275    .ARM.Collect$$$$00000008  mc_p.l(entry7b.o)
    0x0001b0c8   0x00000000   Code   RO         4277    .ARM.Collect$$$$0000000A  mc_p.l(entry8b.o)
    0x0001b0c8   0x00000008   Code   RO         4278    .ARM.Collect$$$$0000000B  mc_p.l(entry9a.o)
    0x0001b0d0   0x00000000   Code   RO         4280    .ARM.Collect$$$$0000000D  mc_p.l(entry10a.o)
    0x0001b0d0   0x00000000   Code   RO         4282    .ARM.Collect$$$$0000000F  mc_p.l(entry11a.o)
    0x0001b0d0   0x00000004   Code   RO         4271    .ARM.Collect$$$$00002712  mc_p.l(entry2.o)
    0x0001b0d4   0x00000038   Code   RO         4212    .text               arm_startup_nrf51.o
    0x0001b10c   0x0000002c   Code   RO         4256    .text               mc_p.l(uidiv.o)
    0x0001b138   0x00000060   Code   RO         4258    .text               mc_p.l(uldiv.o)
    0x0001b198   0x00000024   Code   RO         4260    .text               mc_p.l(memcpya.o)
    0x0001b1bc   0x00000024   Code   RO         4262    .text               mc_p.l(memseta.o)
    0x0001b1e0   0x0000000e   Code   RO         4264    .text               mc_p.l(strlen.o)
    0x0001b1ee   0x00000020   Code   RO         4284    .text               mc_p.l(llshl.o)
    0x0001b20e   0x00000022   Code   RO         4286    .text               mc_p.l(llushr.o)
    0x0001b230   0x00000024   Code   RO         4288    .text               mc_p.l(init.o)
    0x0001b254   0x00000056   Code   RO         4298    .text               mc_p.l(__dczerorl2.o)
    0x0001b2aa   0x00000002   PAD
    0x0001b2ac   0x00000178   Code   RO         2902    i.GPIOTE_IRQHandler  nrf_drv_gpiote_1.o
    0x0001b424   0x00000078   Code   RO          505    i.LEDS_PWM_init     hm_leds_pwm.o
    0x0001b49c   0x00000050   Code   RO          506    i.LED_HB_control    hm_leds_pwm.o
    0x0001b4ec   0x00000054   Code   RO          699    i.LED_micro_control  microbit_leds.o
    0x0001b540   0x0000003c   Code   RO          848    i.MAG_set_mode      micro_bit_sensors.o
    0x0001b57c   0x000000bc   Code   RO          849    i.MMA_set_mode      micro_bit_sensors.o
    0x0001b638   0x00000044   Code   RO         3297    i.NVIC_SetPriority  app_timer.o
    0x0001b67c   0x00000054   Code   RO         1891    i.POWER_CLOCK_IRQHandler  nrf_drv_clock.o
    0x0001b6d0   0x00000020   Code   RO         3298    i.RTC1_IRQHandler   app_timer.o
    0x0001b6f0   0x0000003c   Code   RO         2288    i.SPI0_TWI0_IRQHandler  nrf_drv_spi.o
    0x0001b72c   0x00000014   Code   RO         2752    i.SPI1_TWI1_IRQHandler  nrf_drv_twi.o
    0x0001b740   0x0000003c   Code   RO         1493    i.SPI_init          spi_master.o
    0x0001b77c   0x00000008   Code   RO         3299    i.SWI0_IRQHandler   app_timer.o
    0x0001b784   0x00000020   Code   RO         4081    i.SWI2_IRQHandler   softdevice_handler.o
    0x0001b7a4   0x000000a0   Code   RO         4219    i.SystemInit        system_nrf51.o
    0x0001b844   0x00000018   Code   RO         2479    i.TIMER0_IRQHandler  nrf_drv_timer.o
    0x0001b85c   0x00000018   Code   RO         2480    i.TIMER1_IRQHandler  nrf_drv_timer.o
    0x0001b874   0x00000018   Code   RO         2481    i.TIMER2_IRQHandler  nrf_drv_timer.o
    0x0001b88c   0x00000014   Code   RO         2111    i.UART0_IRQHandler  nrf_drv_uart.o
    0x0001b8a0   0x0000001a   Code   RO          820    i.__ARM_common_switch8  microbit_leds.o
    0x0001b8ba   0x0000000e   Code   RO         4292    i.__scatterload_copy  mc_p.l(handlers.o)
    0x0001b8c8   0x00000002   Code   RO         4293    i.__scatterload_null  mc_p.l(handlers.o)
    0x0001b8ca   0x0000000e   Code   RO         4294    i.__scatterload_zeroinit  mc_p.l(handlers.o)
    0x0001b8d8   0x0000001c   Code   RO         4082    i.__sd_nvic_app_accessible_irq  softdevice_handler.o
    0x0001b8f4   0x0000018e   Code   RO         1557    i.adv_data_encode   ble_advdata.o
    0x0001ba82   0x00000002   PAD
    0x0001ba84   0x00000068   Code   RO         1633    i.adv_mode_next_avail_get  ble_advertising.o
    0x0001baec   0x0000001c   Code   RO         3205    i.app_error_fault_handler  app_error_weak.o
    0x0001bb08   0x00000018   Code   RO         3170    i.app_error_handler_bare  app_error.o
    0x0001bb20   0x0000003c   Code   RO         3729    i.app_pwm_busy_check  app_pwm.o
    0x0001bb5c   0x00000020   Code   RO         3732    i.app_pwm_channel_duty_set  app_pwm.o
    0x0001bb7c   0x000000b0   Code   RO         3734    i.app_pwm_channel_duty_ticks_set  app_pwm.o
    0x0001bc2c   0x000000e4   Code   RO         3735    i.app_pwm_channel_init  app_pwm.o
    0x0001bd10   0x00000088   Code   RO         3737    i.app_pwm_disable   app_pwm.o
    0x0001bd98   0x00000078   Code   RO         3738    i.app_pwm_enable    app_pwm.o
    0x0001be10   0x00000180   Code   RO         3739    i.app_pwm_init      app_pwm.o
    0x0001bf90   0x0000002a   Code   RO         3740    i.app_pwm_uninit    app_pwm.o
    0x0001bfba   0x00000002   PAD
    0x0001bfbc   0x0000002c   Code   RO         3302    i.app_timer_create  app_timer.o
    0x0001bfe8   0x00000074   Code   RO         3303    i.app_timer_init    app_timer.o
    0x0001c05c   0x00000088   Code   RO         3304    i.app_timer_start   app_timer.o
    0x0001c0e4   0x00000028   Code   RO         3305    i.app_timer_stop    app_timer.o
    0x0001c10c   0x0000003c   Code   RO         3501    i.app_util_critical_region_enter  app_util_platform.o
    0x0001c148   0x0000002c   Code   RO         3502    i.app_util_critical_region_exit  app_util_platform.o
    0x0001c174   0x0000000c   Code   RO         2602    i.are_app_channels  nrf_drv_ppi.o
    0x0001c180   0x00000068   Code   RO         1558    i.ble_advdata_set   ble_advdata.o
    0x0001c1e8   0x0000015c   Code   RO         1634    i.ble_advertising_init  ble_advertising.o
    0x0001c344   0x00000058   Code   RO         1635    i.ble_advertising_on_ble_evt  ble_advertising.o
    0x0001c39c   0x00000108   Code   RO         1639    i.ble_advertising_start  ble_advertising.o
    0x0001c4a4   0x00000054   Code   RO         1727    i.ble_conn_params_init  ble_conn_params.o
    0x0001c4f8   0x00000090   Code   RO         1728    i.ble_conn_params_on_ble_evt  ble_conn_params.o
    0x0001c588   0x0000005e   Code   RO         1559    i.ble_device_addr_encode  ble_advdata.o
    0x0001c5e6   0x00000002   PAD
    0x0001c5e8   0x00000024   Code   RO            4    i.ble_evt_dispatch  main.o
    0x0001c60c   0x00000068   Code   RO         1845    i.ble_nus_init      ble_nus.o
    0x0001c674   0x0000005c   Code   RO         1846    i.ble_nus_on_ble_evt  ble_nus.o
    0x0001c6d0   0x00000054   Code   RO         1847    i.ble_nus_string_send  ble_nus.o
    0x0001c724   0x0000000e   Code   RO         1792    i.ble_srv_is_notification_enabled  ble_srv_common.o
    0x0001c732   0x00000002   PAD
    0x0001c734   0x00000070   Code   RO            5    i.ble_stack_init    main.o
    0x0001c7a4   0x00000030   Code   RO          401    i.broadcast_start   uart_spi.o
    0x0001c7d4   0x00000028   Code   RO          402    i.broadcast_stop    uart_spi.o
    0x0001c7fc   0x00000038   Code   RO          403    i.broadcast_timer_handler  uart_spi.o
    0x0001c834   0x000000c8   Code   RO          629    i.buzzer_HB_control  buzzer.o
    0x0001c8fc   0x0000004c   Code   RO         1048    i.buzzer_bluetooth_connection  sound_buzzer.o
    0x0001c948   0x0000004c   Code   RO         1049    i.buzzer_bluetooth_disconnection  sound_buzzer.o
    0x0001c994   0x000001c0   Code   RO          850    i.calibrate_compass  micro_bit_sensors.o
    0x0001cb54   0x0000001c   Code   RO         2903    i.channel_free      nrf_drv_gpiote_1.o
    0x0001cb70   0x00000048   Code   RO         2904    i.channel_port_alloc  nrf_drv_gpiote_1.o
    0x0001cbb8   0x00000010   Code   RO         2905    i.channel_port_get  nrf_drv_gpiote_1.o
    0x0001cbc8   0x0000001c   Code   RO         1079    i.check_calibrate   f_save.o
    0x0001cbe4   0x00000020   Code   RO         3548    i.check_config      fstorage.o
    0x0001cc04   0x00000028   Code   RO            6    i.check_flashing    main.o
    0x0001cc2c   0x0000002c   Code   RO            7    i.check_sound       main.o
    0x0001cc58   0x0000004c   Code   RO          404    i.check_update_name  uart_spi.o
    0x0001cca4   0x00000044   Code   RO          405    i.check_update_name_disconnect  uart_spi.o
    0x0001cce8   0x00000028   Code   RO         1892    i.clock_clk_started_notify  nrf_drv_clock.o
    0x0001cd10   0x000000a8   Code   RO         3307    i.compare_reg_update  app_timer.o
    0x0001cdb8   0x00000088   Code   RO         1560    i.conn_int_encode   ble_advdata.o
    0x0001ce40   0x00000008   Code   RO            8    i.conn_params_error_handler  main.o
    0x0001ce48   0x00000068   Code   RO         1730    i.conn_params_negotiation  ble_conn_params.o
    0x0001ceb0   0x0000000e   Code   RO            9    i.convert_ascii     main.o
    0x0001cebe   0x00000002   PAD
    0x0001cec0   0x00000040   Code   RO         3308    i.elapsed_ticks_acquire  app_timer.o
    0x0001cf00   0x0000007c   Code   RO         3549    i.fs_erase          fstorage.o
    0x0001cf7c   0x00000010   Code   RO         1080    i.fs_evt_handler    f_save.o
    0x0001cf8c   0x000000ac   Code   RO         3551    i.fs_init           fstorage.o
    0x0001d038   0x00000018   Code   RO         3554    i.fs_queued_op_count_get  fstorage.o
    0x0001d050   0x00000084   Code   RO         3555    i.fs_store          fstorage.o
    0x0001d0d4   0x00000068   Code   RO         3556    i.fs_sys_event_handler  fstorage.o
    0x0001d13c   0x00000020   Code   RO         1081    i.fstorage_erase    f_save.o
    0x0001d15c   0x00000018   Code   RO         1082    i.fstorage_read     f_save.o
    0x0001d174   0x00000030   Code   RO         1083    i.fstorage_write    f_save.o
    0x0001d1a4   0x0000004c   Code   RO           10    i.gap_params_init   main.o
    0x0001d1f0   0x00000084   Code   RO           11    i.getInitials_fancyName  main.o
    0x0001d274   0x0000000c   Code   RO          701    i.get_LEDbitmap     microbit_leds.o
    0x0001d280   0x00000050   Code   RO          702    i.init_LEDs_micro   microbit_leds.o
    0x0001d2d0   0x00000024   Code   RO          406    i.init_broadcast_timer  uart_spi.o
    0x0001d2f4   0x00000014   Code   RO          851    i.init_buttons      micro_bit_sensors.o
    0x0001d308   0x00000030   Code   RO          630    i.init_buzzer       buzzer.o
    0x0001d338   0x00000028   Code   RO          703    i.init_led_address  microbit_leds.o
    0x0001d360   0x0000003c   Code   RO          704    i.init_micro_LEDs   microbit_leds.o
    0x0001d39c   0x00000014   Code   RO          852    i.init_microbit_sensors  micro_bit_sensors.o
    0x0001d3b0   0x00000010   Code   RO          853    i.init_mma_mag      micro_bit_sensors.o
    0x0001d3c0   0x00000018   Code   RO           12    i.init_temp_p_data  main.o
    0x0001d3d8   0x00000080   Code   RO         4083    i.intern_softdevice_events_execute  softdevice_handler.o
    0x0001d458   0x00000040   Code   RO         2482    i.irq_handler       nrf_drv_timer.o
    0x0001d498   0x000000ac   Code   RO         2753    i.irq_handler_twi   nrf_drv_twi.o
    0x0001d544   0x00000018   Code   RO         2603    i.is_allocated_channel  nrf_drv_ppi.o
    0x0001d55c   0x00000018   Code   RO         2604    i.is_allocated_group  nrf_drv_ppi.o
    0x0001d574   0x0000000e   Code   RO         2605    i.is_app_channel    nrf_drv_ppi.o
    0x0001d582   0x0000000c   Code   RO         2606    i.is_app_group      nrf_drv_ppi.o
    0x0001d58e   0x00000002   PAD
    0x0001d590   0x0000001c   Code   RO         1731    i.is_conn_params_ok  ble_conn_params.o
    0x0001d5ac   0x00000048   Code   RO         4220    i.is_manual_peripheral_setup_needed  system_nrf51.o
    0x0001d5f4   0x0000000c   Code   RO         2607    i.is_programmable_app_channel  nrf_drv_ppi.o
    0x0001d600   0x000000ac   Code   RO         3309    i.list_deletions_handler  app_timer.o
    0x0001d6ac   0x000000bc   Code   RO         3310    i.list_insertions_handler  app_timer.o
    0x0001d768   0x0000012c   Code   RO           13    i.main              main.o
    0x0001d894   0x00000068   Code   RO         1561    i.manuf_specific_data_encode  ble_advdata.o
    0x0001d8fc   0x00000044   Code   RO          705    i.micro_LED_flash_handler  microbit_leds.o
    0x0001d940   0x0000003c   Code   RO          706    i.micro_LED_timer_handler  microbit_leds.o
    0x0001d97c   0x00000034   Code   RO          631    i.micro_buzzer_timer_handler  buzzer.o
    0x0001d9b0   0x0000009e   Code   RO         1562    i.name_encode       ble_advdata.o
    0x0001da4e   0x00000010   Code   RO         2906    i.nrf_bitmask_bit_is_set  nrf_drv_gpiote_1.o
    0x0001da5e   0x00000010   Code   RO         1896    i.nrf_clock_event_check  nrf_drv_clock.o
    0x0001da6e   0x00000002   PAD
    0x0001da70   0x00000034   Code   RO          407    i.nrf_delay_ms      uart_spi.o
    0x0001daa4   0x00000034   Code   RO          854    i.nrf_delay_ms      micro_bit_sensors.o
    0x0001dad8   0x00000034   Code   RO         1050    i.nrf_delay_ms      sound_buzzer.o
    0x0001db0c   0x00000034   Code   RO         1085    i.nrf_delay_ms      f_save.o
    0x0001db40   0x00000030   Code   RO         2289    i.nrf_delay_us      nrf_drv_spi.o
    0x0001db70   0x00000030   Code   RO         2754    i.nrf_delay_us      nrf_drv_twi.o
    0x0001dba0   0x00000030   Code   RO         3311    i.nrf_delay_us      app_timer.o
    0x0001dbd0   0x00000048   Code   RO         1903    i.nrf_drv_clock_init  nrf_drv_clock.o
    0x0001dc18   0x00000034   Code   RO         1910    i.nrf_drv_clock_on_sd_enable  nrf_drv_clock.o
    0x0001dc4c   0x0000000c   Code   RO         1911    i.nrf_drv_clock_on_soc_event  nrf_drv_clock.o
    0x0001dc58   0x00000060   Code   RO         2080    i.nrf_drv_common_irq_enable  nrf_drv_common.o
    0x0001dcb8   0x0000005c   Code   RO         2913    i.nrf_drv_gpiote_init  nrf_drv_gpiote_1.o
    0x0001dd14   0x00000010   Code   RO         2914    i.nrf_drv_gpiote_is_init  nrf_drv_gpiote_1.o
    0x0001dd24   0x00000098   Code   RO         2916    i.nrf_drv_gpiote_out_init  nrf_drv_gpiote_1.o
    0x0001ddbc   0x00000014   Code   RO         2918    i.nrf_drv_gpiote_out_task_addr_get  nrf_drv_gpiote_1.o
    0x0001ddd0   0x00000020   Code   RO         2919    i.nrf_drv_gpiote_out_task_disable  nrf_drv_gpiote_1.o
    0x0001ddf0   0x00000030   Code   RO         2920    i.nrf_drv_gpiote_out_task_enable  nrf_drv_gpiote_1.o
    0x0001de20   0x0000002c   Code   RO         2921    i.nrf_drv_gpiote_out_task_force  nrf_drv_gpiote_1.o
    0x0001de4c   0x00000044   Code   RO         2924    i.nrf_drv_gpiote_out_uninit  nrf_drv_gpiote_1.o
    0x0001de90   0x00000068   Code   RO         2608    i.nrf_drv_ppi_channel_alloc  nrf_drv_ppi.o
    0x0001def8   0x00000040   Code   RO         2609    i.nrf_drv_ppi_channel_assign  nrf_drv_ppi.o
    0x0001df38   0x0000003c   Code   RO         2610    i.nrf_drv_ppi_channel_disable  nrf_drv_ppi.o
    0x0001df74   0x0000003c   Code   RO         2611    i.nrf_drv_ppi_channel_enable  nrf_drv_ppi.o
    0x0001dfb0   0x00000040   Code   RO         2613    i.nrf_drv_ppi_channel_free  nrf_drv_ppi.o
    0x0001dff0   0x00000054   Code   RO         2614    i.nrf_drv_ppi_channels_include_in_group  nrf_drv_ppi.o
    0x0001e044   0x00000054   Code   RO         2615    i.nrf_drv_ppi_channels_remove_from_group  nrf_drv_ppi.o
    0x0001e098   0x00000064   Code   RO         2616    i.nrf_drv_ppi_group_alloc  nrf_drv_ppi.o
    0x0001e0fc   0x00000034   Code   RO         2618    i.nrf_drv_ppi_group_enable  nrf_drv_ppi.o
    0x0001e130   0x00000050   Code   RO         2619    i.nrf_drv_ppi_group_free  nrf_drv_ppi.o
    0x0001e180   0x00000018   Code   RO         2620    i.nrf_drv_ppi_init  nrf_drv_ppi.o
    0x0001e198   0x00000114   Code   RO         2290    i.nrf_drv_spi_init  nrf_drv_spi.o
    0x0001e2ac   0x00000018   Code   RO         2291    i.nrf_drv_spi_transfer  nrf_drv_spi.o
    0x0001e2c4   0x00000070   Code   RO         2293    i.nrf_drv_spi_xfer  nrf_drv_spi.o
    0x0001e334   0x0000000e   Code   RO         3741    i.nrf_drv_timer_capture_get  app_pwm.o
    0x0001e342   0x0000000c   Code   RO         3742    i.nrf_drv_timer_capture_task_address_get  app_pwm.o
    0x0001e34e   0x00000008   Code   RO         2484    i.nrf_drv_timer_clear  nrf_drv_timer.o
    0x0001e356   0x0000002a   Code   RO         2485    i.nrf_drv_timer_compare  nrf_drv_timer.o
    0x0001e380   0x0000000e   Code   RO         3743    i.nrf_drv_timer_compare_event_address_get  app_pwm.o
    0x0001e38e   0x00000012   Code   RO         2486    i.nrf_drv_timer_compare_int_disable  nrf_drv_timer.o
    0x0001e3a0   0x00000022   Code   RO         2487    i.nrf_drv_timer_compare_int_enable  nrf_drv_timer.o
    0x0001e3c2   0x00000002   PAD
    0x0001e3c4   0x00000018   Code   RO         2488    i.nrf_drv_timer_disable  nrf_drv_timer.o
    0x0001e3dc   0x0000001c   Code   RO         2489    i.nrf_drv_timer_enable  nrf_drv_timer.o
    0x0001e3f8   0x0000002e   Code   RO         2490    i.nrf_drv_timer_extended_compare  nrf_drv_timer.o
    0x0001e426   0x00000002   PAD
    0x0001e428   0x0000009c   Code   RO         2492    i.nrf_drv_timer_init  nrf_drv_timer.o
    0x0001e4c4   0x00000058   Code   RO         2495    i.nrf_drv_timer_uninit  nrf_drv_timer.o
    0x0001e51c   0x00000020   Code   RO         2757    i.nrf_drv_twi_enable  nrf_drv_twi.o
    0x0001e53c   0x00000088   Code   RO         2758    i.nrf_drv_twi_init  nrf_drv_twi.o
    0x0001e5c4   0x00000024   Code   RO         2759    i.nrf_drv_twi_rx    nrf_drv_twi.o
    0x0001e5e8   0x00000024   Code   RO         2762    i.nrf_drv_twi_tx    nrf_drv_twi.o
    0x0001e60c   0x00000028   Code   RO         2764    i.nrf_drv_twi_xfer  nrf_drv_twi.o
    0x0001e634   0x00000028   Code   RO          707    i.nrf_gpio_cfg      microbit_leds.o
    0x0001e65c   0x00000028   Code   RO         2294    i.nrf_gpio_cfg      nrf_drv_spi.o
    0x0001e684   0x00000028   Code   RO         2926    i.nrf_gpio_cfg      nrf_drv_gpiote_1.o
    0x0001e6ac   0x00000012   Code   RO         2927    i.nrf_gpio_cfg_default  nrf_drv_gpiote_1.o
    0x0001e6be   0x00000014   Code   RO          855    i.nrf_gpio_cfg_input  micro_bit_sensors.o
    0x0001e6d2   0x00000014   Code   RO          632    i.nrf_gpio_cfg_output  buzzer.o
    0x0001e6e6   0x00000014   Code   RO         2295    i.nrf_gpio_cfg_output  nrf_drv_spi.o
    0x0001e6fa   0x00000022   Code   RO         2928    i.nrf_gpio_cfg_sense_set  nrf_drv_gpiote_1.o
    0x0001e71c   0x00000010   Code   RO          708    i.nrf_gpio_pin_clear  microbit_leds.o
    0x0001e72c   0x00000010   Code   RO          709    i.nrf_gpio_pin_set  microbit_leds.o
    0x0001e73c   0x00000010   Code   RO         2296    i.nrf_gpio_pin_set  nrf_drv_spi.o
    0x0001e74c   0x00000010   Code   RO         2765    i.nrf_gpio_pin_set  nrf_drv_twi.o
    0x0001e75c   0x00000028   Code   RO         2929    i.nrf_gpio_ports_read  nrf_drv_gpiote_1.o
    0x0001e784   0x00000010   Code   RO         2930    i.nrf_gpiote_event_clear  nrf_drv_gpiote_1.o
    0x0001e794   0x00000014   Code   RO         2931    i.nrf_gpiote_event_is_set  nrf_drv_gpiote_1.o
    0x0001e7a8   0x0000000a   Code   RO         2766    i.nrf_twi_event_check  nrf_drv_twi.o
    0x0001e7b2   0x0000000a   Code   RO         2129    i.nrf_uart_event_check  nrf_drv_uart.o
    0x0001e7bc   0x00000010   Code   RO         2130    i.nrf_uart_int_enable_check  nrf_drv_uart.o
    0x0001e7cc   0x00000040   Code   RO           14    i.nus_data_handler  main.o
    0x0001e80c   0x00000002   Code   RO           15    i.on_adv_evt        main.o
    0x0001e80e   0x00000002   PAD
    0x0001e810   0x000000c8   Code   RO           16    i.on_ble_evt        main.o
    0x0001e8d8   0x00000014   Code   RO           17    i.on_conn_params_evt  main.o
    0x0001e8ec   0x00000054   Code   RO         3557    i.on_operation_success  fstorage.o
    0x0001e940   0x00000038   Code   RO         3744    i.pan73_workaround  app_pwm.o
    0x0001e978   0x00000018   Code   RO         2933    i.pin_in_use_by_te  nrf_drv_gpiote_1.o
    0x0001e990   0x00000018   Code   RO         3745    i.pwm_channel_ppi_disable  app_pwm.o
    0x0001e9a8   0x00000080   Code   RO         3746    i.pwm_dealloc       app_pwm.o
    0x0001ea28   0x00000014   Code   RO         3747    i.pwm_ppi_disable   app_pwm.o
    0x0001ea3c   0x0000000c   Code   RO          633    i.pwm_ready_callback_buzzer  buzzer.o
    0x0001ea48   0x0000000c   Code   RO          507    i.pwm_ready_callback_led1  hm_leds_pwm.o
    0x0001ea54   0x00000058   Code   RO         3748    i.pwm_ready_tick    app_pwm.o
    0x0001eaac   0x00000074   Code   RO         3749    i.pwm_transition_0or100_to_0or100  app_pwm.o
    0x0001eb20   0x00000114   Code   RO         3750    i.pwm_transition_0or100_to_n  app_pwm.o
    0x0001ec34   0x0000010c   Code   RO         3751    i.pwm_transition_n_to_0or100  app_pwm.o
    0x0001ed40   0x000000d8   Code   RO         3752    i.pwm_transition_n_to_m  app_pwm.o
    0x0001ee18   0x0000002c   Code   RO         3558    i.queue_advance     fstorage.o
    0x0001ee44   0x00000038   Code   RO         3559    i.queue_get_next_free  fstorage.o
    0x0001ee7c   0x0000006c   Code   RO         3560    i.queue_process     fstorage.o
    0x0001eee8   0x0000001c   Code   RO         3561    i.queue_start       fstorage.o
    0x0001ef04   0x00000034   Code   RO          856    i.read_buttons      micro_bit_sensors.o
    0x0001ef38   0x00000024   Code   RO         1086    i.read_calib_values  f_save.o
    0x0001ef5c   0x00000030   Code   RO         1494    i.read_data         spi_master.o
    0x0001ef8c   0x00000010   Code   RO          857    i.read_data_packet  micro_bit_sensors.o
    0x0001ef9c   0x00000038   Code   RO          408    i.read_firmware_SAMD  uart_spi.o
    0x0001efd4   0x0000004c   Code   RO          858    i.read_mag_packet   micro_bit_sensors.o
    0x0001f020   0x00000060   Code   RO          859    i.read_mma_packet   micro_bit_sensors.o
    0x0001f080   0x00000094   Code   RO          860    i.read_sensor_data_mag  micro_bit_sensors.o
    0x0001f114   0x00000094   Code   RO          861    i.read_sensor_data_mma  micro_bit_sensors.o
    0x0001f1a8   0x00000060   Code   RO          862    i.read_verify_offset_mag  micro_bit_sensors.o
    0x0001f208   0x00000044   Code   RO         3312    i.rtc1_stop         app_timer.o
    0x0001f24c   0x00000040   Code   RO           18    i.rude_word_check   main.o
    0x0001f28c   0x00000026   Code   RO         2131    i.rx_byte           nrf_drv_uart.o
    0x0001f2b2   0x0000009e   Code   RO         1848    i.rx_char_add       ble_nus.o
    0x0001f350   0x00000014   Code   RO         2132    i.rx_done_event     nrf_drv_uart.o
    0x0001f364   0x00000084   Code   RO         4085    i.sd_nvic_EnableIRQ  softdevice_handler.o
    0x0001f3e8   0x00000030   Code   RO          863    i.send_I2C_acc      micro_bit_sensors.o
    0x0001f418   0x00000030   Code   RO          864    i.send_I2C_mag      micro_bit_sensors.o
    0x0001f448   0x00000048   Code   RO         3562    i.send_event        fstorage.o
    0x0001f490   0x0000008e   Code   RO         1563    i.service_data_encode  ble_advdata.o
    0x0001f51e   0x00000002   PAD
    0x0001f520   0x00000058   Code   RO         1641    i.set_adv_mode_fast  ble_advertising.o
    0x0001f578   0x00000054   Code   RO         1642    i.set_adv_mode_slow  ble_advertising.o
    0x0001f5cc   0x0000014c   Code   RO          710    i.set_all_led_micro  microbit_leds.o
    0x0001f718   0x00000070   Code   RO           19    i.set_devicename_array  main.o
    0x0001f788   0x0000000c   Code   RO          865    i.set_interrupt_pins_mag  micro_bit_sensors.o
    0x0001f794   0x00000014   Code   RO          866    i.set_interrupt_pins_mma  micro_bit_sensors.o
    0x0001f7a8   0x00000014   Code   RO         4086    i.softdevice_ble_evt_handler_set  softdevice_handler.o
    0x0001f7bc   0x00000014   Code   RO         4087    i.softdevice_enable  softdevice_handler.o
    0x0001f7d0   0x00000028   Code   RO         4088    i.softdevice_enable_get_default_config  softdevice_handler.o
    0x0001f7f8   0x00000008   Code   RO         4089    i.softdevice_fault_handler  softdevice_handler.o
    0x0001f800   0x00000058   Code   RO         4090    i.softdevice_handler_init  softdevice_handler.o
    0x0001f858   0x0000000c   Code   RO         4091    i.softdevice_handler_is_enabled  softdevice_handler.o
    0x0001f864   0x00000014   Code   RO         4096    i.softdevice_sys_evt_handler_set  softdevice_handler.o
    0x0001f878   0x0000000c   Code   RO         1495    i.spi_event_handler  spi_master.o
    0x0001f884   0x0000008a   Code   RO         2297    i.spi_xfer          nrf_drv_spi.o
    0x0001f90e   0x00000002   PAD
    0x0001f910   0x0000003c   Code   RO          711    i.start_LEDarray_advertising  microbit_leds.o
    0x0001f94c   0x0000003c   Code   RO         1087    i.start_check_update_calibrate  f_save.o
    0x0001f988   0x00000014   Code   RO          712    i.start_flashing_string  microbit_leds.o
    0x0001f99c   0x0000002c   Code   RO          713    i.start_flashing_timer  microbit_leds.o
    0x0001f9c8   0x00000048   Code   RO          714    i.stop_LEDarray_display  microbit_leds.o
    0x0001fa10   0x0000001c   Code   RO          715    i.stop_flashing_timer  microbit_leds.o
    0x0001fa2c   0x0000002c   Code   RO          716    i.switch_off_leds   microbit_leds.o
    0x0001fa58   0x00000008   Code   RO           20    i.sys_evt_dispatch  main.o
    0x0001fa60   0x00000084   Code   RO         3313    i.timer_list_handler  app_timer.o
    0x0001fae4   0x00000010   Code   RO         3314    i.timer_list_handler_sched  app_timer.o
    0x0001faf4   0x00000040   Code   RO         3315    i.timer_list_insert  app_timer.o
    0x0001fb34   0x00000048   Code   RO         3316    i.timer_stop_op_schedule  app_timer.o
    0x0001fb7c   0x00000080   Code   RO         3317    i.timer_timeouts_check  app_timer.o
    0x0001fbfc   0x00000058   Code   RO         2298    i.transfer_byte     nrf_drv_spi.o
    0x0001fc54   0x00000030   Code   RO         1496    i.transfer_data     spi_master.o
    0x0001fc84   0x00000098   Code   RO         2767    i.twi_clear_bus     nrf_drv_twi.o
    0x0001fd1c   0x00000014   Code   RO          867    i.twi_handler       micro_bit_sensors.o
    0x0001fd30   0x00000034   Code   RO          868    i.twi_init          micro_bit_sensors.o
    0x0001fd64   0x00000020   Code   RO         2768    i.twi_process_error  nrf_drv_twi.o
    0x0001fd84   0x000000a0   Code   RO         2769    i.twi_rx_start_transfer  nrf_drv_twi.o
    0x0001fe24   0x0000002e   Code   RO         2770    i.twi_send_byte     nrf_drv_twi.o
    0x0001fe52   0x00000108   Code   RO         2771    i.twi_transfer      nrf_drv_twi.o
    0x0001ff5a   0x00000002   PAD
    0x0001ff5c   0x0000009c   Code   RO         2772    i.twi_tx_start_transfer  nrf_drv_twi.o
    0x0001fff8   0x0000008c   Code   RO         2773    i.twi_xfer          nrf_drv_twi.o
    0x00020084   0x0000001e   Code   RO         2134    i.tx_byte           nrf_drv_uart.o
    0x000200a2   0x00000080   Code   RO         1849    i.tx_char_add       ble_nus.o
    0x00020122   0x00000018   Code   RO         2135    i.tx_done_event     nrf_drv_uart.o
    0x0002013a   0x00000128   Code   RO         2136    i.uart_irq_handler  nrf_drv_uart.o
    0x00020262   0x00000002   PAD
    0x00020264   0x0000028c   Code   RO          409    i.uart_spi_bridge   uart_spi.o
    0x000204f0   0x0000000a   Code   RO         1564    i.uint16_encode     ble_advdata.o
    0x000204fa   0x00000002   PAD
    0x000204fc   0x00000044   Code   RO          717    i.update_flash_array  microbit_leds.o
    0x00020540   0x00000020   Code   RO           21    i.update_name_disconnect  main.o
    0x00020560   0x00000064   Code   RO         1732    i.update_timeout_handler  ble_conn_params.o
    0x000205c4   0x0000002c   Code   RO         3318    i.user_op_alloc     app_timer.o
    0x000205f0   0x00000030   Code   RO         1565    i.uuid_list_encode  ble_advdata.o
    0x00020620   0x000000ae   Code   RO         1566    i.uuid_list_sized_encode  ble_advdata.o
    0x000206ce   0x00000010   Code   RO          869    i.verify_data_packet  micro_bit_sensors.o
    0x000206de   0x00000002   PAD
    0x000206e0   0x00000018   Code   RO         1643    i.whitelist_has_entries  ble_advertising.o
    0x000206f8   0x0000005c   Code   RO         1088    i.write_calib_values  f_save.o
    0x00020754   0x00000080   Code   RO          870    i.write_offset      micro_bit_sensors.o
    0x000207d4   0x000007cf   Data   RO           26    .constdata          main.o
    0x00020fa3   0x00000001   PAD
    0x00020fa4   0x00000004   Data   RO          412    .constdata          uart_spi.o
    0x00020fa8   0x00000008   Data   RO          509    .constdata          hm_leds_pwm.o
    0x00020fb0   0x0000001c   Data   RO          510    .constdata          hm_leds_pwm.o
    0x00020fcc   0x00000020   Data   RO          636    .constdata          buzzer.o
    0x00020fec   0x00000008   Data   RO          637    .constdata          buzzer.o
    0x00020ff4   0x00000244   Data   RO          721    .constdata          microbit_leds.o
    0x00021238   0x00000018   Data   RO          872    .constdata          micro_bit_sensors.o
    0x00021250   0x00000010   Data   RO         1498    .constdata          spi_master.o
    0x00021260   0x00000004   Data   RO         1735    .constdata          ble_conn_params.o
    0x00021264   0x00000010   Data   RO         1850    .constdata          ble_nus.o
    0x00021274   0x0000000c   Data   RO         2778    .constdata          nrf_drv_twi.o
    0x00021280   0x00000004   Data   RO         2935    .constdata          nrf_drv_gpiote_1.o
    0x00021284   0x0000000c   Data   RO         3754    .constdata          app_pwm.o
    0x00021290   0x00000020   Data   RO         4290    Region$$Table       anon$$obj.o


    Execution Region RW_IRAM1 (Base: 0x20001fe8, Size: 0x00001958, Max: 0x00006018, ABSOLUTE, COMPRESSED[0x00000044])

    Base Addr    Size         Type   Attr      Idx    E Section Name        Object

    0x20001fe8   0x00000018   Data   RW           28    .data               main.o
    0x20002000   0x00000001   Data   RW           29    .data               main.o
    0x20002001   0x00000001   Data   RW           31    .data               main.o
    0x20002002   0x00000001   Data   RW           35    .data               main.o
    0x20002003   0x00000001   Data   RW           36    .data               main.o
    0x20002004   0x00000001   Data   RW           37    .data               main.o
    0x20002005   0x00000003   PAD
    0x20002008   0x0000002b   Data   RW          413    .data               uart_spi.o
    0x20002033   0x00000001   Data   RW          511    .data               hm_leds_pwm.o
    0x20002034   0x00000002   Data   RW          638    .data               buzzer.o
    0x20002036   0x00000002   PAD
    0x20002038   0x00000020   Data   RW          722    .data               microbit_leds.o
    0x20002058   0x00000024   Data   RW          873    .data               micro_bit_sensors.o
    0x2000207c   0x00000018   Data   RW         1090    .data               f_save.o
    0x20002094   0x00000008   Data   RW         1499    .data               spi_master.o
    0x2000209c   0x00000030   Data   RW         1647    .data               ble_advertising.o
    0x200020cc   0x00000014   Data   RW         1736    .data               ble_conn_params.o
    0x200020e0   0x00000008   Data   RW         2636    .data               nrf_drv_ppi.o
    0x200020e8   0x00000020   Data   RW         3319    .data               app_timer.o
    0x20002108   0x0000000c   Data   RW         3505    .data               app_util_platform.o
    0x20002114   0x00000002   Data   RW         3564    .data               fstorage.o
    0x20002116   0x00000009   Data   RW         3755    .data               app_pwm.o
    0x2000211f   0x00000001   PAD
    0x20002120   0x00000014   Data   RW         4097    .data               softdevice_handler.o
    0x20002134   0x00000004   Data   RW         4221    .data               system_nrf51.o
    0x20002138   0x00000010   Data   RW         1091    fs_data             f_save.o
    0x20002148   0x00000293   Zero   RW           22    .bss                main.o
    0x200023db   0x00000014   Zero   RW           23    .bss                main.o
    0x200023ef   0x00000014   Zero   RW           25    .bss                main.o
    0x20002403   0x00000001   PAD
    0x20002404   0x00000020   Zero   RW          410    .bss                uart_spi.o
    0x20002424   0x00000028   Zero   RW          411    .bss                uart_spi.o
    0x2000244c   0x00000024   Zero   RW          508    .bss                hm_leds_pwm.o
    0x20002470   0x00000020   Zero   RW          634    .bss                buzzer.o
    0x20002490   0x00000024   Zero   RW          635    .bss                buzzer.o
    0x200024b4   0x00000020   Zero   RW          718    .bss                microbit_leds.o
    0x200024d4   0x00000020   Zero   RW          719    .bss                microbit_leds.o
    0x200024f4   0x000001ae   Zero   RW          720    .bss                microbit_leds.o
    0x200026a2   0x0000072e   Zero   RW          871    .bss                micro_bit_sensors.o
    0x20002dd0   0x0000000c   Zero   RW         1089    .bss                f_save.o
    0x20002ddc   0x00000014   Zero   RW         1497    .bss                spi_master.o
    0x20002df0   0x0000016b   Zero   RW         1644    .bss                ble_advertising.o
    0x20002f5b   0x00000001   PAD
    0x20002f5c   0x00000020   Zero   RW         1645    .bss                ble_advertising.o
    0x20002f7c   0x00000020   Zero   RW         1646    .bss                ble_advertising.o
    0x20002f9c   0x00000020   Zero   RW         1733    .bss                ble_conn_params.o
    0x20002fbc   0x0000001c   Zero   RW         1734    .bss                ble_conn_params.o
    0x20002fd8   0x00000014   Zero   RW         1913    .bss                nrf_drv_clock.o
    0x20002fec   0x0000001c   Zero   RW         2137    .bss                nrf_drv_uart.o
    0x20003008   0x00000020   Zero   RW         2299    .bss                nrf_drv_spi.o
    0x20003028   0x00000024   Zero   RW         2496    .bss                nrf_drv_timer.o
    0x2000304c   0x00000028   Zero   RW         2774    .bss                nrf_drv_twi.o
    0x20003074   0x00000048   Zero   RW         2934    .bss                nrf_drv_gpiote_1.o
    0x200030bc   0x00000068   Zero   RW         3563    .bss                fstorage.o
    0x20003124   0x00000018   Zero   RW         3753    .bss                app_pwm.o
    0x2000313c   0x00000004   PAD
    0x20003140   0x00000800   Zero   RW         4209    STACK               arm_startup_nrf51.o


==============================================================================

Image component sizes


      Code (inc. data)   RO Data    RW Data    ZI Data      Debug   Object Name

        24          4          0          0          0       2217   app_error.o
        28         10          0          0          0        702   app_error_weak.o
      2410        140         12          9         24      38740   app_pwm.o
      1608        158          0         32          0      42607   app_timer.o
       104         20          0         12          0       6410   app_util_platform.o
        56         18        192          0       2048        712   arm_startup_nrf51.o
      1368          6          0          0          0      37380   ble_advdata.o
      1000         62          0         48        427      13628   ble_advertising.o
       460         60          4         20         60       6596   ble_conn_params.o
       566         12         16          0          0       6578   ble_nus.o
        14          0          0          0          0       1414   ble_srv_common.o
         0          0          0          0          0      32448   bsp_btn_ble.o
       332         50         40          2         68      14584   buzzer.o
       388         64          0         40         12       7656   f_save.o
       980         82          0          2        104      12651   fstorage.o
       212         28         36          1         36      34485   hm_leds_pwm.o
      1288        138       1999         29        699     105836   main.o
      1800        216         24         36       1838      26866   micro_bit_sensors.o
      1170        178        580         32        494      16657   microbit_leds.o
       276         38          0          0         20      16068   nrf_drv_clock.o
        96         18          0          0          0       9028   nrf_drv_common.o
      1172        116          4          0         72      28087   nrf_drv_gpiote_1.o
       874         74          0          8          0      20629   nrf_drv_ppi.o
       822         46          0          0         32      17248   nrf_drv_spi.o
       580         54          0          0         36      19859   nrf_drv_timer.o
      1496         78         12          0         40      29726   nrf_drv_twi.o
       454          8          0          0         28      22497   nrf_drv_uart.o
       528         70          0         20          0      22140   softdevice_handler.o
       204         38          0          0          0       1679   sound_buzzer.o
       168         40         16          8         20       6943   spi_master.o
       232         36          0          4          0       2359   system_nrf51.o
      1084        142          4         43         72      17872   uart_spi.o

    ----------------------------------------------------------------------
     21826       2004       2972        352       6136     622302   Object Totals
         0          0         32          0          0          0   (incl. Generated)
        32          0          1          6          6          0   (incl. Padding)

    ----------------------------------------------------------------------

      Code (inc. data)   RO Data    RW Data    ZI Data      Debug   Library Member Name

        86          0          0          0          0          0   __dczerorl2.o
         0          0          0          0          0          0   entry.o
         0          0          0          0          0          0   entry10a.o
         0          0          0          0          0          0   entry11a.o
         8          4          0          0          0          0   entry2.o
         4          0          0          0          0          0   entry5.o
         0          0          0          0          0          0   entry7b.o
         0          0          0          0          0          0   entry8b.o
         8          4          0          0          0          0   entry9a.o
        30          0          0          0          0          0   handlers.o
        36          8          0          0          0         68   init.o
        32          0          0          0          0         68   llshl.o
        34          0          0          0          0         68   llushr.o
        36          0          0          0          0         60   memcpya.o
        36          0          0          0          0        100   memseta.o
        14          0          0          0          0         60   strlen.o
        44          0          0          0          0         72   uidiv.o
        96          0          0          0          0         84   uldiv.o

    ----------------------------------------------------------------------
       466         16          0          0          0        580   Library Totals
         2          0          0          0          0          0   (incl. Padding)

    ----------------------------------------------------------------------

      Code (inc. data)   RO Data    RW Data    ZI Data      Debug   Library Name

       464         16          0          0          0        580   mc_p.l

    ----------------------------------------------------------------------
       466         16          0          0          0        580   Library Totals

    ----------------------------------------------------------------------

==============================================================================


      Code (inc. data)   RO Data    RW Data    ZI Data      Debug   

     22292       2020       2972        352       6136     610698   Grand Totals
     22292       2020       2972         68       6136     610698   ELF Image Totals (compressed)
     22292       2020       2972         68          0          0   ROM Totals

==============================================================================

    Total RO  Size (Code + RO Data)                25264 (  24.67kB)
    Total RW  Size (RW Data + ZI Data)              6488 (   6.34kB)
    Total ROM Size (Code + RO Data + RW Data)      25332 (  24.74kB)

==============================================================================

