<html>
<body>
<pre>
<h1>µVision Build Log</h1>
<h2>Tool Versions:</h2>
IDE-Version: µVision V5.23.0.0
Copyright (C) 2017 ARM Ltd and ARM Germany GmbH. All rights reserved.
License Information: Raghunathreddy Jangam, Bird brain, LIC=----
 
Tool Versions:
Toolchain:       MDK-Lite  Version: 5.23
Toolchain Path:  C:\Keil_v5\ARM\ARMCC\Bin
C Compiler:      Armcc.exe V5.06 update 4 (build 422)
Assembler:       Armasm.exe V5.06 update 4 (build 422)
Linker/Locator:  ArmLink.exe V5.06 update 4 (build 422)
Library Manager: ArmAr.exe V5.06 update 4 (build 422)
Hex Converter:   FromElf.exe V5.06 update 4 (build 422)
CPU DLL:         
Dialog DLL:      
Target DLL:      Segger\JL2CM3.dll V2.99.23.0
Dialog DLL:      TARMCM1.DLL V1.12.0.0
 
<h2>Project:</h2>
C:\NRF_SDK\Humming_Bit\HummingbirdBitMicroBit\Hummingbird_Bit_Microbit_Application\Application\HummingbirdBitMicro.uvprojx
Project File Date:  11/05/2018

<h2>Output:</h2>
*** Using Compiler 'V5.06 update 4 (build 422)', folder: 'C:\Keil_v5\ARM\ARMCC\Bin'
Build target 'nrf51422_xxac'
compiling HummingbirdBitSensors.c...
compiling HummingbirdBitBLEControl.c...
Source\HummingbirdBitBLEControl.c(179): warning:  #167-D: argument of type "void (*)()" is incompatible with parameter of type "app_timer_timeout_handler_t"
  	 err_code = app_timer_create(&broadcast_timer_id,APP_TIMER_MODE_REPEATED,broadcast_timer_handler);
Source\HummingbirdBitBLEControl.c(48): warning:  #177-D: function "send_fake_firmware_number"  was declared but never referenced
  static void send_fake_firmware_number()
Source\HummingbirdBitBLEControl.c: 2 warnings, 0 errors
compiling main.c...
compiling HummingbirdBitSound.c...
compiling HummingbirdBitUART.c...
Source\HummingbirdBitUART.c(61): warning:  #177-D: function "startTimer"  was declared but never referenced
  static void startTimer()
Source\HummingbirdBitUART.c(69): warning:  #177-D: function "stopTimer"  was declared but never referenced
  static void stopTimer()
Source\HummingbirdBitUART.c: 2 warnings, 0 errors
compiling HummingbirdBitUARTControl.c...
Source\HummingbirdBitUARTControl.c(124): warning:  #167-D: argument of type "void (*)()" is incompatible with parameter of type "app_timer_timeout_handler_t"
  	 err_code = app_timer_create(&broadcast_timer_uart_id,APP_TIMER_MODE_REPEATED,broadcast_timer_uart_handler);
Source\HummingbirdBitUARTControl.c: 1 warning, 0 errors
compiling HummingbirdBitBLEInit.c...
compiling HummingbirdBitBLECallbacks.c...
compiling softdevice_handler.c...
"no source": Error:  #5: cannot open source input file "..\..\..\..\..\..\components\softdevice\common\softdevice_handler\softdevice_handler.c": No such file or directory
..\..\..\..\..\..\components\softdevice\common\softdevice_handler\softdevice_handler.c: 0 warnings, 1 error
compiling HummingbirdBitMagnetometer.c...
Source\HummingbirdBitMagnetometer.c(36): warning:  #177-D: variable "mag_reg_2"  was declared but never referenced
  	  uint8_t mag_reg_2[2]   = {MAG_REG_CTRL2, MAG_CTRL2_VALUE};
Source\HummingbirdBitMagnetometer.c(18): warning:  #177-D: variable "read_temp_mag"  was declared but never referenced
  static uint8_t read_temp_mag[LENGTH_TEMP_DATA];
Source\HummingbirdBitMagnetometer.c: 2 warnings, 0 errors
compiling HummingbirdBitCalibration.c...
linking...
Program Size: Code=29192 RO-data=3120 RW-data=392 ZI-data=7168  
FromELF: creating hex file...
".\_build\HummingbirdBitMicro.axf" - 0 Error(s), 7 Warning(s).

<h2>Software Packages used:</h2>

Package Vendor: ARM
                http://www.keil.com/pack/ARM.CMSIS.4.5.0.pack
                ARM::CMSIS:CORE:4.3.0
                CMSIS (Cortex Microcontroller Software Interface Standard)
   * Component: CORE Version: 4.3.0

Package Vendor: NordicSemiconductor
                http://developer.nordicsemi.com/nRF5_SDK/pieces/nRF_DeviceFamilyPack/NordicSemiconductor.nRF_DeviceFamilyPack.8.11.1.pack
                NordicSemiconductor::Device:Startup:8.11.1
                Nordic Semiconductor nRF ARM devices Device Family Pack.
   * Component: Startup Version: 8.11.1

<h2>Collection of Component include folders:</h2>
  .\RTE\_nrf51422_xxac
  C:\Keil_v5\ARM\PACK\ARM\CMSIS\4.5.0\CMSIS\Include
  C:\Keil_v5\ARM\PACK\NordicSemiconductor\nRF_DeviceFamilyPack\8.11.1\Device\Include
  C:\Keil_v5\ARM\PACK\NordicSemiconductor\nRF_DeviceFamilyPack\8.14.1\Device\Include

<h2>Collection of Component Files used:</h2>

   * Component: ARM::CMSIS:CORE:4.3.0

   * Component: NordicSemiconductor::Device:Startup:8.11.1
      Source file:   Device\Source\arm\arm_startup_nrf51.s
      Source file:   Device\Source\system_nrf51.c
      Include file:  Device\Include\system_nrf51.h
Build Time Elapsed:  00:00:03
</pre>
</body>
</html>
