Component: ARM Compiler 5.06 update 4 (build 422) Tool: armlink [4d35d2]

==============================================================================

Section Cross References

    main.o(i.main) refers to app_timer.o(i.app_timer_init) for app_timer_init
    main.o(i.main) refers to app_error.o(i.app_error_handler_bare) for app_error_handler_bare
    main.o(i.main) refers to hummingbirdbitbuzzer.o(i.init_timer_buzzer) for init_timer_buzzer
    main.o(i.main) refers to hummingbirdbitledarray.o(i.init_micro_LEDs) for init_micro_LEDs
    main.o(i.main) refers to hummingbirdbitblecontrol.o(i.init_broadcast_timer) for init_broadcast_timer
    main.o(i.main) refers to hummingbirdbituartcontrol.o(i.init_broadcast_uart_timer) for init_broadcast_uart_timer
    main.o(i.main) refers to hummingbirdbituart.o(i.UARTTXRXInit) for UARTTXRXInit
    main.o(i.main) refers to hummingbirdbitsensors.o(i.init_microbit_sensors) for init_microbit_sensors
    main.o(i.main) refers to hummingbirdbitspimaster.o(i.SPI_init) for SPI_init
    main.o(i.main) refers to hummingbirdbitpwm.o(i.LEDS_PWM_init) for LEDS_PWM_init
    main.o(i.main) refers to hummingbirdbitblecontrol.o(i.check_update_name) for check_update_name
    main.o(i.main) refers to hummingbirdbitbleinit.o(i.BLEInit) for BLEInit
    main.o(i.main) refers to hummingbirdbitnaming.o(i.getInitials_fancyName) for getInitials_fancyName
    main.o(i.main) refers to hummingbirdbitflash.o(i.start_check_update_calibrate) for start_check_update_calibrate
    main.o(i.main) refers to hummingbirdbitledarray.o(i.start_LEDarray_advertising) for start_LEDarray_advertising
    main.o(i.main) refers to ble_advertising.o(i.ble_advertising_start) for ble_advertising_start
    main.o(i.main) refers to hummingbirdbitblecontrol.o(i.uart_spi_bridge) for uart_spi_bridge
    main.o(i.main) refers to hummingbirdbitledarray.o(i.check_flashing) for check_flashing
    main.o(i.main) refers to hummingbirdbitsound.o(i.check_sound) for check_sound
    main.o(i.main) refers to hummingbirdbituartcontrol.o(i.check_UART) for check_UART
    main.o(i.main) refers to main.o(.bss) for .bss
    hummingbirdbitblecontrol.o(i.broadcast_start) refers to app_timer.o(i.app_timer_start) for app_timer_start
    hummingbirdbitblecontrol.o(i.broadcast_start) refers to app_error.o(i.app_error_handler_bare) for app_error_handler_bare
    hummingbirdbitblecontrol.o(i.broadcast_start) refers to hummingbirdbitblecontrol.o(.constdata) for .constdata
    hummingbirdbitblecontrol.o(i.broadcast_start) refers to main.o(.data) for broadcast_flag
    hummingbirdbitblecontrol.o(i.broadcast_stop) refers to app_timer.o(i.app_timer_stop) for app_timer_stop
    hummingbirdbitblecontrol.o(i.broadcast_stop) refers to app_error.o(i.app_error_handler_bare) for app_error_handler_bare
    hummingbirdbitblecontrol.o(i.broadcast_stop) refers to hummingbirdbitblecontrol.o(.constdata) for .constdata
    hummingbirdbitblecontrol.o(i.broadcast_stop) refers to main.o(.data) for broadcast_flag
    hummingbirdbitblecontrol.o(i.broadcast_timer_handler) refers to ble_nus.o(i.ble_nus_string_send) for ble_nus_string_send
    hummingbirdbitblecontrol.o(i.broadcast_timer_handler) refers to hummingbirdbitblecontrol.o(.data) for .data
    hummingbirdbitblecontrol.o(i.broadcast_timer_handler) refers to main.o(.bss) for sensor_outputs
    hummingbirdbitblecontrol.o(i.broadcast_timer_handler) refers to main.o(.bss) for m_nus
    hummingbirdbitblecontrol.o(i.check_update_name) refers to hummingbirdbitblecontrol.o(i.nrf_delay_ms) for nrf_delay_ms
    hummingbirdbitblecontrol.o(i.check_update_name) refers to hummingbirdbitspimaster.o(i.transfer_data) for transfer_data
    hummingbirdbitblecontrol.o(i.check_update_name) refers to hummingbirdbitspimaster.o(i.read_sensor_HB) for read_sensor_HB
    hummingbirdbitblecontrol.o(i.check_update_name) refers to hummingbirdbitpwm.o(i.hummingbit_pwm_init) for hummingbit_pwm_init
    hummingbirdbitblecontrol.o(i.check_update_name) refers to hummingbirdbitio.o(i.microbit_pwm_init) for microbit_pwm_init
    hummingbirdbitblecontrol.o(i.check_update_name) refers to hummingbirdbitblecontrol.o(i.read_firmware_SAMD) for read_firmware_SAMD
    hummingbirdbitblecontrol.o(i.check_update_name) refers to hummingbirdbitblecontrol.o(.data) for .data
    hummingbirdbitblecontrol.o(i.check_update_name) refers to main.o(.bss) for sensor_outputs
    hummingbirdbitblecontrol.o(i.check_update_name) refers to main.o(.data) for prev_state
    hummingbirdbitblecontrol.o(i.check_update_name) refers to main.o(.data) for INITIAL_NAME
    hummingbirdbitblecontrol.o(i.check_update_name_disconnect) refers to hummingbirdbitspimaster.o(i.transfer_data) for transfer_data
    hummingbirdbitblecontrol.o(i.check_update_name_disconnect) refers to hummingbirdbitblecontrol.o(i.nrf_delay_ms) for nrf_delay_ms
    hummingbirdbitblecontrol.o(i.check_update_name_disconnect) refers to hummingbirdbitspimaster.o(i.read_sensor_HB) for read_sensor_HB
[...]
    __aeabi_memset                           0x0001b1bd   Thumb Code    14  memseta.o(.text)
    __aeabi_memset4                          0x0001b1bd   Thumb Code     0  memseta.o(.text)
    __aeabi_memset8                          0x0001b1bd   Thumb Code     0  memseta.o(.text)
    __aeabi_memclr                           0x0001b1cb   Thumb Code     4  memseta.o(.text)
    __aeabi_memclr4                          0x0001b1cb   Thumb Code     0  memseta.o(.text)
    __aeabi_memclr8                          0x0001b1cb   Thumb Code     0  memseta.o(.text)
    _memset$wrapper                          0x0001b1cf   Thumb Code    18  memseta.o(.text)
    strlen                                   0x0001b1e1   Thumb Code    14  strlen.o(.text)
    __aeabi_llsl                             0x0001b1ef   Thumb Code    32  llshl.o(.text)
    _ll_shift_l                              0x0001b1ef   Thumb Code     0  llshl.o(.text)
    __aeabi_llsr                             0x0001b20f   Thumb Code    34  llushr.o(.text)
    _ll_ushift_r                             0x0001b20f   Thumb Code     0  llushr.o(.text)
    __scatterload                            0x0001b231   Thumb Code    28  init.o(.text)
    __scatterload_rt2                        0x0001b231   Thumb Code     0  init.o(.text)
    __decompress                             0x0001b255   Thumb Code     0  __dczerorl2.o(.text)
    __decompress1                            0x0001b255   Thumb Code    86  __dczerorl2.o(.text)
    ADC_IRQHandler                           0x0001b2ad   Thumb Code    78  nrf_drv_adc.o(i.ADC_IRQHandler)
    BLEInit                                  0x0001b30d   Thumb Code    24  hummingbirdbitbleinit.o(i.BLEInit)
    GPIOTE_IRQHandler                        0x0001b325   Thumb Code   364  nrf_drv_gpiote.o(i.GPIOTE_IRQHandler)
    LEDS_PWM_init                            0x0001b49d   Thumb Code   110  hummingbirdbitpwm.o(i.LEDS_PWM_init)
    LED_HB_control                           0x0001b519   Thumb Code    74  hummingbirdbitpwm.o(i.LED_HB_control)
    LED_micro_control                        0x0001b56d   Thumb Code    70  hummingbirdbitledarray.o(i.LED_micro_control)
    MAG_set_mode                             0x0001b5c1   Thumb Code    46  hummingbirdbitmagnetometer.o(i.MAG_set_mode)
    MAG_set_mode_ls                          0x0001b5fd   Thumb Code    46  hummingbirdbitmagnetometer.o(i.MAG_set_mode_ls)
    MMA_set_mode                             0x0001b639   Thumb Code   148  hummingbirdbitaccelerometer.o(i.MMA_set_mode)
    MMA_set_mode_ls                          0x0001b6f5   Thumb Code    60  hummingbirdbitaccelerometer.o(i.MMA_set_mode_ls)
    POWER_CLOCK_IRQHandler                   0x0001b785   Thumb Code    70  nrf_drv_clock.o(i.POWER_CLOCK_IRQHandler)
    PWM1_1LED                                0x0001b7d9   Thumb Code    90  hummingbirdbitpwm.o(i.PWM1_1LED)
    PWM1_2LEDS                               0x0001b841   Thumb Code   136  hummingbirdbitpwm.o(i.PWM1_2LEDS)
    PWM2_1LED                                0x0001b8d5   Thumb Code    82  hummingbirdbitbuzzer.o(i.PWM2_1LED)
    PWM_one_LED                              0x0001b935   Thumb Code     8  hummingbirdbitio.o(i.PWM_one_LED)
    PWM_three_LED                            0x0001b93d   Thumb Code    24  hummingbirdbitio.o(i.PWM_three_LED)
    PWM_two_LED                              0x0001b959   Thumb Code     8  hummingbirdbitio.o(i.PWM_two_LED)
    RTC1_IRQHandler                          0x0001b961   Thumb Code    28  app_timer.o(i.RTC1_IRQHandler)
    SPI0_TWI0_IRQHandler                     0x0001b981   Thumb Code    52  nrf_drv_spi.o(i.SPI0_TWI0_IRQHandler)
    SPI1_TWI1_IRQHandler                     0x0001b9bd   Thumb Code    12  nrf_drv_twi.o(i.SPI1_TWI1_IRQHandler)
    SPI_init                                 0x0001b9d1   Thumb Code    52  hummingbirdbitspimaster.o(i.SPI_init)
    SWI0_IRQHandler                          0x0001ba11   Thumb Code     8  app_timer.o(i.SWI0_IRQHandler)
    SWI2_IRQHandler                          0x0001ba19   Thumb Code    28  softdevice_handler.o(i.SWI2_IRQHandler)
    SystemInit                               0x0001ba39   Thumb Code   130  system_nrf51.o(i.SystemInit)
    TIMER0_IRQHandler                        0x0001bad9   Thumb Code    14  nrf_drv_timer.o(i.TIMER0_IRQHandler)
    TIMER1_IRQHandler                        0x0001baf1   Thumb Code    14  nrf_drv_timer.o(i.TIMER1_IRQHandler)
    TIMER2_IRQHandler                        0x0001bb09   Thumb Code    14  nrf_drv_timer.o(i.TIMER2_IRQHandler)
    UART0_IRQHandler                         0x0001bb21   Thumb Code    12  nrf_drv_uart.o(i.UART0_IRQHandler)
    UARTDisconnection                        0x0001bb35   Thumb Code    44  hummingbirdbituartcontrol.o(i.UARTDisconnection)
    UARTInit                                 0x0001bb6d   Thumb Code    54  hummingbirdbituart.o(i.UARTInit)
    UARTTXRXInit                             0x0001bbb1   Thumb Code    28  hummingbirdbituart.o(i.UARTTXRXInit)
    __ARM_common_switch8                     0x0001bbcd   Thumb Code    26  hummingbirdbitledarray.o(i.__ARM_common_switch8)
    __scatterload_copy                       0x0001bbe7   Thumb Code    14  handlers.o(i.__scatterload_copy)
    __scatterload_null                       0x0001bbf5   Thumb Code     2  handlers.o(i.__scatterload_null)
    __scatterload_zeroinit                   0x0001bbf7   Thumb Code    14  handlers.o(i.__scatterload_zeroinit)
    adv_data_encode                          0x0001bc81   Thumb Code   398  ble_advdata.o(i.adv_data_encode)
    advertising_init                         0x0001be79   Thumb Code    88  hummingbirdbitbleinit.o(i.advertising_init)
    app_error_fault_handler                  0x0001bed9   Thumb Code    18  app_error_weak.o(i.app_error_fault_handler)
    app_error_handler_bare                   0x0001bef5   Thumb Code    20  app_error.o(i.app_error_handler_bare)
    app_fifo_flush                           0x0001bf0d   Thumb Code     8  app_fifo.o(i.app_fifo_flush)
    app_fifo_get                             0x0001bf15   Thumb Code    22  app_fifo.o(i.app_fifo_get)
    app_fifo_init                            0x0001bf2b   Thumb Code    36  app_fifo.o(i.app_fifo_init)
    app_fifo_put                             0x0001bf4f   Thumb Code    26  app_fifo.o(i.app_fifo_put)
    app_pwm1_reset                           0x0001bf69   Thumb Code    16  hummingbirdbitpwm.o(i.app_pwm1_reset)
    app_pwm2_reset                           0x0001bf7d   Thumb Code    28  hummingbirdbitbuzzer.o(i.app_pwm2_reset)
    app_pwm_busy_check                       0x0001bf9d   Thumb Code    52  app_pwm.o(i.app_pwm_busy_check)
    app_pwm_channel_duty_set                 0x0001bfd9   Thumb Code    32  app_pwm.o(i.app_pwm_channel_duty_set)
    app_pwm_channel_duty_ticks_set           0x0001bff9   Thumb Code   174  app_pwm.o(i.app_pwm_channel_duty_ticks_set)
    app_pwm_disable                          0x0001c191   Thumb Code   132  app_pwm.o(i.app_pwm_disable)
    app_pwm_enable                           0x0001c219   Thumb Code   116  app_pwm.o(i.app_pwm_enable)
    app_pwm_init                             0x0001c291   Thumb Code   362  app_pwm.o(i.app_pwm_init)
    app_pwm_uninit                           0x0001c411   Thumb Code    42  app_pwm.o(i.app_pwm_uninit)
    app_timer_create                         0x0001c43d   Thumb Code    40  app_timer.o(i.app_timer_create)
    app_timer_init                           0x0001c469   Thumb Code    98  app_timer.o(i.app_timer_init)
    app_timer_start                          0x0001c4dd   Thumb Code   128  app_timer.o(i.app_timer_start)
    app_timer_stop                           0x0001c565   Thumb Code    36  app_timer.o(i.app_timer_stop)
    app_uart_flush                           0x0001c58d   Thumb Code    22  app_uart_fifo.o(i.app_uart_flush)
    app_uart_get                             0x0001c5a9   Thumb Code    46  app_uart_fifo.o(i.app_uart_get)
    app_uart_init                            0x0001c5e1   Thumb Code   160  app_uart_fifo.o(i.app_uart_init)
    app_uart_put                             0x0001c691   Thumb Code    56  app_uart_fifo.o(i.app_uart_put)
    app_util_critical_region_enter           0x0001c6d1   Thumb Code    48  app_util_platform.o(i.app_util_critical_region_enter)
    app_util_critical_region_exit            0x0001c70d   Thumb Code    36  app_util_platform.o(i.app_util_critical_region_exit)
    ble_advdata_set                          0x0001c7c9   Thumb Code   104  ble_advdata.o(i.ble_advdata_set)
    ble_advertising_init                     0x0001c831   Thumb Code   340  ble_advertising.o(i.ble_advertising_init)
    ble_advertising_on_ble_evt               0x0001c98d   Thumb Code    82  ble_advertising.o(i.ble_advertising_on_ble_evt)
    ble_advertising_start                    0x0001c9e5   Thumb Code   256  ble_advertising.o(i.ble_advertising_start)
    ble_conn_params_init                     0x0001caed   Thumb Code    68  ble_conn_params.o(i.ble_conn_params_init)
    ble_conn_params_on_ble_evt               0x0001cb41   Thumb Code   130  ble_conn_params.o(i.ble_conn_params_on_ble_evt)
    ble_evt_dispatch                         0x0001cc31   Thumb Code    30  hummingbirdbitblecallbacks.o(i.ble_evt_dispatch)
    ble_nus_init                             0x0001cc55   Thumb Code    98  ble_nus.o(i.ble_nus_init)
    ble_nus_on_ble_evt                       0x0001ccbd   Thumb Code    92  ble_nus.o(i.ble_nus_on_ble_evt)
    ble_nus_string_send                      0x0001cd19   Thumb Code    78  ble_nus.o(i.ble_nus_string_send)
    ble_srv_is_notification_enabled          0x0001cd6d   Thumb Code    14  ble_srv_common.o(i.ble_srv_is_notification_enabled)
    ble_stack_init                           0x0001cd7d   Thumb Code    94  hummingbirdbitbleinit.o(i.ble_stack_init)
    broadcast_start                          0x0001cded   Thumb Code    36  hummingbirdbitblecontrol.o(i.broadcast_start)
    broadcast_stop                           0x0001ce1d   Thumb Code    30  hummingbirdbitblecontrol.o(i.broadcast_stop)
    broadcast_timer_handler                  0x0001ce45   Thumb Code    26  hummingbirdbitblecontrol.o(i.broadcast_timer_handler)
    broadcast_timer_uart_handler             0x0001ce6d   Thumb Code     8  hummingbirdbituartcontrol.o(i.broadcast_timer_uart_handler)
    broadcast_uart_start                     0x0001ce79   Thumb Code    30  hummingbirdbituartcontrol.o(i.broadcast_uart_start)
    broadcast_uart_stop                      0x0001cea1   Thumb Code    26  hummingbirdbituartcontrol.o(i.broadcast_uart_stop)
    buzzer_HB_control                        0x0001cec1   Thumb Code   188  hummingbirdbitbuzzer.o(i.buzzer_HB_control)
    buzzer_bluetooth_connection              0x0001cf95   Thumb Code    62  hummingbirdbitsound.o(i.buzzer_bluetooth_connection)
    buzzer_bluetooth_disconnection           0x0001cfe1   Thumb Code    62  hummingbirdbitsound.o(i.buzzer_bluetooth_disconnection)
    calibrate_compass                        0x0001d02d   Thumb Code   490  hummingbirdbitcalibration.o(i.calibrate_compass)
    change_dutycycle                         0x0001d239   Thumb Code    32  hummingbirdbitio.o(i.change_dutycycle)
    check_UART                               0x0001d2cd   Thumb Code   722  hummingbirdbituartcontrol.o(i.check_UART)
    check_accel_mag                          0x0001d5cd   Thumb Code    16  hummingbirdbitsensors.o(i.check_accel_mag)
    check_calibrate                          0x0001d5dd   Thumb Code    22  hummingbirdbitflash.o(i.check_calibrate)
    check_flashing                           0x0001d619   Thumb Code    34  hummingbirdbitledarray.o(i.check_flashing)
    check_read_sensor_data_mag               0x0001d645   Thumb Code    26  hummingbirdbitsensors.o(i.check_read_sensor_data_mag)
    check_sound                              0x0001d665   Thumb Code    40  hummingbirdbitsound.o(i.check_sound)
    check_update_name                        0x0001d691   Thumb Code    72  hummingbirdbitblecontrol.o(i.check_update_name)
    check_update_name_disconnect             0x0001d6e9   Thumb Code    64  hummingbirdbitblecontrol.o(i.check_update_name_disconnect)
    check_write_offset                       0x0001d739   Thumb Code    52  hummingbirdbitmagnetometer.o(i.check_write_offset)
    config_adc                               0x0001d841   Thumb Code    26  hummingbirdbitio.o(i.config_adc)
    conn_params_error_handler                0x0001d8e9   Thumb Code     8  hummingbirdbitblecallbacks.o(i.conn_params_error_handler)
    conn_params_init                         0x0001d8f1   Thumb Code    64  hummingbirdbitbleinit.o(i.conn_params_init)
    convert_ascii                            0x0001d9a1   Thumb Code    14  hummingbirdbitnaming.o(i.convert_ascii)
    convert_axis_mma_ls                      0x0001d9b1   Thumb Code    10  hummingbirdbitaccelerometer.o(i.convert_axis_mma_ls)
    convert_axis_scale                       0x0001d9c1   Thumb Code    56  hummingbirdbitmagnetometer.o(i.convert_axis_scale)
    createRefreshTimer                       0x0001d9fd   Thumb Code    14  hummingbirdbituart.o(i.createRefreshTimer)
    find_version                             0x0001da7d   Thumb Code     6  hummingbirdbitmagnetometer.o(i.find_version)
    fs_erase                                 0x0001da89   Thumb Code   118  fstorage.o(i.fs_erase)
    fs_init                                  0x0001db15   Thumb Code   154  fstorage.o(i.fs_init)
    fs_queued_op_count_get                   0x0001dbc1   Thumb Code    18  fstorage.o(i.fs_queued_op_count_get)
    fs_store                                 0x0001dbd9   Thumb Code   128  fstorage.o(i.fs_store)
    fs_sys_event_handler                     0x0001dc5d   Thumb Code    94  fstorage.o(i.fs_sys_event_handler)
    fstorage_erase                           0x0001dcc5   Thumb Code    22  hummingbirdbitflash.o(i.fstorage_erase)
    fstorage_read                            0x0001dce5   Thumb Code    16  hummingbirdbitflash.o(i.fstorage_read)
    fstorage_write                           0x0001dcfd   Thumb Code    32  hummingbirdbitflash.o(i.fstorage_write)
    gap_params_init                          0x0001dd25   Thumb Code    72  hummingbirdbitbleinit.o(i.gap_params_init)
    getInitials_fancyName                    0x0001dd71   Thumb Code   114  hummingbirdbitnaming.o(i.getInitials_fancyName)
    get_LEDbitmap                            0x0001ddf5   Thumb Code     8  hummingbirdbitledarray.o(i.get_LEDbitmap)
    hummingbit_pwm_init                      0x0001de01   Thumb Code    12  hummingbirdbitpwm.o(i.hummingbit_pwm_init)
    initSPISendData                          0x0001de0d   Thumb Code    20  hummingbirdbitspimaster.o(i.initSPISendData)
    init_LEDs_micro                          0x0001de25   Thumb Code    74  hummingbirdbitledarray.o(i.init_LEDs_micro)
    init_broadcast_timer                     0x0001de75   Thumb Code    28  hummingbirdbitblecontrol.o(i.init_broadcast_timer)
    init_broadcast_uart_timer                0x0001de99   Thumb Code    28  hummingbirdbituartcontrol.o(i.init_broadcast_uart_timer)
    init_buttons                             0x0001debd   Thumb Code    20  hummingbirdbitsensors.o(i.init_buttons)
    init_led_address                         0x0001ded1   Thumb Code    32  hummingbirdbitledarray.o(i.init_led_address)
    init_micro_LEDs                          0x0001def9   Thumb Code    46  hummingbirdbitledarray.o(i.init_micro_LEDs)
    init_microbit_sensors                    0x0001df35   Thumb Code    54  hummingbirdbitsensors.o(i.init_microbit_sensors)
    init_mma_mag                             0x0001df71   Thumb Code    12  hummingbirdbitsensors.o(i.init_mma_mag)
    init_mma_mag_ls                          0x0001df7d   Thumb Code    12  hummingbirdbitsensors.o(i.init_mma_mag_ls)
    init_timer_buzzer                        0x0001df89   Thumb Code    36  hummingbirdbitbuzzer.o(i.init_timer_buzzer)
    intern_softdevice_events_execute         0x0001dfb9   Thumb Code   122  softdevice_handler.o(i.intern_softdevice_events_execute)
    main                                     0x0001e349   Thumb Code   104  main.o(i.main)
    microbit_io_pwm_main                     0x0001e4d1   Thumb Code   546  hummingbirdbitio.o(i.microbit_io_pwm_main)
    microbit_pwm_init                        0x0001e701   Thumb Code    80  hummingbirdbitio.o(i.microbit_pwm_init)
    nrf_adc_configure                        0x0001e7fd   Thumb Code    60  nrf_adc.o(i.nrf_adc_configure)
    nrf_adc_convert_single                   0x0001e83d   Thumb Code    32  nrf_adc.o(i.nrf_adc_convert_single)
    nrf_drv_adc_uninit                       0x0001eaa5   Thumb Code    28  nrf_drv_adc.o(i.nrf_drv_adc_uninit)
    nrf_drv_clock_init                       0x0001ead1   Thumb Code    60  nrf_drv_clock.o(i.nrf_drv_clock_init)
    nrf_drv_clock_on_sd_enable               0x0001eb19   Thumb Code    46  nrf_drv_clock.o(i.nrf_drv_clock_on_sd_enable)
    nrf_drv_clock_on_soc_event               0x0001eb4d   Thumb Code    12  nrf_drv_clock.o(i.nrf_drv_clock_on_soc_event)
    nrf_drv_common_irq_enable                0x0001eb59   Thumb Code    78  nrf_drv_common.o(i.nrf_drv_common_irq_enable)
    nrf_drv_gpiote_init                      0x0001ebb9   Thumb Code    84  nrf_drv_gpiote.o(i.nrf_drv_gpiote_init)
    nrf_drv_gpiote_is_init                   0x0001ec15   Thumb Code    12  nrf_drv_gpiote.o(i.nrf_drv_gpiote_is_init)
    nrf_drv_gpiote_out_init                  0x0001ec25   Thumb Code   136  nrf_drv_gpiote.o(i.nrf_drv_gpiote_out_init)
    nrf_drv_gpiote_out_task_addr_get         0x0001ecbd   Thumb Code    16  nrf_drv_gpiote.o(i.nrf_drv_gpiote_out_task_addr_get)
    nrf_drv_gpiote_out_task_disable          0x0001ecd1   Thumb Code    24  nrf_drv_gpiote.o(i.nrf_drv_gpiote_out_task_disable)
    nrf_drv_gpiote_out_task_enable           0x0001ecf1   Thumb Code    38  nrf_drv_gpiote.o(i.nrf_drv_gpiote_out_task_enable)
    nrf_drv_gpiote_out_task_force            0x0001ed21   Thumb Code    36  nrf_drv_gpiote.o(i.nrf_drv_gpiote_out_task_force)
    nrf_drv_gpiote_out_uninit                0x0001ed4d   Thumb Code    60  nrf_drv_gpiote.o(i.nrf_drv_gpiote_out_uninit)
    nrf_drv_ppi_channel_alloc                0x0001ed91   Thumb Code    94  nrf_drv_ppi.o(i.nrf_drv_ppi_channel_alloc)
    nrf_drv_ppi_channel_assign               0x0001edf9   Thumb Code    60  nrf_drv_ppi.o(i.nrf_drv_ppi_channel_assign)
    nrf_drv_ppi_channel_disable              0x0001ee39   Thumb Code    54  nrf_drv_ppi.o(i.nrf_drv_ppi_channel_disable)
    nrf_drv_ppi_channel_enable               0x0001ee75   Thumb Code    54  nrf_drv_ppi.o(i.nrf_drv_ppi_channel_enable)
    nrf_drv_ppi_channel_free                 0x0001eeb1   Thumb Code    56  nrf_drv_ppi.o(i.nrf_drv_ppi_channel_free)
    nrf_drv_ppi_channels_include_in_group    0x0001eef1   Thumb Code    80  nrf_drv_ppi.o(i.nrf_drv_ppi_channels_include_in_group)
    nrf_drv_ppi_channels_remove_from_group   0x0001ef45   Thumb Code    80  nrf_drv_ppi.o(i.nrf_drv_ppi_channels_remove_from_group)
    nrf_drv_ppi_group_alloc                  0x0001ef99   Thumb Code    94  nrf_drv_ppi.o(i.nrf_drv_ppi_group_alloc)
    nrf_drv_ppi_group_enable                 0x0001effd   Thumb Code    46  nrf_drv_ppi.o(i.nrf_drv_ppi_group_enable)
    nrf_drv_ppi_group_free                   0x0001f031   Thumb Code    72  nrf_drv_ppi.o(i.nrf_drv_ppi_group_free)
    nrf_drv_ppi_init                         0x0001f081   Thumb Code    20  nrf_drv_ppi.o(i.nrf_drv_ppi_init)
    nrf_drv_spi_init                         0x0001f099   Thumb Code   262  nrf_drv_spi.o(i.nrf_drv_spi_init)
    nrf_drv_spi_transfer                     0x0001f1ad   Thumb Code    24  nrf_drv_spi.o(i.nrf_drv_spi_transfer)
    nrf_drv_spi_xfer                         0x0001f1c5   Thumb Code   104  nrf_drv_spi.o(i.nrf_drv_spi_xfer)
    nrf_drv_timer_clear                      0x0001f24f   Thumb Code     8  nrf_drv_timer.o(i.nrf_drv_timer_clear)
    nrf_drv_timer_compare                    0x0001f257   Thumb Code    42  nrf_drv_timer.o(i.nrf_drv_timer_compare)
    nrf_drv_timer_compare_int_disable        0x0001f28f   Thumb Code    18  nrf_drv_timer.o(i.nrf_drv_timer_compare_int_disable)
    nrf_drv_timer_compare_int_enable         0x0001f2a1   Thumb Code    34  nrf_drv_timer.o(i.nrf_drv_timer_compare_int_enable)
    nrf_drv_timer_disable                    0x0001f2c5   Thumb Code    20  nrf_drv_timer.o(i.nrf_drv_timer_disable)
    nrf_drv_timer_enable                     0x0001f2dd   Thumb Code    22  nrf_drv_timer.o(i.nrf_drv_timer_enable)
    nrf_drv_timer_extended_compare           0x0001f2f9   Thumb Code    46  nrf_drv_timer.o(i.nrf_drv_timer_extended_compare)
    nrf_drv_timer_init                       0x0001f329   Thumb Code   150  nrf_drv_timer.o(i.nrf_drv_timer_init)
    nrf_drv_timer_uninit                     0x0001f3c5   Thumb Code    80  nrf_drv_timer.o(i.nrf_drv_timer_uninit)
    nrf_drv_twi_disable                      0x0001f41d   Thumb Code    52  nrf_drv_twi.o(i.nrf_drv_twi_disable)
    nrf_drv_twi_enable                       0x0001f455   Thumb Code    28  nrf_drv_twi.o(i.nrf_drv_twi_enable)
    nrf_drv_twi_init                         0x0001f475   Thumb Code   124  nrf_drv_twi.o(i.nrf_drv_twi_init)
    nrf_drv_twi_rx                           0x0001f4fd   Thumb Code    30  nrf_drv_twi.o(i.nrf_drv_twi_rx)
    nrf_drv_twi_tx                           0x0001f521   Thumb Code    36  nrf_drv_twi.o(i.nrf_drv_twi_tx)
    nrf_drv_twi_uninit                       0x0001f545   Thumb Code    86  nrf_drv_twi.o(i.nrf_drv_twi_uninit)
    nrf_drv_twi_xfer                         0x0001f5ad   Thumb Code    36  nrf_drv_twi.o(i.nrf_drv_twi_xfer)
    nrf_drv_uart_init                        0x0001f5d5   Thumb Code   118  nrf_drv_uart.o(i.nrf_drv_uart_init)
    nrf_drv_uart_rx                          0x0001f655   Thumb Code    86  nrf_drv_uart.o(i.nrf_drv_uart_rx)
    nrf_drv_uart_rx_enable                   0x0001f6b1   Thumb Code    40  nrf_drv_uart.o(i.nrf_drv_uart_rx_enable)
    nrf_drv_uart_tx                          0x0001f785   Thumb Code    46  nrf_drv_uart.o(i.nrf_drv_uart_tx)
    nrf_drv_uart_tx_in_progress              0x0001f845   Thumb Code    20  nrf_drv_uart.o(i.nrf_drv_uart_tx_in_progress)
    nus_data_handler                         0x0001fa59   Thumb Code    60  hummingbirdbitblecallbacks.o(i.nus_data_handler)
    on_adv_evt                               0x0001faa5   Thumb Code     2  hummingbirdbitblecallbacks.o(i.on_adv_evt)
    on_ble_evt                               0x0001faa9   Thumb Code   212  hummingbirdbitblecallbacks.o(i.on_ble_evt)
    on_conn_params_evt                       0x0001fb91   Thumb Code    16  hummingbirdbitblecallbacks.o(i.on_conn_params_evt)
    pin_default                              0x0001fc31   Thumb Code    18  hummingbirdbitio.o(i.pin_default)
    pwm1_change_dutycycle                    0x0001fc61   Thumb Code    44  hummingbirdbitpwm.o(i.pwm1_change_dutycycle)
    pwm1_ready_callback                      0x0001fc95   Thumb Code     8  hummingbirdbitpwm.o(i.pwm1_ready_callback)
    pwm2_change_dutycycle                    0x0001fca1   Thumb Code    48  hummingbirdbitbuzzer.o(i.pwm2_change_dutycycle)
    pwm2_ready_callback                      0x0001fcd9   Thumb Code     8  hummingbirdbitbuzzer.o(i.pwm2_ready_callback)
    pwm_ready_tick                           0x0001fd91   Thumb Code    78  app_pwm.o(i.pwm_ready_tick)
    readFirmwareSAMD                         0x00020241   Thumb Code    20  hummingbirdbituartcontrol.o(i.readFirmwareSAMD)
    read_buttons                             0x0002025d   Thumb Code    78  hummingbirdbitsensors.o(i.read_buttons)
    read_calib_values                        0x000202b9   Thumb Code    32  hummingbirdbitflash.o(i.read_calib_values)
    read_data_packet                         0x000202dd   Thumb Code    38  hummingbirdbitsensors.o(i.read_data_packet)
    read_firmware_SAMD                       0x00020309   Thumb Code    38  hummingbirdbitblecontrol.o(i.read_firmware_SAMD)
    read_mag_packet                          0x00020339   Thumb Code    62  hummingbirdbitmagnetometer.o(i.read_mag_packet)
    read_mag_packet_ls                       0x00020385   Thumb Code    28  hummingbirdbitmagnetometer.o(i.read_mag_packet_ls)
    read_mma_packet                          0x000203a9   Thumb Code    84  hummingbirdbitaccelerometer.o(i.read_mma_packet)
    read_mma_packet_ls                       0x00020409   Thumb Code    46  hummingbirdbitaccelerometer.o(i.read_mma_packet_ls)
    read_sensor_HB                           0x00020441   Thumb Code    18  hummingbirdbitspimaster.o(i.read_sensor_HB)
    read_sensor_MB                           0x0002045d   Thumb Code    22  hummingbirdbitspimaster.o(i.read_sensor_MB)
    read_sensor_data_mag                     0x0002047d   Thumb Code    70  hummingbirdbitmagnetometer.o(i.read_sensor_data_mag)
    read_sensor_data_mag_ls                  0x000204d1   Thumb Code    74  hummingbirdbitmagnetometer.o(i.read_sensor_data_mag_ls)
    read_sensor_data_mma                     0x0002052d   Thumb Code   136  hummingbirdbitaccelerometer.o(i.read_sensor_data_mma)
    read_sensor_data_mma_ls                  0x000205c1   Thumb Code   140  hummingbirdbitaccelerometer.o(i.read_sensor_data_mma_ls)
    read_sensors                             0x0002065d   Thumb Code    72  hummingbirdbitio.o(i.read_sensors)
    read_verify_offset_mag                   0x000206b1   Thumb Code    80  hummingbirdbitmagnetometer.o(i.read_verify_offset_mag)
    read_verify_offset_mag_ls                0x00020711   Thumb Code    80  hummingbirdbitmagnetometer.o(i.read_verify_offset_mag_ls)
    receiveRemainingBytes                    0x00020875   Thumb Code   100  hummingbirdbituartcontrol.o(i.receiveRemainingBytes)
    reset_PWM                                0x000208fd   Thumb Code    18  hummingbirdbitio.o(i.reset_PWM)
    rude_word_check                          0x00020999   Thumb Code    54  hummingbirdbitnaming.o(i.rude_word_check)
    sendInitialData                          0x00020b51   Thumb Code    54  hummingbirdbituartcontrol.o(i.sendInitialData)
    sendUART                                 0x00020b8d   Thumb Code    26  hummingbirdbituart.o(i.sendUART)
    send_I2C_acc                             0x00020ba9   Thumb Code    38  hummingbirdbitaccelerometer.o(i.send_I2C_acc)
    send_I2C_acc_ls                          0x00020bd9   Thumb Code    44  hummingbirdbitaccelerometer.o(i.send_I2C_acc_ls)
    send_I2C_mag                             0x00020c0d   Thumb Code    38  hummingbirdbitmagnetometer.o(i.send_I2C_mag)
    send_I2C_mag_ls                          0x00020c3d   Thumb Code    38  hummingbirdbitmagnetometer.o(i.send_I2C_mag_ls)
    services_init                            0x00020d45   Thumb Code    24  hummingbirdbitbleinit.o(i.services_init)
    setBuzzer                                0x00020d65   Thumb Code    70  hummingbirdbituartcontrol.o(i.setBuzzer)
    setLEDArray                              0x00020dad   Thumb Code   112  hummingbirdbituartcontrol.o(i.setLEDArray)
    set_all_led_micro                        0x00020ed1   Thumb Code   316  hummingbirdbitledarray.o(i.set_all_led_micro)
    set_devicename_array                     0x0002101d   Thumb Code   102  hummingbirdbitnaming.o(i.set_devicename_array)
    set_interrupt_pins_mag                   0x0002108d   Thumb Code    12  hummingbirdbitsensors.o(i.set_interrupt_pins_mag)
    set_interrupt_pins_mag_ls                0x00021099   Thumb Code    12  hummingbirdbitsensors.o(i.set_interrupt_pins_mag_ls)
    set_interrupt_pins_mma                   0x000210a5   Thumb Code    20  hummingbirdbitsensors.o(i.set_interrupt_pins_mma)
    set_interrupt_pins_mma_ls                0x000210b9   Thumb Code    12  hummingbirdbitsensors.o(i.set_interrupt_pins_mma_ls)
    softdevice_ble_evt_handler_set           0x000210c5   Thumb Code    16  softdevice_handler.o(i.softdevice_ble_evt_handler_set)
    softdevice_enable                        0x000210d9   Thumb Code    14  softdevice_handler.o(i.softdevice_enable)
    softdevice_enable_get_default_config     0x000210ed   Thumb Code    40  softdevice_handler.o(i.softdevice_enable_get_default_config)
    softdevice_fault_handler                 0x00021115   Thumb Code     8  softdevice_handler.o(i.softdevice_fault_handler)
    softdevice_handler_init                  0x0002111d   Thumb Code    74  softdevice_handler.o(i.softdevice_handler_init)
    softdevice_handler_is_enabled            0x00021175   Thumb Code     6  softdevice_handler.o(i.softdevice_handler_is_enabled)
    softdevice_sys_evt_handler_set           0x00021181   Thumb Code    16  softdevice_handler.o(i.softdevice_sys_evt_handler_set)
    spi_event_handler                        0x00021195   Thumb Code     8  hummingbirdbitspimaster.o(i.spi_event_handler)
    start_LEDarray_advertising               0x0002122d   Thumb Code    44  hummingbirdbitledarray.o(i.start_LEDarray_advertising)
    start_check_update_calibrate             0x00021269   Thumb Code    52  hummingbirdbitflash.o(i.start_check_update_calibrate)
    start_flashing_string                    0x000212a1   Thumb Code    14  hummingbirdbitledarray.o(i.start_flashing_string)
    start_flashing_timer                     0x000212b5   Thumb Code    30  hummingbirdbitledarray.o(i.start_flashing_timer)
    stopAll                                  0x000212e1   Thumb Code    24  hummingbirdbituartcontrol.o(i.stopAll)
    stop_LEDarray_display                    0x000212fd   Thumb Code    54  hummingbirdbitledarray.o(i.stop_LEDarray_display)
    stop_flashing_timer                      0x00021345   Thumb Code    18  hummingbirdbitledarray.o(i.stop_flashing_timer)
    switch_off_leds                          0x00021361   Thumb Code    38  hummingbirdbitledarray.o(i.switch_off_leds)
    sys_evt_dispatch                         0x0002138d   Thumb Code     8  hummingbirdbitblecallbacks.o(i.sys_evt_dispatch)
    transfer_data                            0x00021589   Thumb Code    36  hummingbirdbitspimaster.o(i.transfer_data)
    twi_handler                              0x00021651   Thumb Code    14  hummingbirdbitsensors.o(i.twi_handler)
    twi_init                                 0x00021665   Thumb Code    38  hummingbirdbitsensors.o(i.twi_init)
    uart_event_handle                        0x00021a71   Thumb Code    56  hummingbirdbituart.o(i.uart_event_handle)
    uart_spi_bridge                          0x00021c89   Thumb Code   730  hummingbirdbitblecontrol.o(i.uart_spi_bridge)
    update_flash_array                       0x00021fad   Thumb Code    58  hummingbirdbitledarray.o(i.update_flash_array)
    update_name_disconnect                   0x00021ff1   Thumb Code    26  hummingbirdbitnaming.o(i.update_name_disconnect)
    verify_data_packet                       0x00022181   Thumb Code    38  hummingbirdbitsensors.o(i.verify_data_packet)
    write_calib_values                       0x000221c5   Thumb Code    82  hummingbirdbitflash.o(i.write_calib_values)
    write_offset                             0x00022221   Thumb Code    72  hummingbirdbitmagnetometer.o(i.write_offset)
    write_offset_ls                          0x00022279   Thumb Code    72  hummingbirdbitmagnetometer.o(i.write_offset_ls)
    PWM2                                     0x000222d8   Data           8  hummingbirdbitbuzzer.o(.constdata)
    m_pwm_PWM2_timer                         0x00022308   Data           8  hummingbirdbitbuzzer.o(.constdata)
    m_pwm_PWM1_timer                         0x00022564   Data           8  hummingbirdbitpwm.o(.constdata)
    PWM1                                     0x0002256c   Data           8  hummingbirdbitpwm.o(.constdata)
    Region$$Table$$Base                      0x00022e20   Number         0  anon$$obj.o(Region$$Table)
    Region$$Table$$Limit                     0x00022e40   Number         0  anon$$obj.o(Region$$Table)
    INITIAL_NAME                             0x20001fe8   Data           2  main.o(.data)
    Image$$RW_IRAM1$$Base                    0x20001fe8   Number         0  anon$$obj.o ABSOLUTE
    start_advertising_flashing               0x20001fea   Data           1  main.o(.data)
    stop_advertising_flashing                0x20001feb   Data           1  main.o(.data)
    LED_array_enable                         0x20001fec   Data           1  main.o(.data)
    flash_mb                                 0x20001fed   Data           1  main.o(.data)
    broadcast_flag                           0x20001fee   Data           1  main.o(.data)
    spi_xfer_done                            0x20001fef   Data           1  main.o(.data)
    currentConnectionMode                    0x20001ff0   Data           1  main.o(.data)
    UARTIndex                                0x20001ff1   Data           1  main.o(.data)
    tail_pointer                             0x20001ff2   Data           1  main.o(.data)
    head_pointer                             0x20001ff3   Data           1  main.o(.data)
    UARTTailPointer                          0x20001ff4   Data           1  main.o(.data)
    UARTHeadPointer                          0x20001ff5   Data           1  main.o(.data)
    sound_effect                             0x20001ff6   Data           1  main.o(.data)
    prev_state                               0x20001ff7   Data           1  main.o(.data)
    buzzer_progress                          0x20001ff8   Data           1  main.o(.data)
    m_twi                                    0x20001ffc   Data           8  main.o(.data)
    calibrate_feedback                       0x20002004   Data           1  main.o(.data)
    accl_mag_chip                            0x20002005   Data           1  main.o(.data)
    m_xfer_done                              0x20002006   Data           1  main.o(.data)
    initials_name                            0x20002007   Data           4  main.o(.data)
    read_axis_mag                            0x2000200b   Data           7  main.o(.data)
    sensor_data_ready                        0x20002015   Data           1  hummingbirdbitblecontrol.o(.data)
    length_flash                             0x2000205f   Data           1  hummingbirdbitledarray.o(.data)
    spi                                      0x20002080   Data           8  hummingbirdbitspimaster.o(.data)
    broadcast_uart_ready                     0x20002088   Data           1  hummingbirdbituartcontrol.o(.data)
    transmit_length                          0x20002096   Data           2  hummingbirdbitblecallbacks.o(.data)
    nrf_nvic_state                           0x20002134   Data           8  app_util_platform.o(.data)
    m_pwm_ready_counter                      0x20002141   Data           6  app_pwm.o(.data)
    SystemCoreClock                          0x2000215c   Data           4  system_nrf51.o(.data)
    fs_data$$Base                            0x20002160   Number         0  hummingbirdbitflash.o(fs_data)
    fs_data$$Limit                           0x20002170   Number         0  hummingbirdbitflash.o(fs_data)
    input_micro_packet                       0x20002290   Data          20  main.o(.bss)
    m_nus                                    0x200022a4   Data          28  main.o(.bss)
    DEVICE_NAME                              0x200022c0   Data          20  main.o(.bss)
    sensor_outputs                           0x200022d4   Data          20  main.o(.bss)
    temp_p_data                              0x200022e8   Data          20  main.o(.bss)
    buffer_data                              0x200022fc   Data         255  main.o(.bss)
    UARTRingBuffer                           0x200023fb   Data         255  main.o(.bss)
    flash_data                               0x20002530   Data          20  hummingbirdbitblecontrol.o(.bss)
    m_pwm_PWM2_cb                            0x20002564   Data          36  hummingbirdbitbuzzer.o(.bss)
    MB_pin                                   0x20002594   Data          36  hummingbirdbitio.o(.bss)
    current_flash_bitmap                     0x200026d4   Data         160  hummingbirdbitledarray.o(.bss)
    LED_ARRAY                                0x20002774   Data          50  hummingbirdbitledarray.o(.bss)
    m_pwm_PWM1_cb                            0x200027a8   Data          36  hummingbirdbitpwm.o(.bss)
    __initial_sp                             0x20003d70   Data           0  arm_startup_nrf51.o(STACK)



==============================================================================

Memory Map of the image

  Image Entry point : 0x0001b0c1

  Load Region LR_IROM1 (Base: 0x0001b000, Size: 0x00007fc8, Max: 0x00025000, ABSOLUTE, COMPRESSED[0x00007e94])

    Execution Region ER_IROM1 (Base: 0x0001b000, Size: 0x00007e40, Max: 0x00025000, ABSOLUTE)

    Base Addr    Size         Type   Attr      Idx    E Section Name        Object

    0x0001b000   0x000000c0   Data   RO         4526    RESET               arm_startup_nrf51.o
    0x0001b0c0   0x00000000   Code   RO         4568  * .ARM.Collect$$$$00000000  mc_p.l(entry.o)
    0x0001b0c0   0x00000004   Code   RO         4585    .ARM.Collect$$$$00000001  mc_p.l(entry2.o)
    0x0001b0c4   0x00000004   Code   RO         4588    .ARM.Collect$$$$00000004  mc_p.l(entry5.o)
    0x0001b0c8   0x00000000   Code   RO         4590    .ARM.Collect$$$$00000008  mc_p.l(entry7b.o)
    0x0001b0c8   0x00000000   Code   RO         4592    .ARM.Collect$$$$0000000A  mc_p.l(entry8b.o)
    0x0001b0c8   0x00000008   Code   RO         4593    .ARM.Collect$$$$0000000B  mc_p.l(entry9a.o)
    0x0001b0d0   0x00000000   Code   RO         4595    .ARM.Collect$$$$0000000D  mc_p.l(entry10a.o)
    0x0001b0d0   0x00000000   Code   RO         4597    .ARM.Collect$$$$0000000F  mc_p.l(entry11a.o)
    0x0001b0d0   0x00000004   Code   RO         4586    .ARM.Collect$$$$00002712  mc_p.l(entry2.o)
    0x0001b0d4   0x00000038   Code   RO         4527    .text               arm_startup_nrf51.o
    0x0001b10c   0x0000002c   Code   RO         4571    .text               mc_p.l(uidiv.o)
    0x0001b138   0x00000060   Code   RO         4573    .text               mc_p.l(uldiv.o)
    0x0001b198   0x00000024   Code   RO         4575    .text               mc_p.l(memcpya.o)
    0x0001b1bc   0x00000024   Code   RO         4577    .text               mc_p.l(memseta.o)
    0x0001b1e0   0x0000000e   Code   RO         4579    .text               mc_p.l(strlen.o)
    0x0001b1ee   0x00000020   Code   RO         4599    .text               mc_p.l(llshl.o)
    0x0001b20e   0x00000022   Code   RO         4601    .text               mc_p.l(llushr.o)
    0x0001b230   0x00000024   Code   RO         4603    .text               mc_p.l(init.o)
    0x0001b254   0x00000056   Code   RO         4613    .text               mc_p.l(__dczerorl2.o)
    0x0001b2aa   0x00000002   PAD
    0x0001b2ac   0x00000060   Code   RO         3008    i.ADC_IRQHandler    nrf_drv_adc.o
    0x0001b30c   0x00000018   Code   RO         1311    i.BLEInit           hummingbirdbitbleinit.o
    0x0001b324   0x00000178   Code   RO         3129    i.GPIOTE_IRQHandler  nrf_drv_gpiote.o
    0x0001b49c   0x0000007c   Code   RO          832    i.LEDS_PWM_init     hummingbirdbitpwm.o
    0x0001b518   0x00000054   Code   RO          833    i.LED_HB_control    hummingbirdbitpwm.o
    0x0001b56c   0x00000054   Code   RO          687    i.LED_micro_control  hummingbirdbitledarray.o
    0x0001b5c0   0x0000003c   Code   RO         1479    i.MAG_set_mode      hummingbirdbitmagnetometer.o
    0x0001b5fc   0x0000003c   Code   RO         1480    i.MAG_set_mode_ls   hummingbirdbitmagnetometer.o
    0x0001b638   0x000000bc   Code   RO         1602    i.MMA_set_mode      hummingbirdbitaccelerometer.o
    0x0001b6f4   0x0000004c   Code   RO         1603    i.MMA_set_mode_ls   hummingbirdbitaccelerometer.o
    0x0001b740   0x00000044   Code   RO         3524    i.NVIC_SetPriority  app_timer.o
    0x0001b784   0x00000054   Code   RO         2018    i.POWER_CLOCK_IRQHandler  nrf_drv_clock.o
    0x0001b7d8   0x00000068   Code   RO          834    i.PWM1_1LED         hummingbirdbitpwm.o
    0x0001b840   0x00000094   Code   RO          835    i.PWM1_2LEDS        hummingbirdbitpwm.o
    0x0001b8d4   0x00000060   Code   RO          444    i.PWM2_1LED         hummingbirdbitbuzzer.o
    0x0001b934   0x00000008   Code   RO          605    i.PWM_one_LED       hummingbirdbitio.o
    0x0001b93c   0x0000001c   Code   RO          606    i.PWM_three_LED     hummingbirdbitio.o
    0x0001b958   0x00000008   Code   RO          607    i.PWM_two_LED       hummingbirdbitio.o
    0x0001b960   0x00000020   Code   RO         3525    i.RTC1_IRQHandler   app_timer.o
    0x0001b980   0x0000003c   Code   RO         2394    i.SPI0_TWI0_IRQHandler  nrf_drv_spi.o
    0x0001b9bc   0x00000014   Code   RO         2858    i.SPI1_TWI1_IRQHandler  nrf_drv_twi.o
    0x0001b9d0   0x00000040   Code   RO         1080    i.SPI_init          hummingbirdbitspimaster.o
    0x0001ba10   0x00000008   Code   RO         3526    i.SWI0_IRQHandler   app_timer.o
    0x0001ba18   0x00000020   Code   RO         4305    i.SWI2_IRQHandler   softdevice_handler.o
    0x0001ba38   0x000000a0   Code   RO         4534    i.SystemInit        system_nrf51.o
    0x0001bad8   0x00000018   Code   RO         2585    i.TIMER0_IRQHandler  nrf_drv_timer.o
    0x0001baf0   0x00000018   Code   RO         2586    i.TIMER1_IRQHandler  nrf_drv_timer.o
    0x0001bb08   0x00000018   Code   RO         2587    i.TIMER2_IRQHandler  nrf_drv_timer.o
    0x0001bb20   0x00000014   Code   RO         2217    i.UART0_IRQHandler  nrf_drv_uart.o
    0x0001bb34   0x00000038   Code   RO         1214    i.UARTDisconnection  hummingbirdbituartcontrol.o
    0x0001bb6c   0x00000044   Code   RO         1153    i.UARTInit          hummingbirdbituart.o
    0x0001bbb0   0x0000001c   Code   RO         1154    i.UARTTXRXInit      hummingbirdbituart.o
    0x0001bbcc   0x0000001a   Code   RO          814    i.__ARM_common_switch8  hummingbirdbitledarray.o
    0x0001bbe6   0x0000000e   Code   RO         4607    i.__scatterload_copy  mc_p.l(handlers.o)
    0x0001bbf4   0x00000002   Code   RO         4608    i.__scatterload_null  mc_p.l(handlers.o)
    0x0001bbf6   0x0000000e   Code   RO         4609    i.__scatterload_zeroinit  mc_p.l(handlers.o)
    0x0001bc04   0x0000001c   Code   RO         4306    i.__sd_nvic_app_accessible_irq  softdevice_handler.o
    0x0001bc20   0x00000060   Code   RO         3009    i.adc_sample_process  nrf_drv_adc.o
    0x0001bc80   0x0000018e   Code   RO         1702    i.adv_data_encode   ble_advdata.o
    0x0001be0e   0x00000002   PAD
    0x0001be10   0x00000068   Code   RO         1775    i.adv_mode_next_avail_get  ble_advertising.o
    0x0001be78   0x00000060   Code   RO         1312    i.advertising_init  hummingbirdbitbleinit.o
    0x0001bed8   0x0000001c   Code   RO         3432    i.app_error_fault_handler  app_error_weak.o
    0x0001bef4   0x00000018   Code   RO         3397    i.app_error_handler_bare  app_error.o
    0x0001bf0c   0x00000008   Code   RO         3455    i.app_fifo_flush    app_fifo.o
    0x0001bf14   0x00000016   Code   RO         3456    i.app_fifo_get      app_fifo.o
    0x0001bf2a   0x00000024   Code   RO         3457    i.app_fifo_init     app_fifo.o
    0x0001bf4e   0x0000001a   Code   RO         3459    i.app_fifo_put      app_fifo.o
    0x0001bf68   0x00000014   Code   RO          836    i.app_pwm1_reset    hummingbirdbitpwm.o
    0x0001bf7c   0x00000020   Code   RO          445    i.app_pwm2_reset    hummingbirdbitbuzzer.o
    0x0001bf9c   0x0000003c   Code   RO         3953    i.app_pwm_busy_check  app_pwm.o
    0x0001bfd8   0x00000020   Code   RO         3956    i.app_pwm_channel_duty_set  app_pwm.o
    0x0001bff8   0x000000b4   Code   RO         3958    i.app_pwm_channel_duty_ticks_set  app_pwm.o
    0x0001c0ac   0x000000e4   Code   RO         3959    i.app_pwm_channel_init  app_pwm.o
    0x0001c190   0x00000088   Code   RO         3961    i.app_pwm_disable   app_pwm.o
    0x0001c218   0x00000078   Code   RO         3962    i.app_pwm_enable    app_pwm.o
    0x0001c290   0x00000180   Code   RO         3963    i.app_pwm_init      app_pwm.o
    0x0001c410   0x0000002a   Code   RO         3964    i.app_pwm_uninit    app_pwm.o
    0x0001c43a   0x00000002   PAD
    0x0001c43c   0x0000002c   Code   RO         3529    i.app_timer_create  app_timer.o
    0x0001c468   0x00000074   Code   RO         3530    i.app_timer_init    app_timer.o
    0x0001c4dc   0x00000088   Code   RO         3531    i.app_timer_start   app_timer.o
    0x0001c564   0x00000028   Code   RO         3532    i.app_timer_stop    app_timer.o
    0x0001c58c   0x0000001c   Code   RO         3667    i.app_uart_flush    app_uart_fifo.o
    0x0001c5a8   0x00000038   Code   RO         3668    i.app_uart_get      app_uart_fifo.o
    0x0001c5e0   0x000000b0   Code   RO         3669    i.app_uart_init     app_uart_fifo.o
    0x0001c690   0x00000040   Code   RO         3670    i.app_uart_put      app_uart_fifo.o
    0x0001c6d0   0x0000003c   Code   RO         3725    i.app_util_critical_region_enter  app_util_platform.o
    0x0001c70c   0x0000002c   Code   RO         3726    i.app_util_critical_region_exit  app_util_platform.o
    0x0001c738   0x00000084   Code   RO         2218    i.apply_config      nrf_drv_uart.o
    0x0001c7bc   0x0000000c   Code   RO         2708    i.are_app_channels  nrf_drv_ppi.o
    0x0001c7c8   0x00000068   Code   RO         1703    i.ble_advdata_set   ble_advdata.o
    0x0001c830   0x0000015c   Code   RO         1776    i.ble_advertising_init  ble_advertising.o
    0x0001c98c   0x00000058   Code   RO         1777    i.ble_advertising_on_ble_evt  ble_advertising.o
    0x0001c9e4   0x00000108   Code   RO         1781    i.ble_advertising_start  ble_advertising.o
    0x0001caec   0x00000054   Code   RO         1863    i.ble_conn_params_init  ble_conn_params.o
    0x0001cb40   0x00000090   Code   RO         1864    i.ble_conn_params_on_ble_evt  ble_conn_params.o
    0x0001cbd0   0x0000005e   Code   RO         1704    i.ble_device_addr_encode  ble_advdata.o
    0x0001cc2e   0x00000002   PAD
    0x0001cc30   0x00000024   Code   RO         1366    i.ble_evt_dispatch  hummingbirdbitblecallbacks.o
    0x0001cc54   0x00000068   Code   RO         1975    i.ble_nus_init      ble_nus.o
    0x0001ccbc   0x0000005c   Code   RO         1976    i.ble_nus_on_ble_evt  ble_nus.o
    0x0001cd18   0x00000054   Code   RO         1977    i.ble_nus_string_send  ble_nus.o
    0x0001cd6c   0x0000000e   Code   RO         1922    i.ble_srv_is_notification_enabled  ble_srv_common.o
    0x0001cd7a   0x00000002   PAD
    0x0001cd7c   0x00000070   Code   RO         1313    i.ble_stack_init    hummingbirdbitbleinit.o
    0x0001cdec   0x00000030   Code   RO          347    i.broadcast_start   hummingbirdbitblecontrol.o
    0x0001ce1c   0x00000028   Code   RO          348    i.broadcast_stop    hummingbirdbitblecontrol.o
    0x0001ce44   0x00000028   Code   RO          349    i.broadcast_timer_handler  hummingbirdbitblecontrol.o
    0x0001ce6c   0x0000000c   Code   RO         1215    i.broadcast_timer_uart_handler  hummingbirdbituartcontrol.o
    0x0001ce78   0x00000028   Code   RO         1216    i.broadcast_uart_start  hummingbirdbituartcontrol.o
    0x0001cea0   0x00000020   Code   RO         1217    i.broadcast_uart_stop  hummingbirdbituartcontrol.o
    0x0001cec0   0x000000d4   Code   RO          446    i.buzzer_HB_control  hummingbirdbitbuzzer.o
    0x0001cf94   0x0000004c   Code   RO         1039    i.buzzer_bluetooth_connection  hummingbirdbitsound.o
    0x0001cfe0   0x0000004c   Code   RO         1040    i.buzzer_bluetooth_disconnection  hummingbirdbitsound.o
    0x0001d02c   0x0000020c   Code   RO         1673    i.calibrate_compass  hummingbirdbitcalibration.o
    0x0001d238   0x00000020   Code   RO          608    i.change_dutycycle  hummingbirdbitio.o
    0x0001d258   0x0000001c   Code   RO         3130    i.channel_free      nrf_drv_gpiote.o
    0x0001d274   0x00000048   Code   RO         3131    i.channel_port_alloc  nrf_drv_gpiote.o
    0x0001d2bc   0x00000010   Code   RO         3132    i.channel_port_get  nrf_drv_gpiote.o
    0x0001d2cc   0x00000300   Code   RO         1218    i.check_UART        hummingbirdbituartcontrol.o
    0x0001d5cc   0x00000010   Code   RO          900    i.check_accel_mag   hummingbirdbitsensors.o
    0x0001d5dc   0x0000001c   Code   RO          530    i.check_calibrate   hummingbirdbitflash.o
    0x0001d5f8   0x00000020   Code   RO         3772    i.check_config      fstorage.o
    0x0001d618   0x0000002c   Code   RO          689    i.check_flashing    hummingbirdbitledarray.o
    0x0001d644   0x00000020   Code   RO          901    i.check_read_sensor_data_mag  hummingbirdbitsensors.o
    0x0001d664   0x0000002c   Code   RO         1041    i.check_sound       hummingbirdbitsound.o
    0x0001d690   0x00000058   Code   RO          350    i.check_update_name  hummingbirdbitblecontrol.o
    0x0001d6e8   0x00000050   Code   RO          351    i.check_update_name_disconnect  hummingbirdbitblecontrol.o
    0x0001d738   0x00000038   Code   RO         1481    i.check_write_offset  hummingbirdbitmagnetometer.o
    0x0001d770   0x00000028   Code   RO         2019    i.clock_clk_started_notify  nrf_drv_clock.o
    0x0001d798   0x000000a8   Code   RO         3534    i.compare_reg_update  app_timer.o
    0x0001d840   0x00000020   Code   RO          609    i.config_adc        hummingbirdbitio.o
    0x0001d860   0x00000088   Code   RO         1705    i.conn_int_encode   ble_advdata.o
    0x0001d8e8   0x00000008   Code   RO         1367    i.conn_params_error_handler  hummingbirdbitblecallbacks.o
    0x0001d8f0   0x00000048   Code   RO         1314    i.conn_params_init  hummingbirdbitbleinit.o
    0x0001d938   0x00000068   Code   RO         1866    i.conn_params_negotiation  ble_conn_params.o
    0x0001d9a0   0x0000000e   Code   RO         1433    i.convert_ascii     hummingbirdbitnaming.o
    0x0001d9ae   0x00000002   PAD
    0x0001d9b0   0x00000010   Code   RO         1604    i.convert_axis_mma_ls  hummingbirdbitaccelerometer.o
    0x0001d9c0   0x0000003c   Code   RO         1482    i.convert_axis_scale  hummingbirdbitmagnetometer.o
    0x0001d9fc   0x00000018   Code   RO         1155    i.createRefreshTimer  hummingbirdbituart.o
    0x0001da14   0x00000040   Code   RO         3535    i.elapsed_ticks_acquire  app_timer.o
    0x0001da54   0x00000014   Code   RO         3462    i.fifo_get          app_fifo.o
    0x0001da68   0x00000012   Code   RO         3463    i.fifo_put          app_fifo.o
    0x0001da7a   0x00000002   PAD
    0x0001da7c   0x0000000c   Code   RO         1483    i.find_version      hummingbirdbitmagnetometer.o
    0x0001da88   0x0000007c   Code   RO         3773    i.fs_erase          fstorage.o
    0x0001db04   0x00000010   Code   RO          531    i.fs_evt_handler    hummingbirdbitflash.o
    0x0001db14   0x000000ac   Code   RO         3775    i.fs_init           fstorage.o
    0x0001dbc0   0x00000018   Code   RO         3778    i.fs_queued_op_count_get  fstorage.o
    0x0001dbd8   0x00000084   Code   RO         3779    i.fs_store          fstorage.o
    0x0001dc5c   0x00000068   Code   RO         3780    i.fs_sys_event_handler  fstorage.o
    0x0001dcc4   0x00000020   Code   RO          532    i.fstorage_erase    hummingbirdbitflash.o
    0x0001dce4   0x00000018   Code   RO          533    i.fstorage_read     hummingbirdbitflash.o
    0x0001dcfc   0x00000028   Code   RO          534    i.fstorage_write    hummingbirdbitflash.o
    0x0001dd24   0x0000004c   Code   RO         1315    i.gap_params_init   hummingbirdbitbleinit.o
    0x0001dd70   0x00000084   Code   RO         1434    i.getInitials_fancyName  hummingbirdbitnaming.o
    0x0001ddf4   0x0000000c   Code   RO          690    i.get_LEDbitmap     hummingbirdbitledarray.o
    0x0001de00   0x0000000c   Code   RO          837    i.hummingbit_pwm_init  hummingbirdbitpwm.o
    0x0001de0c   0x00000018   Code   RO         1081    i.initSPISendData   hummingbirdbitspimaster.o
    0x0001de24   0x00000050   Code   RO          691    i.init_LEDs_micro   hummingbirdbitledarray.o
    0x0001de74   0x00000024   Code   RO          352    i.init_broadcast_timer  hummingbirdbitblecontrol.o
    0x0001de98   0x00000024   Code   RO         1219    i.init_broadcast_uart_timer  hummingbirdbituartcontrol.o
    0x0001debc   0x00000014   Code   RO          902    i.init_buttons      hummingbirdbitsensors.o
    0x0001ded0   0x00000028   Code   RO          692    i.init_led_address  hummingbirdbitledarray.o
    0x0001def8   0x0000003c   Code   RO          693    i.init_micro_LEDs   hummingbirdbitledarray.o
    0x0001df34   0x0000003c   Code   RO          903    i.init_microbit_sensors  hummingbirdbitsensors.o
    0x0001df70   0x0000000c   Code   RO          904    i.init_mma_mag      hummingbirdbitsensors.o
    0x0001df7c   0x0000000c   Code   RO          905    i.init_mma_mag_ls   hummingbirdbitsensors.o
    0x0001df88   0x00000030   Code   RO          447    i.init_timer_buzzer  hummingbirdbitbuzzer.o
    0x0001dfb8   0x00000080   Code   RO         4307    i.intern_softdevice_events_execute  softdevice_handler.o
    0x0001e038   0x00000040   Code   RO         2588    i.irq_handler       nrf_drv_timer.o
    0x0001e078   0x000000ac   Code   RO         2859    i.irq_handler_twi   nrf_drv_twi.o
    0x0001e124   0x00000018   Code   RO         2709    i.is_allocated_channel  nrf_drv_ppi.o
    0x0001e13c   0x00000018   Code   RO         2710    i.is_allocated_group  nrf_drv_ppi.o
    0x0001e154   0x0000000e   Code   RO         2711    i.is_app_channel    nrf_drv_ppi.o
    0x0001e162   0x0000000c   Code   RO         2712    i.is_app_group      nrf_drv_ppi.o
    0x0001e16e   0x00000002   PAD
    0x0001e170   0x0000001c   Code   RO         1867    i.is_conn_params_ok  ble_conn_params.o
    0x0001e18c   0x00000048   Code   RO         4535    i.is_manual_peripheral_setup_needed  system_nrf51.o
    0x0001e1d4   0x0000000c   Code   RO         2713    i.is_programmable_app_channel  nrf_drv_ppi.o
    0x0001e1e0   0x000000ac   Code   RO         3536    i.list_deletions_handler  app_timer.o
    0x0001e28c   0x000000bc   Code   RO         3537    i.list_insertions_handler  app_timer.o
    0x0001e348   0x0000006c   Code   RO            3    i.main              main.o
    0x0001e3b4   0x00000068   Code   RO         1706    i.manuf_specific_data_encode  ble_advdata.o
    0x0001e41c   0x00000044   Code   RO          694    i.micro_LED_flash_handler  hummingbirdbitledarray.o
    0x0001e460   0x0000003c   Code   RO          695    i.micro_LED_timer_handler  hummingbirdbitledarray.o
    0x0001e49c   0x00000034   Code   RO          448    i.micro_buzzer_timer_handler  hummingbirdbitbuzzer.o
    0x0001e4d0   0x00000230   Code   RO          610    i.microbit_io_pwm_main  hummingbirdbitio.o
    0x0001e700   0x0000005c   Code   RO          611    i.microbit_pwm_init  hummingbirdbitio.o
    0x0001e75c   0x0000009e   Code   RO         1707    i.name_encode       ble_advdata.o
    0x0001e7fa   0x00000002   PAD
    0x0001e7fc   0x00000040   Code   RO         3095    i.nrf_adc_configure  nrf_adc.o
    0x0001e83c   0x0000002c   Code   RO         3096    i.nrf_adc_convert_single  nrf_adc.o
    0x0001e868   0x00000020   Code   RO         3097    i.nrf_adc_input_select  nrf_adc.o
    0x0001e888   0x00000010   Code   RO         3133    i.nrf_bitmask_bit_is_set  nrf_drv_gpiote.o
    0x0001e898   0x00000010   Code   RO         2023    i.nrf_clock_event_check  nrf_drv_clock.o
    0x0001e8a8   0x00000034   Code   RO          353    i.nrf_delay_ms      hummingbirdbitblecontrol.o
    0x0001e8dc   0x00000034   Code   RO          536    i.nrf_delay_ms      hummingbirdbitflash.o
    0x0001e910   0x00000034   Code   RO          906    i.nrf_delay_ms      hummingbirdbitsensors.o
    0x0001e944   0x00000034   Code   RO         1042    i.nrf_delay_ms      hummingbirdbitsound.o
    0x0001e978   0x00000034   Code   RO         1220    i.nrf_delay_ms      hummingbirdbituartcontrol.o
    0x0001e9ac   0x00000034   Code   RO         1484    i.nrf_delay_ms      hummingbirdbitmagnetometer.o
    0x0001e9e0   0x00000034   Code   RO         1674    i.nrf_delay_ms      hummingbirdbitcalibration.o
    0x0001ea14   0x00000030   Code   RO         2395    i.nrf_delay_us      nrf_drv_spi.o
    0x0001ea44   0x00000030   Code   RO         2860    i.nrf_delay_us      nrf_drv_twi.o
    0x0001ea74   0x00000030   Code   RO         3538    i.nrf_delay_us      app_timer.o
    0x0001eaa4   0x0000002c   Code   RO         3018    i.nrf_drv_adc_uninit  nrf_drv_adc.o
    0x0001ead0   0x00000048   Code   RO         2030    i.nrf_drv_clock_init  nrf_drv_clock.o
    0x0001eb18   0x00000034   Code   RO         2037    i.nrf_drv_clock_on_sd_enable  nrf_drv_clock.o
    0x0001eb4c   0x0000000c   Code   RO         2038    i.nrf_drv_clock_on_soc_event  nrf_drv_clock.o
    0x0001eb58   0x00000060   Code   RO         2183    i.nrf_drv_common_irq_enable  nrf_drv_common.o
    0x0001ebb8   0x0000005c   Code   RO         3140    i.nrf_drv_gpiote_init  nrf_drv_gpiote.o
    0x0001ec14   0x00000010   Code   RO         3141    i.nrf_drv_gpiote_is_init  nrf_drv_gpiote.o
    0x0001ec24   0x00000098   Code   RO         3143    i.nrf_drv_gpiote_out_init  nrf_drv_gpiote.o
    0x0001ecbc   0x00000014   Code   RO         3145    i.nrf_drv_gpiote_out_task_addr_get  nrf_drv_gpiote.o
    0x0001ecd0   0x00000020   Code   RO         3146    i.nrf_drv_gpiote_out_task_disable  nrf_drv_gpiote.o
    0x0001ecf0   0x00000030   Code   RO         3147    i.nrf_drv_gpiote_out_task_enable  nrf_drv_gpiote.o
    0x0001ed20   0x0000002c   Code   RO         3148    i.nrf_drv_gpiote_out_task_force  nrf_drv_gpiote.o
    0x0001ed4c   0x00000044   Code   RO         3151    i.nrf_drv_gpiote_out_uninit  nrf_drv_gpiote.o
    0x0001ed90   0x00000068   Code   RO         2714    i.nrf_drv_ppi_channel_alloc  nrf_drv_ppi.o
    0x0001edf8   0x00000040   Code   RO         2715    i.nrf_drv_ppi_channel_assign  nrf_drv_ppi.o
    0x0001ee38   0x0000003c   Code   RO         2716    i.nrf_drv_ppi_channel_disable  nrf_drv_ppi.o
    0x0001ee74   0x0000003c   Code   RO         2717    i.nrf_drv_ppi_channel_enable  nrf_drv_ppi.o
    0x0001eeb0   0x00000040   Code   RO         2719    i.nrf_drv_ppi_channel_free  nrf_drv_ppi.o
    0x0001eef0   0x00000054   Code   RO         2720    i.nrf_drv_ppi_channels_include_in_group  nrf_drv_ppi.o
    0x0001ef44   0x00000054   Code   RO         2721    i.nrf_drv_ppi_channels_remove_from_group  nrf_drv_ppi.o
    0x0001ef98   0x00000064   Code   RO         2722    i.nrf_drv_ppi_group_alloc  nrf_drv_ppi.o
    0x0001effc   0x00000034   Code   RO         2724    i.nrf_drv_ppi_group_enable  nrf_drv_ppi.o
    0x0001f030   0x00000050   Code   RO         2725    i.nrf_drv_ppi_group_free  nrf_drv_ppi.o
    0x0001f080   0x00000018   Code   RO         2726    i.nrf_drv_ppi_init  nrf_drv_ppi.o
    0x0001f098   0x00000114   Code   RO         2396    i.nrf_drv_spi_init  nrf_drv_spi.o
    0x0001f1ac   0x00000018   Code   RO         2397    i.nrf_drv_spi_transfer  nrf_drv_spi.o
    0x0001f1c4   0x00000070   Code   RO         2399    i.nrf_drv_spi_xfer  nrf_drv_spi.o
    0x0001f234   0x0000000e   Code   RO         3965    i.nrf_drv_timer_capture_get  app_pwm.o
    0x0001f242   0x0000000c   Code   RO         3966    i.nrf_drv_timer_capture_task_address_get  app_pwm.o
    0x0001f24e   0x00000008   Code   RO         2590    i.nrf_drv_timer_clear  nrf_drv_timer.o
    0x0001f256   0x0000002a   Code   RO         2591    i.nrf_drv_timer_compare  nrf_drv_timer.o
    0x0001f280   0x0000000e   Code   RO         3967    i.nrf_drv_timer_compare_event_address_get  app_pwm.o
    0x0001f28e   0x00000012   Code   RO         2592    i.nrf_drv_timer_compare_int_disable  nrf_drv_timer.o
    0x0001f2a0   0x00000022   Code   RO         2593    i.nrf_drv_timer_compare_int_enable  nrf_drv_timer.o
    0x0001f2c2   0x00000002   PAD
    0x0001f2c4   0x00000018   Code   RO         2594    i.nrf_drv_timer_disable  nrf_drv_timer.o
    0x0001f2dc   0x0000001c   Code   RO         2595    i.nrf_drv_timer_enable  nrf_drv_timer.o
    0x0001f2f8   0x0000002e   Code   RO         2596    i.nrf_drv_timer_extended_compare  nrf_drv_timer.o
    0x0001f326   0x00000002   PAD
    0x0001f328   0x0000009c   Code   RO         2598    i.nrf_drv_timer_init  nrf_drv_timer.o
    0x0001f3c4   0x00000058   Code   RO         2601    i.nrf_drv_timer_uninit  nrf_drv_timer.o
    0x0001f41c   0x00000038   Code   RO         2862    i.nrf_drv_twi_disable  nrf_drv_twi.o
    0x0001f454   0x00000020   Code   RO         2863    i.nrf_drv_twi_enable  nrf_drv_twi.o
    0x0001f474   0x00000088   Code   RO         2864    i.nrf_drv_twi_init  nrf_drv_twi.o
    0x0001f4fc   0x00000024   Code   RO         2865    i.nrf_drv_twi_rx    nrf_drv_twi.o
    0x0001f520   0x00000024   Code   RO         2868    i.nrf_drv_twi_tx    nrf_drv_twi.o
    0x0001f544   0x00000068   Code   RO         2869    i.nrf_drv_twi_uninit  nrf_drv_twi.o
    0x0001f5ac   0x00000028   Code   RO         2870    i.nrf_drv_twi_xfer  nrf_drv_twi.o
    0x0001f5d4   0x00000080   Code   RO         2220    i.nrf_drv_uart_init  nrf_drv_uart.o
    0x0001f654   0x0000005c   Code   RO         2221    i.nrf_drv_uart_rx   nrf_drv_uart.o
    0x0001f6b0   0x0000002c   Code   RO         2224    i.nrf_drv_uart_rx_enable  nrf_drv_uart.o
    0x0001f6dc   0x000000a8   Code   RO         2225    i.nrf_drv_uart_rx_for_uart  nrf_drv_uart.o
    0x0001f784   0x00000034   Code   RO         2226    i.nrf_drv_uart_tx   nrf_drv_uart.o
    0x0001f7b8   0x0000008c   Code   RO         2228    i.nrf_drv_uart_tx_for_uart  nrf_drv_uart.o
    0x0001f844   0x00000018   Code   RO         2229    i.nrf_drv_uart_tx_in_progress  nrf_drv_uart.o
    0x0001f85c   0x00000028   Code   RO          696    i.nrf_gpio_cfg      hummingbirdbitledarray.o
    0x0001f884   0x00000028   Code   RO         2231    i.nrf_gpio_cfg      nrf_drv_uart.o
    0x0001f8ac   0x00000028   Code   RO         2400    i.nrf_gpio_cfg      nrf_drv_spi.o
    0x0001f8d4   0x00000028   Code   RO         3153    i.nrf_gpio_cfg      nrf_drv_gpiote.o
    0x0001f8fc   0x00000012   Code   RO         3154    i.nrf_gpio_cfg_default  nrf_drv_gpiote.o
    0x0001f90e   0x00000014   Code   RO          907    i.nrf_gpio_cfg_input  hummingbirdbitsensors.o
    0x0001f922   0x00000014   Code   RO         1156    i.nrf_gpio_cfg_input  hummingbirdbituart.o
    0x0001f936   0x00000012   Code   RO         2233    i.nrf_gpio_cfg_input  nrf_drv_uart.o
    0x0001f948   0x00000014   Code   RO          449    i.nrf_gpio_cfg_output  hummingbirdbitbuzzer.o
    0x0001f95c   0x00000014   Code   RO         2234    i.nrf_gpio_cfg_output  nrf_drv_uart.o
    0x0001f970   0x00000014   Code   RO         2401    i.nrf_gpio_cfg_output  nrf_drv_spi.o
    0x0001f984   0x00000022   Code   RO         3155    i.nrf_gpio_cfg_sense_set  nrf_drv_gpiote.o
    0x0001f9a6   0x00000002   PAD
    0x0001f9a8   0x00000010   Code   RO          697    i.nrf_gpio_pin_clear  hummingbirdbitledarray.o
    0x0001f9b8   0x00000010   Code   RO          698    i.nrf_gpio_pin_set  hummingbirdbitledarray.o
    0x0001f9c8   0x00000010   Code   RO         2402    i.nrf_gpio_pin_set  nrf_drv_spi.o
    0x0001f9d8   0x00000010   Code   RO         2871    i.nrf_gpio_pin_set  nrf_drv_twi.o
    0x0001f9e8   0x00000028   Code   RO         3156    i.nrf_gpio_ports_read  nrf_drv_gpiote.o
    0x0001fa10   0x00000010   Code   RO         3157    i.nrf_gpiote_event_clear  nrf_drv_gpiote.o
    0x0001fa20   0x00000014   Code   RO         3158    i.nrf_gpiote_event_is_set  nrf_drv_gpiote.o
    0x0001fa34   0x0000000a   Code   RO         2872    i.nrf_twi_event_check  nrf_drv_twi.o
    0x0001fa3e   0x0000000a   Code   RO         2235    i.nrf_uart_event_check  nrf_drv_uart.o
    0x0001fa48   0x00000010   Code   RO         2236    i.nrf_uart_int_enable_check  nrf_drv_uart.o
    0x0001fa58   0x0000004c   Code   RO         1368    i.nus_data_handler  hummingbirdbitblecallbacks.o
    0x0001faa4   0x00000002   Code   RO         1369    i.on_adv_evt        hummingbirdbitblecallbacks.o
    0x0001faa6   0x00000002   PAD
    0x0001faa8   0x000000e8   Code   RO         1370    i.on_ble_evt        hummingbirdbitblecallbacks.o
    0x0001fb90   0x00000014   Code   RO         1371    i.on_conn_params_evt  hummingbirdbitblecallbacks.o
    0x0001fba4   0x00000054   Code   RO         3781    i.on_operation_success  fstorage.o
    0x0001fbf8   0x00000038   Code   RO         3968    i.pan73_workaround  app_pwm.o
    0x0001fc30   0x00000018   Code   RO          612    i.pin_default       hummingbirdbitio.o
    0x0001fc48   0x00000018   Code   RO         3160    i.pin_in_use_by_te  nrf_drv_gpiote.o
    0x0001fc60   0x00000034   Code   RO          838    i.pwm1_change_dutycycle  hummingbirdbitpwm.o
    0x0001fc94   0x0000000c   Code   RO          839    i.pwm1_ready_callback  hummingbirdbitpwm.o
    0x0001fca0   0x00000038   Code   RO          450    i.pwm2_change_dutycycle  hummingbirdbitbuzzer.o
    0x0001fcd8   0x0000000c   Code   RO          451    i.pwm2_ready_callback  hummingbirdbitbuzzer.o
    0x0001fce4   0x00000018   Code   RO         3969    i.pwm_channel_ppi_disable  app_pwm.o
    0x0001fcfc   0x00000080   Code   RO         3970    i.pwm_dealloc       app_pwm.o
    0x0001fd7c   0x00000014   Code   RO         3971    i.pwm_ppi_disable   app_pwm.o
    0x0001fd90   0x00000058   Code   RO         3972    i.pwm_ready_tick    app_pwm.o
    0x0001fde8   0x00000074   Code   RO         3973    i.pwm_transition_0or100_to_0or100  app_pwm.o
    0x0001fe5c   0x00000114   Code   RO         3974    i.pwm_transition_0or100_to_n  app_pwm.o
    0x0001ff70   0x0000010c   Code   RO         3975    i.pwm_transition_n_to_0or100  app_pwm.o
    0x0002007c   0x000000d8   Code   RO         3976    i.pwm_transition_n_to_m  app_pwm.o
    0x00020154   0x0000002c   Code   RO         3782    i.queue_advance     fstorage.o
    0x00020180   0x00000038   Code   RO         3783    i.queue_get_next_free  fstorage.o
    0x000201b8   0x0000006c   Code   RO         3784    i.queue_process     fstorage.o
    0x00020224   0x0000001c   Code   RO         3785    i.queue_start       fstorage.o
    0x00020240   0x0000001c   Code   RO         1221    i.readFirmwareSAMD  hummingbirdbituartcontrol.o
    0x0002025c   0x0000005c   Code   RO          908    i.read_buttons      hummingbirdbitsensors.o
    0x000202b8   0x00000024   Code   RO          537    i.read_calib_values  hummingbirdbitflash.o
    0x000202dc   0x0000002c   Code   RO          909    i.read_data_packet  hummingbirdbitsensors.o
    0x00020308   0x00000030   Code   RO          354    i.read_firmware_SAMD  hummingbirdbitblecontrol.o
    0x00020338   0x0000004c   Code   RO         1485    i.read_mag_packet   hummingbirdbitmagnetometer.o
    0x00020384   0x00000024   Code   RO         1486    i.read_mag_packet_ls  hummingbirdbitmagnetometer.o
    0x000203a8   0x00000060   Code   RO         1605    i.read_mma_packet   hummingbirdbitaccelerometer.o
    0x00020408   0x00000038   Code   RO         1606    i.read_mma_packet_ls  hummingbirdbitaccelerometer.o
    0x00020440   0x0000001c   Code   RO         1082    i.read_sensor_HB    hummingbirdbitspimaster.o
    0x0002045c   0x00000020   Code   RO         1083    i.read_sensor_MB    hummingbirdbitspimaster.o
    0x0002047c   0x00000054   Code   RO         1487    i.read_sensor_data_mag  hummingbirdbitmagnetometer.o
    0x000204d0   0x0000005c   Code   RO         1488    i.read_sensor_data_mag_ls  hummingbirdbitmagnetometer.o
    0x0002052c   0x00000094   Code   RO         1607    i.read_sensor_data_mma  hummingbirdbitaccelerometer.o
    0x000205c0   0x0000009c   Code   RO         1608    i.read_sensor_data_mma_ls  hummingbirdbitaccelerometer.o
    0x0002065c   0x00000054   Code   RO          613    i.read_sensors      hummingbirdbitio.o
    0x000206b0   0x00000060   Code   RO         1489    i.read_verify_offset_mag  hummingbirdbitmagnetometer.o
    0x00020710   0x00000060   Code   RO         1490    i.read_verify_offset_mag_ls  hummingbirdbitmagnetometer.o
    0x00020770   0x00000104   Code   RO          910    i.read_who_am_i     hummingbirdbitsensors.o
    0x00020874   0x00000074   Code   RO         1222    i.receiveRemainingBytes  hummingbirdbituartcontrol.o
    0x000208e8   0x00000014   Code   RO         1157    i.refreshTimerHandler  hummingbirdbituart.o
    0x000208fc   0x00000018   Code   RO          614    i.reset_PWM         hummingbirdbitio.o
    0x00020914   0x00000040   Code   RO          911    i.reset_i2c         hummingbirdbitsensors.o
    0x00020954   0x00000044   Code   RO         3539    i.rtc1_stop         app_timer.o
    0x00020998   0x00000040   Code   RO         1435    i.rude_word_check   hummingbirdbitnaming.o
    0x000209d8   0x00000026   Code   RO         2237    i.rx_byte           nrf_drv_uart.o
    0x000209fe   0x0000009e   Code   RO         1978    i.rx_char_add       ble_nus.o
    0x00020a9c   0x00000014   Code   RO         2238    i.rx_done_event     nrf_drv_uart.o
    0x00020ab0   0x0000001a   Code   RO         2239    i.rx_enable         nrf_drv_uart.o
    0x00020aca   0x00000002   PAD
    0x00020acc   0x00000084   Code   RO         4309    i.sd_nvic_EnableIRQ  softdevice_handler.o
    0x00020b50   0x0000003c   Code   RO         1223    i.sendInitialData   hummingbirdbituartcontrol.o
    0x00020b8c   0x0000001a   Code   RO         1158    i.sendUART          hummingbirdbituart.o
    0x00020ba6   0x00000002   PAD
    0x00020ba8   0x00000030   Code   RO         1609    i.send_I2C_acc      hummingbirdbitaccelerometer.o
    0x00020bd8   0x00000034   Code   RO         1610    i.send_I2C_acc_ls   hummingbirdbitaccelerometer.o
    0x00020c0c   0x00000030   Code   RO         1491    i.send_I2C_mag      hummingbirdbitmagnetometer.o
    0x00020c3c   0x00000030   Code   RO         1492    i.send_I2C_mag_ls   hummingbirdbitmagnetometer.o
    0x00020c6c   0x00000048   Code   RO         3786    i.send_event        fstorage.o
    0x00020cb4   0x0000008e   Code   RO         1708    i.service_data_encode  ble_advdata.o
    0x00020d42   0x00000002   PAD
    0x00020d44   0x00000020   Code   RO         1316    i.services_init     hummingbirdbitbleinit.o
    0x00020d64   0x00000046   Code   RO         1224    i.setBuzzer         hummingbirdbituartcontrol.o
    0x00020daa   0x00000002   PAD
    0x00020dac   0x00000078   Code   RO         1225    i.setLEDArray       hummingbirdbituartcontrol.o
    0x00020e24   0x00000058   Code   RO         1783    i.set_adv_mode_fast  ble_advertising.o
    0x00020e7c   0x00000054   Code   RO         1784    i.set_adv_mode_slow  ble_advertising.o
    0x00020ed0   0x0000014c   Code   RO          699    i.set_all_led_micro  hummingbirdbitledarray.o
    0x0002101c   0x00000070   Code   RO         1436    i.set_devicename_array  hummingbirdbitnaming.o
    0x0002108c   0x0000000c   Code   RO          912    i.set_interrupt_pins_mag  hummingbirdbitsensors.o
    0x00021098   0x0000000c   Code   RO          913    i.set_interrupt_pins_mag_ls  hummingbirdbitsensors.o
    0x000210a4   0x00000014   Code   RO          914    i.set_interrupt_pins_mma  hummingbirdbitsensors.o
    0x000210b8   0x0000000c   Code   RO          915    i.set_interrupt_pins_mma_ls  hummingbirdbitsensors.o
    0x000210c4   0x00000014   Code   RO         4310    i.softdevice_ble_evt_handler_set  softdevice_handler.o
    0x000210d8   0x00000014   Code   RO         4311    i.softdevice_enable  softdevice_handler.o
    0x000210ec   0x00000028   Code   RO         4312    i.softdevice_enable_get_default_config  softdevice_handler.o
    0x00021114   0x00000008   Code   RO         4313    i.softdevice_fault_handler  softdevice_handler.o
    0x0002111c   0x00000058   Code   RO         4314    i.softdevice_handler_init  softdevice_handler.o
    0x00021174   0x0000000c   Code   RO         4315    i.softdevice_handler_is_enabled  softdevice_handler.o
    0x00021180   0x00000014   Code   RO         4320    i.softdevice_sys_evt_handler_set  softdevice_handler.o
    0x00021194   0x0000000c   Code   RO         1084    i.spi_event_handler  hummingbirdbitspimaster.o
    0x000211a0   0x0000008a   Code   RO         2403    i.spi_xfer          nrf_drv_spi.o
    0x0002122a   0x00000002   PAD
    0x0002122c   0x0000003c   Code   RO          700    i.start_LEDarray_advertising  hummingbirdbitledarray.o
    0x00021268   0x00000038   Code   RO          538    i.start_check_update_calibrate  hummingbirdbitflash.o
    0x000212a0   0x00000014   Code   RO          701    i.start_flashing_string  hummingbirdbitledarray.o
    0x000212b4   0x0000002c   Code   RO          702    i.start_flashing_timer  hummingbirdbitledarray.o
    0x000212e0   0x0000001c   Code   RO         1226    i.stopAll           hummingbirdbituartcontrol.o
    0x000212fc   0x00000048   Code   RO          703    i.stop_LEDarray_display  hummingbirdbitledarray.o
    0x00021344   0x0000001c   Code   RO          704    i.stop_flashing_timer  hummingbirdbitledarray.o
    0x00021360   0x0000002c   Code   RO          705    i.switch_off_leds   hummingbirdbitledarray.o
    0x0002138c   0x00000008   Code   RO         1372    i.sys_evt_dispatch  hummingbirdbitblecallbacks.o
    0x00021394   0x00000084   Code   RO         3540    i.timer_list_handler  app_timer.o
    0x00021418   0x00000010   Code   RO         3541    i.timer_list_handler_sched  app_timer.o
    0x00021428   0x00000040   Code   RO         3542    i.timer_list_insert  app_timer.o
    0x00021468   0x00000048   Code   RO         3543    i.timer_stop_op_schedule  app_timer.o
    0x000214b0   0x00000080   Code   RO         3544    i.timer_timeouts_check  app_timer.o
    0x00021530   0x00000058   Code   RO         2404    i.transfer_byte     nrf_drv_spi.o
    0x00021588   0x00000030   Code   RO         1085    i.transfer_data     hummingbirdbitspimaster.o
    0x000215b8   0x00000098   Code   RO         2873    i.twi_clear_bus     nrf_drv_twi.o
    0x00021650   0x00000014   Code   RO          916    i.twi_handler       hummingbirdbitsensors.o
    0x00021664   0x00000034   Code   RO          917    i.twi_init          hummingbirdbitsensors.o
    0x00021698   0x00000020   Code   RO         2874    i.twi_process_error  nrf_drv_twi.o
    0x000216b8   0x000000a0   Code   RO         2875    i.twi_rx_start_transfer  nrf_drv_twi.o
    0x00021758   0x0000002e   Code   RO         2876    i.twi_send_byte     nrf_drv_twi.o
    0x00021786   0x00000108   Code   RO         2877    i.twi_transfer      nrf_drv_twi.o
    0x0002188e   0x00000002   PAD
    0x00021890   0x0000009c   Code   RO         2878    i.twi_tx_start_transfer  nrf_drv_twi.o
    0x0002192c   0x0000008c   Code   RO         2879    i.twi_xfer          nrf_drv_twi.o
    0x000219b8   0x0000001e   Code   RO         2240    i.tx_byte           nrf_drv_uart.o
    0x000219d6   0x00000080   Code   RO         1979    i.tx_char_add       ble_nus.o
    0x00021a56   0x00000018   Code   RO         2241    i.tx_done_event     nrf_drv_uart.o
    0x00021a6e   0x00000002   PAD
    0x00021a70   0x00000048   Code   RO         1159    i.uart_event_handle  hummingbirdbituart.o
    0x00021ab8   0x000000a8   Code   RO         3671    i.uart_event_handler  app_uart_fifo.o
    0x00021b60   0x00000128   Code   RO         2242    i.uart_irq_handler  nrf_drv_uart.o
    0x00021c88   0x00000318   Code   RO          355    i.uart_spi_bridge   hummingbirdbitblecontrol.o
    0x00021fa0   0x0000000a   Code   RO         1709    i.uint16_encode     ble_advdata.o
    0x00021faa   0x00000002   PAD
    0x00021fac   0x00000044   Code   RO          706    i.update_flash_array  hummingbirdbitledarray.o
    0x00021ff0   0x00000020   Code   RO         1437    i.update_name_disconnect  hummingbirdbitnaming.o
    0x00022010   0x00000064   Code   RO         1868    i.update_timeout_handler  ble_conn_params.o
    0x00022074   0x0000002c   Code   RO         3545    i.user_op_alloc     app_timer.o
    0x000220a0   0x00000030   Code   RO         1710    i.uuid_list_encode  ble_advdata.o
    0x000220d0   0x000000ae   Code   RO         1711    i.uuid_list_sized_encode  ble_advdata.o
    0x0002217e   0x00000002   PAD
    0x00022180   0x0000002c   Code   RO          918    i.verify_data_packet  hummingbirdbitsensors.o
    0x000221ac   0x00000018   Code   RO         1785    i.whitelist_has_entries  ble_advertising.o
    0x000221c4   0x0000005c   Code   RO          539    i.write_calib_values  hummingbirdbitflash.o
    0x00022220   0x00000058   Code   RO         1493    i.write_offset      hummingbirdbitmagnetometer.o
    0x00022278   0x00000058   Code   RO         1494    i.write_offset_ls   hummingbirdbitmagnetometer.o
    0x000222d0   0x00000004   Data   RO          358    .constdata          hummingbirdbitblecontrol.o
    0x000222d4   0x00000034   Data   RO          454    .constdata          hummingbirdbitbuzzer.o
    0x00022308   0x00000008   Data   RO          455    .constdata          hummingbirdbitbuzzer.o
    0x00022310   0x00000010   Data   RO          616    .constdata          hummingbirdbitio.o
    0x00022320   0x00000244   Data   RO          710    .constdata          hummingbirdbitledarray.o
    0x00022564   0x00000008   Data   RO          841    .constdata          hummingbirdbitpwm.o
    0x0002256c   0x00000044   Data   RO          842    .constdata          hummingbirdbitpwm.o
    0x000225b0   0x00000020   Data   RO          919    .constdata          hummingbirdbitsensors.o
    0x000225d0   0x00000010   Data   RO         1087    .constdata          hummingbirdbitspimaster.o
    0x000225e0   0x0000001c   Data   RO         1162    .constdata          hummingbirdbituart.o
    0x000225fc   0x00000004   Data   RO         1229    .constdata          hummingbirdbituartcontrol.o
    0x00022600   0x00000004   Data   RO         1318    .constdata          hummingbirdbitbleinit.o
    0x00022604   0x000007cb   Data   RO         1438    .constdata          hummingbirdbitnaming.o
    0x00022dcf   0x00000001   PAD
    0x00022dd0   0x00000004   Data   RO         1871    .constdata          ble_conn_params.o
    0x00022dd4   0x00000010   Data   RO         1980    .constdata          ble_nus.o
    0x00022de4   0x0000000c   Data   RO         2884    .constdata          nrf_drv_twi.o
    0x00022df0   0x00000004   Data   RO         3162    .constdata          nrf_drv_gpiote.o
    0x00022df4   0x00000020   Data   RO         3673    .constdata          app_uart_fifo.o
    0x00022e14   0x0000000c   Data   RO         3978    .constdata          app_pwm.o
    0x00022e20   0x00000020   Data   RO         4605    Region$$Table       anon$$obj.o


    Execution Region RW_IRAM1 (Base: 0x20001fe8, Size: 0x00001d88, Max: 0x00006018, ABSOLUTE, COMPRESSED[0x00000054])

    Base Addr    Size         Type   Attr      Idx    E Section Name        Object

    0x20001fe8   0x00000002   Data   RW           14    .data               main.o
    0x20001fea   0x00000001   Data   RW           18    .data               main.o
    0x20001feb   0x00000001   Data   RW           19    .data               main.o
    0x20001fec   0x00000001   Data   RW           20    .data               main.o
    0x20001fed   0x00000001   Data   RW           21    .data               main.o
    0x20001fee   0x00000001   Data   RW           22    .data               main.o
    0x20001fef   0x00000001   Data   RW           24    .data               main.o
    0x20001ff0   0x00000001   Data   RW           26    .data               main.o
    0x20001ff1   0x00000001   Data   RW           27    .data               main.o
    0x20001ff2   0x00000001   Data   RW           29    .data               main.o
    0x20001ff3   0x00000001   Data   RW           30    .data               main.o
    0x20001ff4   0x00000001   Data   RW           31    .data               main.o
    0x20001ff5   0x00000001   Data   RW           32    .data               main.o
    0x20001ff6   0x00000001   Data   RW           33    .data               main.o
    0x20001ff7   0x00000001   Data   RW           34    .data               main.o
    0x20001ff8   0x00000001   Data   RW           35    .data               main.o
    0x20001ff9   0x00000003   PAD
    0x20001ffc   0x00000008   Data   RW           36    .data               main.o
    0x20002004   0x00000001   Data   RW           37    .data               main.o
    0x20002005   0x00000001   Data   RW           38    .data               main.o
    0x20002006   0x00000001   Data   RW           39    .data               main.o
    0x20002007   0x00000004   Data   RW           40    .data               main.o
    0x2000200b   0x00000007   Data   RW           41    .data               main.o
    0x20002012   0x00000002   PAD
    0x20002014   0x0000002f   Data   RW          359    .data               hummingbirdbitblecontrol.o
    0x20002043   0x00000001   Data   RW          456    .data               hummingbirdbitbuzzer.o
    0x20002044   0x00000018   Data   RW          541    .data               hummingbirdbitflash.o
    0x2000205c   0x00000020   Data   RW          711    .data               hummingbirdbitledarray.o
    0x2000207c   0x00000001   Data   RW          843    .data               hummingbirdbitpwm.o
    0x2000207d   0x00000003   PAD
    0x20002080   0x00000008   Data   RW         1088    .data               hummingbirdbitspimaster.o
    0x20002088   0x0000000a   Data   RW         1230    .data               hummingbirdbituartcontrol.o
    0x20002092   0x00000004   Data   RW         1319    .data               hummingbirdbitbleinit.o
    0x20002096   0x00000004   Data   RW         1373    .data               hummingbirdbitblecallbacks.o
    0x2000209a   0x00000006   Data   RW         1496    .data               hummingbirdbitmagnetometer.o
    0x200020a0   0x00000008   Data   RW         1612    .data               hummingbirdbitaccelerometer.o
    0x200020a8   0x0000000c   Data   RW         1676    .data               hummingbirdbitcalibration.o
    0x200020b4   0x00000030   Data   RW         1789    .data               ble_advertising.o
    0x200020e4   0x00000014   Data   RW         1872    .data               ble_conn_params.o
    0x200020f8   0x00000008   Data   RW         2742    .data               nrf_drv_ppi.o
    0x20002100   0x00000020   Data   RW         3546    .data               app_timer.o
    0x20002120   0x00000010   Data   RW         3674    .data               app_uart_fifo.o
    0x20002130   0x0000000c   Data   RW         3729    .data               app_util_platform.o
    0x2000213c   0x00000002   Data   RW         3788    .data               fstorage.o
    0x2000213e   0x00000009   Data   RW         3979    .data               app_pwm.o
    0x20002147   0x00000001   PAD
    0x20002148   0x00000014   Data   RW         4321    .data               softdevice_handler.o
    0x2000215c   0x00000004   Data   RW         4536    .data               system_nrf51.o
    0x20002160   0x00000010   Data   RW          542    fs_data             hummingbirdbitflash.o
    0x20002170   0x00000120   Zero   RW            4    .bss                main.o
    0x20002290   0x00000014   Zero   RW            5    .bss                main.o
    0x200022a4   0x0000001c   Zero   RW            6    .bss                main.o
    0x200022c0   0x00000014   Zero   RW            7    .bss                main.o
    0x200022d4   0x00000014   Zero   RW            8    .bss                main.o
    0x200022e8   0x00000014   Zero   RW            9    .bss                main.o
    0x200022fc   0x000000ff   Zero   RW           11    .bss                main.o
    0x200023fb   0x000000ff   Zero   RW           12    .bss                main.o
    0x200024fa   0x00000002   PAD
    0x200024fc   0x00000020   Zero   RW          356    .bss                hummingbirdbitblecontrol.o
    0x2000251c   0x00000028   Zero   RW          357    .bss                hummingbirdbitblecontrol.o
    0x20002544   0x00000020   Zero   RW          452    .bss                hummingbirdbitbuzzer.o
    0x20002564   0x00000024   Zero   RW          453    .bss                hummingbirdbitbuzzer.o
    0x20002588   0x0000000c   Zero   RW          540    .bss                hummingbirdbitflash.o
    0x20002594   0x00000024   Zero   RW          615    .bss                hummingbirdbitio.o
    0x200025b8   0x00000020   Zero   RW          707    .bss                hummingbirdbitledarray.o
    0x200025d8   0x00000020   Zero   RW          708    .bss                hummingbirdbitledarray.o
    0x200025f8   0x000001ae   Zero   RW          709    .bss                hummingbirdbitledarray.o
    0x200027a6   0x00000002   PAD
    0x200027a8   0x00000024   Zero   RW          840    .bss                hummingbirdbitpwm.o
    0x200027cc   0x00000014   Zero   RW         1086    .bss                hummingbirdbitspimaster.o
    0x200027e0   0x00000020   Zero   RW         1160    .bss                hummingbirdbituart.o
    0x20002800   0x00000219   Zero   RW         1161    .bss                hummingbirdbituart.o
    0x20002a19   0x00000003   PAD
    0x20002a1c   0x00000020   Zero   RW         1227    .bss                hummingbirdbituartcontrol.o
    0x20002a3c   0x0000003c   Zero   RW         1228    .bss                hummingbirdbituartcontrol.o
    0x20002a78   0x00000048   Zero   RW         1317    .bss                hummingbirdbitbleinit.o
    0x20002ac0   0x00000013   Zero   RW         1495    .bss                hummingbirdbitmagnetometer.o
    0x20002ad3   0x00000013   Zero   RW         1611    .bss                hummingbirdbitaccelerometer.o
    0x20002ae6   0x00000708   Zero   RW         1675    .bss                hummingbirdbitcalibration.o
    0x200031ee   0x00000002   PAD
    0x200031f0   0x0000016b   Zero   RW         1786    .bss                ble_advertising.o
    0x2000335b   0x00000001   PAD
    0x2000335c   0x00000020   Zero   RW         1787    .bss                ble_advertising.o
    0x2000337c   0x00000020   Zero   RW         1788    .bss                ble_advertising.o
    0x2000339c   0x00000020   Zero   RW         1869    .bss                ble_conn_params.o
    0x200033bc   0x0000001c   Zero   RW         1870    .bss                ble_conn_params.o
    0x200033d8   0x00000014   Zero   RW         2040    .bss                nrf_drv_clock.o
    0x200033ec   0x0000001c   Zero   RW         2243    .bss                nrf_drv_uart.o
    0x20003408   0x00000020   Zero   RW         2405    .bss                nrf_drv_spi.o
    0x20003428   0x00000024   Zero   RW         2602    .bss                nrf_drv_timer.o
    0x2000344c   0x00000028   Zero   RW         2880    .bss                nrf_drv_twi.o
    0x20003474   0x00000014   Zero   RW         3019    .bss                nrf_drv_adc.o
    0x20003488   0x00000048   Zero   RW         3161    .bss                nrf_drv_gpiote.o
    0x200034d0   0x00000020   Zero   RW         3672    .bss                app_uart_fifo.o
    0x200034f0   0x00000068   Zero   RW         3787    .bss                fstorage.o
    0x20003558   0x00000018   Zero   RW         3977    .bss                app_pwm.o
    0x20003570   0x00000800   Zero   RW         4524    STACK               arm_startup_nrf51.o


==============================================================================

Image component sizes


      Code (inc. data)   RO Data    RW Data    ZI Data      Debug   Object Name

        24          4          0          0          0       2097   app_error.o
        28         10          0          0          0        642   app_error_weak.o
       130          0          0          0          0       4939   app_fifo.o
      2414        142         12          9         24      36680   app_pwm.o
      1608        158          0         32          0      41291   app_timer.o
       492         50         32         16         32      10443   app_uart_fifo.o
       104         20          0         12          0       6094   app_util_platform.o
        56         18        192          0       2048        684   arm_startup_nrf51.o
      1368          6          0          0          0      29880   ble_advdata.o
      1000         62          0         48        427       8668   ble_advertising.o
       460         60          4         20         60       5112   ble_conn_params.o
       566         12         16          0          0       5194   ble_nus.o
        14          0          0          0          0       1258   ble_srv_common.o
       980         82          0          2        104      11775   fstorage.o
       836        130          0          8         19       7314   hummingbirdbitaccelerometer.o
       382         46          0          4          0       6662   hummingbirdbitblecallbacks.o
      1224        158          4         47         72      17492   hummingbirdbitblecontrol.o
       412         46          4          4         72       6289   hummingbirdbitbleinit.o
       528         78         60          1         68      14271   hummingbirdbitbuzzer.o
       576         44          0         12       1800       3325   hummingbirdbitcalibration.o
       376         64          0         40         12       6374   hummingbirdbitflash.o
       892         60         16          0         36      12649   hummingbirdbitio.o
      1214        188        580         32        494      16746   hummingbirdbitledarray.o
      1052        190          0          6         19      11277   hummingbirdbitmagnetometer.o
       354         44       1995          0          0       7508   hummingbirdbitnaming.o
       556         66         76          1         36       6105   hummingbirdbitpwm.o
       856         98         32          0          0      15396   hummingbirdbitsensors.o
       248         42          0          0          0       2161   hummingbirdbitsound.o
       208         52         16          8         20       7869   hummingbirdbitspimaster.o
       258         48         28          0        569       8719   hummingbirdbituart.o
      1418        148          4         10         92      11911   hummingbirdbituartcontrol.o
       108          4          0         39        906     112445   main.o
       140         20          0          0          0       4861   nrf_adc.o
       236         50          0          0         20       6390   nrf_drv_adc.o
       276         38          0          0         20      11136   nrf_drv_clock.o
        96         18          0          0          0       8900   nrf_drv_common.o
      1172        116          4          0         72      26399   nrf_drv_gpiote.o
       874         74          0          8          0      19225   nrf_drv_ppi.o
       822         46          0          0         32      16224   nrf_drv_spi.o
       580         54          0          0         36      18623   nrf_drv_timer.o
      1656        100         12          0         40      29855   nrf_drv_twi.o
      1338         52          0          0         28      34974   nrf_drv_uart.o
       528         70          0         20          0      75072   softdevice_handler.o
       232         36          0          4          0       2243   system_nrf51.o

    ----------------------------------------------------------------------
     28734       2804       3120        392       7168     693172   Object Totals
         0          0         32          0          0          0   (incl. Generated)
        42          0          1          9         10          0   (incl. Padding)

    ----------------------------------------------------------------------

      Code (inc. data)   RO Data    RW Data    ZI Data      Debug   Library Member Name

        86          0          0          0          0          0   __dczerorl2.o
         0          0          0          0          0          0   entry.o
         0          0          0          0          0          0   entry10a.o
         0          0          0          0          0          0   entry11a.o
         8          4          0          0          0          0   entry2.o
         4          0          0          0          0          0   entry5.o
         0          0          0          0          0          0   entry7b.o
         0          0          0          0          0          0   entry8b.o
         8          4          0          0          0          0   entry9a.o
        30          0          0          0          0          0   handlers.o
        36          8          0          0          0         68   init.o
        32          0          0          0          0         68   llshl.o
        34          0          0          0          0         68   llushr.o
        36          0          0          0          0         60   memcpya.o
        36          0          0          0          0        100   memseta.o
        14          0          0          0          0         60   strlen.o
        44          0          0          0          0         72   uidiv.o
        96          0          0          0          0         84   uldiv.o

    ----------------------------------------------------------------------
       466         16          0          0          0        580   Library Totals
         2          0          0          0          0          0   (incl. Padding)

    ----------------------------------------------------------------------

      Code (inc. data)   RO Data    RW Data    ZI Data      Debug   Library Name

       464         16          0          0          0        580   mc_p.l

    ----------------------------------------------------------------------
       466         16          0          0          0        580   Library Totals

    ----------------------------------------------------------------------

==============================================================================


      Code (inc. data)   RO Data    RW Data    ZI Data      Debug   

     29200       2820       3120        392       7168     677300   Grand Totals
     29200       2820       3120         84       7168     677300   ELF Image Totals (compressed)
     29200       2820       3120         84          0          0   ROM Totals

==============================================================================

    Total RO  Size (Code + RO Data)                32320 (  31.56kB)
    Total RW  Size (RW Data + ZI Data)              7560 (   7.38kB)
    Total ROM Size (Code + RO Data + RW Data)      32404 (  31.64kB)

==============================================================================

