<html>
<body>
<pre>
<h1>µVision Build Log</h1>
<h2>Tool Versions:</h2>
IDE-Version: µVision V5.23.0.0
Copyright (C) 2017 ARM Ltd and ARM Germany GmbH. All rights reserved.
License Information: Raghunathreddy Jangam, Bird brain, LIC=----
 
Tool Versions:
Toolchain:       MDK-Lite  Version: 5.23
Toolchain Path:  C:\Keil_v5\ARM\ARMCC\Bin
C Compiler:      Armcc.exe V5.06 update 4 (build 422)
Assembler:       Armasm.exe V5.06 update 4 (build 422)
Linker/Locator:  ArmLink.exe V5.06 update 4 (build 422)
Library Manager: ArmAr.exe V5.06 update 4 (build 422)
Hex Converter:   FromElf.exe V5.06 update 4 (build 422)
CPU DLL:         
Dialog DLL:      
Target DLL:      Segger\JL2CM3.dll V2.99.23.0
Dialog DLL:      TARMCM1.DLL V1.12.0.0
 
<h2>Project:</h2>
C:\NRF_SDK\Humming_Bit\HummingbirdBitMicroBit\Hummingbird_Bit_Microbit_Application\Application\ble_app_uart_pca10028_s130.uvprojx
Project File Date:  11/02/2018

<h2>Output:</h2>
*** Using Compiler 'V5.06 update 4 (build 422)', folder: 'C:\Keil_v5\ARM\ARMCC\Bin'
Rebuild target 'nrf51422_xxac'
compiling HummingbirdBitBuzzer.c...
compiling HummingbirdBitBLEControl.c...
Source\HummingbirdBitBLEControl.c(178): warning:  #167-D: argument of type "void (*)()" is incompatible with parameter of type "app_timer_timeout_handler_t"
  	 err_code = app_timer_create(&broadcast_timer_id,APP_TIMER_MODE_REPEATED,broadcast_timer_handler);
Source\HummingbirdBitBLEControl.c(46): warning:  #177-D: function "send_fake_firmware_number"  was declared but never referenced
  static void send_fake_firmware_number()
Source\HummingbirdBitBLEControl.c: 2 warnings, 0 errors
compiling main.c...
compiling HummingbirdBitFlash.c...
Source\HummingbirdBitFlash.c(29): warning:  #550-D: variable "fs_callback_flag"  was set but never used
  static uint8_t fs_callback_flag;
Source\HummingbirdBitFlash.c: 1 warning, 0 errors
compiling HummingbirdBitLEDArray.c...
compiling HummingbirdBitIO.c...
Source\HummingbirdBitIO.c(309): warning:  #188-D: enumerated type mixed with another type
  			 sensor_outputs[i] = nrf_adc_convert_single(PIN_ADC[i]);
Source\HummingbirdBitIO.c: 1 warning, 0 errors
compiling HummingbirdBitSound.c...
compiling HummingbirdBitPWM.c...
Source\HummingbirdBitPWM.c(103): warning:  #177-D: function "PWM_uninit_HB_LEDS"  was declared but never referenced
  static void PWM_uninit_HB_LEDS()
Source\HummingbirdBitPWM.c: 1 warning, 0 errors
compiling HummingbirdBitSensors.c...
compiling HummingbirdBitSPIMaster.c...
compiling HummingbirdBitUART.c...
compiling HummingbirdBitUARTControl.c...
compiling HummingbirdBitNaming.c...
HummingbirdBitNaming.c(26): warning:  #186-D: pointless comparison of unsigned integer with zero
  	if(input >= 0 & input <=9)
HummingbirdBitNaming.c: 1 warning, 0 errors
compiling HummingbirdBitBLEInit.c...
compiling HummingbirdBitBLECallbacks.c...
compiling HummingbirdBitMagnetometer.c...
compiling HummingbirdBitAccelerometer.c...
compiling HummingbirdBitCalibration.c...
compiling ble_advdata.c...
compiling ble_conn_params.c...
compiling ble_advertising.c...
compiling ble_srv_common.c...
compiling ble_nus.c...
compiling nrf_drv_clock.c...
compiling nrf_drv_common.c...
compiling nrf_drv_uart.c...
compiling nrf_soc.c...
compiling nrf_drv_spi.c...
compiling nrf_nvic.c...
compiling nrf_drv_timer.c...
compiling nrf_drv_ppi.c...
compiling nrf_drv_twi.c...
compiling nrf_drv_adc.c...
compiling nrf_adc.c...
compiling app_error.c...
compiling app_button.c...
compiling nrf_drv_gpiote.c...
compiling app_error_weak.c...
compiling app_fifo.c...
compiling app_timer.c...
compiling app_util_platform.c...
compiling app_uart_fifo.c...
compiling fstorage.c...
compiling hardfault_implementation.c...
compiling nrf_assert.c...
compiling sdk_errors.c...
compiling retarget.c...
compiling nrf_log_backend_serial.c...
compiling RTT_Syscalls_KEIL.c...
compiling app_pwm.c...
compiling nrf_log_frontend.c...
compiling SEGGER_RTT_printf.c...
compiling softdevice_handler.c...
"no source": Error:  #5: cannot open source input file "..\..\..\..\..\..\components\softdevice\common\softdevice_handler\softdevice_handler.c": No such file or directory
..\..\..\..\..\..\components\softdevice\common\softdevice_handler\softdevice_handler.c: 0 warnings, 1 error
assembling arm_startup_nrf51.s...
compiling SEGGER_RTT.c...
compiling system_nrf51.c...
linking...
Program Size: Code=28728 RO-data=3116 RW-data=380 ZI-data=7116  
FromELF: creating hex file...
".\_build\nrf51422_xxac.axf" - 0 Error(s), 6 Warning(s).

<h2>Software Packages used:</h2>

Package Vendor: ARM
                http://www.keil.com/pack/ARM.CMSIS.4.5.0.pack
                ARM::CMSIS:CORE:4.3.0
                CMSIS (Cortex Microcontroller Software Interface Standard)
   * Component: CORE Version: 4.3.0

Package Vendor: NordicSemiconductor
                http://developer.nordicsemi.com/nRF5_SDK/pieces/nRF_DeviceFamilyPack/NordicSemiconductor.nRF_DeviceFamilyPack.8.11.1.pack
                NordicSemiconductor::Device:Startup:8.11.1
                Nordic Semiconductor nRF ARM devices Device Family Pack.
   * Component: Startup Version: 8.11.1

<h2>Collection of Component include folders:</h2>
  .\RTE\_nrf51422_xxac
  C:\Keil_v5\ARM\PACK\ARM\CMSIS\4.5.0\CMSIS\Include
  C:\Keil_v5\ARM\PACK\NordicSemiconductor\nRF_DeviceFamilyPack\8.11.1\Device\Include
  C:\Keil_v5\ARM\PACK\NordicSemiconductor\nRF_DeviceFamilyPack\8.14.1\Device\Include

<h2>Collection of Component Files used:</h2>

   * Component: ARM::CMSIS:CORE:4.3.0

   * Component: NordicSemiconductor::Device:Startup:8.11.1
      Include file:  Device\Include\system_nrf51.h
      Source file:   Device\Source\system_nrf51.c
      Source file:   Device\Source\arm\arm_startup_nrf51.s
Build Time Elapsed:  00:00:12
</pre>
</body>
</html>
